<html>
<body>
<pre>
<h1>礦ision Build Log</h1>
<h2>Tool Versions:</h2>
IDE-Version: μVision V5.18.0.0
Copyright (C) 2016 ARM Ltd and ARM Germany GmbH. All rights reserved.
License Information: Numb Fish, N, LIC=WHY12-9E5HE-UFHI2-93RAD-QR677-TPXRU
 
Tool Versions:
Toolchain:       MDK-ARM Standard  Version: 5.18
Toolchain Path:  E:\Keil_MDK_V518\ARM\ARMCC\Bin
C Compiler:      Armcc.exe V5.06 update 1 (build 61)
Assembler:       Armasm.exe V5.06 update 1 (build 61)
Linker/Locator:  ArmLink.exe V5.06 update 1 (build 61)
Library Manager: ArmAr.exe V5.06 update 1 (build 61)
Hex Converter:   FromElf.exe V5.06 update 1 (build 61)
CPU DLL:         SARMCM3.DLL V5.18
Dialog DLL:      DCM.DLL V1.13.6.0
Target DLL:      CMSIS_AGDI.dll V1.25.7.0
Dialog DLL:      TCM.DLL V1.14.8.0
 
<h2>Project:</h2>
C:\Users\Shinelon\Documents\GitHub\RubiksCubeRobot\RCR_ch\单片机程序\stm32\Project\RVMDK（uv5）\BH-F429.uvprojx
Project File Date:  04/21/2019

<h2>Output:</h2>
*** Using Compiler 'V5.06 update 1 (build 61)', folder: 'E:\Keil_MDK_V518\ARM\ARMCC\Bin'
Build target 'BH-MSD4805'
compiling Clock.c...
linking...
Program Size: Code=8372 RO-data=616 RW-data=61692 ZI-data=1572  
FromELF: creating hex file...
"..\..\Output\MSD.axf" - 0 Error(s), 0 Warning(s).

<h2>Collection of Component include folders:</h2>
  C:\Users\Shinelon\Documents\GitHub\RubiksCubeRobot\RCR_ch\单片机程序\stm32\Project\RVMDK（uv5）\RTE
  E:\Keil_MDK_V518\ARM\PACK\Keil\STM32F4xx_DFP\2.7.0\Drivers\CMSIS\Device\ST\STM32F4xx\Include

<h2>Collection of Component Files used:</h2>
Build Time Elapsed:  00:00:02
</pre>
</body>
</html>
