<!doctype html public "-//w3c//dtd html 4.0 transitional//en">
<html><head>
<title>Static Call Graph - [..\..\Output\MSD.axf]</title></head>
<body><HR>
<H1>Static Call Graph for image ..\..\Output\MSD.axf</H1><HR>
<BR><P>#&#060CALLGRAPH&#062# ARM Linker, 5060061: Last Updated: Sat May 04 00:43:00 2019
<BR><P>
<H3>Maximum Stack Usage =        124 bytes + Unknown(Cycles, Untraceable Function Pointers)</H3><H3>
Call chain for Maximum Stack Depth:</H3>
main &rArr; InitAll &rArr; InitAll_USART &rArr; InitUsart &rArr; Usart_Config &rArr; USART_Init &rArr; RCC_GetClocksFreq
<P>
<H3>
Mutually Recursive functions
</H3> <LI><a href="#[26]">ADC_IRQHandler</a>&nbsp;&nbsp;&nbsp;&rArr;&nbsp;&nbsp;&nbsp;<a href="#[26]">ADC_IRQHandler</a><BR>
</UL>
<P>
<H3>
Function Pointers
</H3><UL>
 <LI><a href="#[26]">ADC_IRQHandler</a> from startup_stm32f429_439xx.o(.text) referenced from startup_stm32f429_439xx.o(RESET)
 <LI><a href="#[e]">BusFault_Handler</a> from stm32f4xx_it.o(i.BusFault_Handler) referenced from startup_stm32f429_439xx.o(RESET)
 <LI><a href="#[28]">CAN1_RX0_IRQHandler</a> from startup_stm32f429_439xx.o(.text) referenced from startup_stm32f429_439xx.o(RESET)
 <LI><a href="#[29]">CAN1_RX1_IRQHandler</a> from startup_stm32f429_439xx.o(.text) referenced from startup_stm32f429_439xx.o(RESET)
 <LI><a href="#[2a]">CAN1_SCE_IRQHandler</a> from startup_stm32f429_439xx.o(.text) referenced from startup_stm32f429_439xx.o(RESET)
 <LI><a href="#[27]">CAN1_TX_IRQHandler</a> from startup_stm32f429_439xx.o(.text) referenced from startup_stm32f429_439xx.o(RESET)
 <LI><a href="#[50]">CAN2_RX0_IRQHandler</a> from startup_stm32f429_439xx.o(.text) referenced from startup_stm32f429_439xx.o(RESET)
 <LI><a href="#[51]">CAN2_RX1_IRQHandler</a> from startup_stm32f429_439xx.o(.text) referenced from startup_stm32f429_439xx.o(RESET)
 <LI><a href="#[52]">CAN2_SCE_IRQHandler</a> from startup_stm32f429_439xx.o(.text) referenced from startup_stm32f429_439xx.o(RESET)
 <LI><a href="#[4f]">CAN2_TX_IRQHandler</a> from startup_stm32f429_439xx.o(.text) referenced from startup_stm32f429_439xx.o(RESET)
 <LI><a href="#[5f]">CRYP_IRQHandler</a> from startup_stm32f429_439xx.o(.text) referenced from startup_stm32f429_439xx.o(RESET)
 <LI><a href="#[5e]">DCMI_IRQHandler</a> from startup_stm32f429_439xx.o(.text) referenced from startup_stm32f429_439xx.o(RESET)
 <LI><a href="#[1f]">DMA1_Stream0_IRQHandler</a> from startup_stm32f429_439xx.o(.text) referenced from startup_stm32f429_439xx.o(RESET)
 <LI><a href="#[20]">DMA1_Stream1_IRQHandler</a> from startup_stm32f429_439xx.o(.text) referenced from startup_stm32f429_439xx.o(RESET)
 <LI><a href="#[21]">DMA1_Stream2_IRQHandler</a> from startup_stm32f429_439xx.o(.text) referenced from startup_stm32f429_439xx.o(RESET)
 <LI><a href="#[22]">DMA1_Stream3_IRQHandler</a> from startup_stm32f429_439xx.o(.text) referenced from startup_stm32f429_439xx.o(RESET)
 <LI><a href="#[23]">DMA1_Stream4_IRQHandler</a> from startup_stm32f429_439xx.o(.text) referenced from startup_stm32f429_439xx.o(RESET)
 <LI><a href="#[24]">DMA1_Stream5_IRQHandler</a> from startup_stm32f429_439xx.o(.text) referenced from startup_stm32f429_439xx.o(RESET)
 <LI><a href="#[25]">DMA1_Stream6_IRQHandler</a> from startup_stm32f429_439xx.o(.text) referenced from startup_stm32f429_439xx.o(RESET)
 <LI><a href="#[3f]">DMA1_Stream7_IRQHandler</a> from startup_stm32f429_439xx.o(.text) referenced from startup_stm32f429_439xx.o(RESET)
 <LI><a href="#[6a]">DMA2D_IRQHandler</a> from startup_stm32f429_439xx.o(.text) referenced from startup_stm32f429_439xx.o(RESET)
 <LI><a href="#[48]">DMA2_Stream0_IRQHandler</a> from startup_stm32f429_439xx.o(.text) referenced from startup_stm32f429_439xx.o(RESET)
 <LI><a href="#[49]">DMA2_Stream1_IRQHandler</a> from startup_stm32f429_439xx.o(.text) referenced from startup_stm32f429_439xx.o(RESET)
 <LI><a href="#[4a]">DMA2_Stream2_IRQHandler</a> from startup_stm32f429_439xx.o(.text) referenced from startup_stm32f429_439xx.o(RESET)
 <LI><a href="#[4b]">DMA2_Stream3_IRQHandler</a> from startup_stm32f429_439xx.o(.text) referenced from startup_stm32f429_439xx.o(RESET)
 <LI><a href="#[4c]">DMA2_Stream4_IRQHandler</a> from startup_stm32f429_439xx.o(.text) referenced from startup_stm32f429_439xx.o(RESET)
 <LI><a href="#[54]">DMA2_Stream5_IRQHandler</a> from startup_stm32f429_439xx.o(.text) referenced from startup_stm32f429_439xx.o(RESET)
 <LI><a href="#[55]">DMA2_Stream6_IRQHandler</a> from startup_stm32f429_439xx.o(.text) referenced from startup_stm32f429_439xx.o(RESET)
 <LI><a href="#[56]">DMA2_Stream7_IRQHandler</a> from startup_stm32f429_439xx.o(.text) referenced from startup_stm32f429_439xx.o(RESET)
 <LI><a href="#[11]">DebugMon_Handler</a> from stm32f4xx_it.o(i.DebugMon_Handler) referenced from startup_stm32f429_439xx.o(RESET)
 <LI><a href="#[4d]">ETH_IRQHandler</a> from startup_stm32f429_439xx.o(.text) referenced from startup_stm32f429_439xx.o(RESET)
 <LI><a href="#[4e]">ETH_WKUP_IRQHandler</a> from startup_stm32f429_439xx.o(.text) referenced from startup_stm32f429_439xx.o(RESET)
 <LI><a href="#[1a]">EXTI0_IRQHandler</a> from stm32f4xx_it.o(i.EXTI0_IRQHandler) referenced from config.o(.constdata)
 <LI><a href="#[1a]">EXTI0_IRQHandler</a> from stm32f4xx_it.o(i.EXTI0_IRQHandler) referenced from startup_stm32f429_439xx.o(RESET)
 <LI><a href="#[38]">EXTI15_10_IRQHandler</a> from stm32f4xx_it.o(i.EXTI15_10_IRQHandler) referenced from config.o(.constdata)
 <LI><a href="#[38]">EXTI15_10_IRQHandler</a> from stm32f4xx_it.o(i.EXTI15_10_IRQHandler) referenced from startup_stm32f429_439xx.o(RESET)
 <LI><a href="#[1b]">EXTI1_IRQHandler</a> from startup_stm32f429_439xx.o(.text) referenced from startup_stm32f429_439xx.o(RESET)
 <LI><a href="#[1c]">EXTI2_IRQHandler</a> from startup_stm32f429_439xx.o(.text) referenced from startup_stm32f429_439xx.o(RESET)
 <LI><a href="#[1d]">EXTI3_IRQHandler</a> from startup_stm32f429_439xx.o(.text) referenced from startup_stm32f429_439xx.o(RESET)
 <LI><a href="#[1e]">EXTI4_IRQHandler</a> from startup_stm32f429_439xx.o(.text) referenced from startup_stm32f429_439xx.o(RESET)
 <LI><a href="#[2b]">EXTI9_5_IRQHandler</a> from startup_stm32f429_439xx.o(.text) referenced from startup_stm32f429_439xx.o(RESET)
 <LI><a href="#[18]">FLASH_IRQHandler</a> from startup_stm32f429_439xx.o(.text) referenced from startup_stm32f429_439xx.o(RESET)
 <LI><a href="#[40]">FMC_IRQHandler</a> from startup_stm32f429_439xx.o(.text) referenced from startup_stm32f429_439xx.o(RESET)
 <LI><a href="#[61]">FPU_IRQHandler</a> from startup_stm32f429_439xx.o(.text) referenced from startup_stm32f429_439xx.o(RESET)
 <LI><a href="#[60]">HASH_RNG_IRQHandler</a> from startup_stm32f429_439xx.o(.text) referenced from startup_stm32f429_439xx.o(RESET)
 <LI><a href="#[c]">HardFault_Handler</a> from stm32f4xx_it.o(i.HardFault_Handler) referenced from startup_stm32f429_439xx.o(RESET)
 <LI><a href="#[31]">I2C1_ER_IRQHandler</a> from startup_stm32f429_439xx.o(.text) referenced from startup_stm32f429_439xx.o(RESET)
 <LI><a href="#[30]">I2C1_EV_IRQHandler</a> from startup_stm32f429_439xx.o(.text) referenced from startup_stm32f429_439xx.o(RESET)
 <LI><a href="#[33]">I2C2_ER_IRQHandler</a> from startup_stm32f429_439xx.o(.text) referenced from startup_stm32f429_439xx.o(RESET)
 <LI><a href="#[32]">I2C2_EV_IRQHandler</a> from startup_stm32f429_439xx.o(.text) referenced from startup_stm32f429_439xx.o(RESET)
 <LI><a href="#[59]">I2C3_ER_IRQHandler</a> from startup_stm32f429_439xx.o(.text) referenced from startup_stm32f429_439xx.o(RESET)
 <LI><a href="#[58]">I2C3_EV_IRQHandler</a> from startup_stm32f429_439xx.o(.text) referenced from startup_stm32f429_439xx.o(RESET)
 <LI><a href="#[6e]">InvokerClear</a> from order.o(i.InvokerClear) referenced from order.o(i.NewInvoker)
 <LI><a href="#[6f]">InvokerDoOrder</a> from order.o(i.InvokerDoOrder) referenced from order.o(i.NewInvoker)
 <LI><a href="#[70]">InvokerSetOrder</a> from order.o(i.InvokerSetOrder) referenced from order.o(i.NewInvoker)
 <LI><a href="#[69]">LTDC_ER_IRQHandler</a> from startup_stm32f429_439xx.o(.text) referenced from startup_stm32f429_439xx.o(RESET)
 <LI><a href="#[68]">LTDC_IRQHandler</a> from startup_stm32f429_439xx.o(.text) referenced from startup_stm32f429_439xx.o(RESET)
 <LI><a href="#[d]">MemManage_Handler</a> from stm32f4xx_it.o(i.MemManage_Handler) referenced from startup_stm32f429_439xx.o(RESET)
 <LI><a href="#[b]">NMI_Handler</a> from stm32f4xx_it.o(i.NMI_Handler) referenced from startup_stm32f429_439xx.o(RESET)
 <LI><a href="#[53]">OTG_FS_IRQHandler</a> from startup_stm32f429_439xx.o(.text) referenced from startup_stm32f429_439xx.o(RESET)
 <LI><a href="#[3a]">OTG_FS_WKUP_IRQHandler</a> from startup_stm32f429_439xx.o(.text) referenced from startup_stm32f429_439xx.o(RESET)
 <LI><a href="#[5b]">OTG_HS_EP1_IN_IRQHandler</a> from startup_stm32f429_439xx.o(.text) referenced from startup_stm32f429_439xx.o(RESET)
 <LI><a href="#[5a]">OTG_HS_EP1_OUT_IRQHandler</a> from startup_stm32f429_439xx.o(.text) referenced from startup_stm32f429_439xx.o(RESET)
 <LI><a href="#[5d]">OTG_HS_IRQHandler</a> from startup_stm32f429_439xx.o(.text) referenced from startup_stm32f429_439xx.o(RESET)
 <LI><a href="#[5c]">OTG_HS_WKUP_IRQHandler</a> from startup_stm32f429_439xx.o(.text) referenced from startup_stm32f429_439xx.o(RESET)
 <LI><a href="#[72]">OrderACADo</a> from order.o(i.OrderACADo) referenced from order.o(i.NewOrderACA)
 <LI><a href="#[73]">OrderACSDo</a> from order.o(i.OrderACSDo) referenced from order.o(i.NewOrderACS)
 <LI><a href="#[74]">OrderDCADo</a> from order.o(i.OrderDCADo) referenced from order.o(i.NewOrderDCA)
 <LI><a href="#[75]">OrderDCSDo</a> from order.o(i.OrderDCSDo) referenced from order.o(i.NewOrderDCS)
 <LI><a href="#[76]">OrderDM2Do</a> from order.o(i.OrderDM2Do) referenced from order.o(i.NewOrderDM2)
 <LI><a href="#[77]">OrderDMADo</a> from order.o(i.OrderDMADo) referenced from order.o(i.NewOrderDMA)
 <LI><a href="#[78]">OrderDMFDo</a> from order.o(i.OrderDMFDo) referenced from order.o(i.NewOrderDMF)
 <LI><a href="#[79]">OrderDMRDo</a> from order.o(i.OrderDMRDo) referenced from order.o(i.NewOrderDMR)
 <LI><a href="#[7a]">OrderDMSDo</a> from order.o(i.OrderDMSDo) referenced from order.o(i.NewOrderDMS)
 <LI><a href="#[71]">OrderDo</a> from order.o(i.OrderDo) referenced from order.o(i.NewOrder)
 <LI><a href="#[7b]">OrderENDDo</a> from order.o(i.OrderENDDo) referenced from order.o(i.NewOrderEND)
 <LI><a href="#[7c]">OrderERRDo</a> from order.o(i.OrderERRDo) referenced from order.o(i.NewOrderERR)
 <LI><a href="#[7d]">OrderLCADo</a> from order.o(i.OrderLCADo) referenced from order.o(i.NewOrderLCA)
 <LI><a href="#[7e]">OrderLCSDo</a> from order.o(i.OrderLCSDo) referenced from order.o(i.NewOrderLCS)
 <LI><a href="#[7f]">OrderLM2Do</a> from order.o(i.OrderLM2Do) referenced from order.o(i.NewOrderLM2)
 <LI><a href="#[80]">OrderLMADo</a> from order.o(i.OrderLMADo) referenced from order.o(i.NewOrderLMA)
 <LI><a href="#[81]">OrderLMFDo</a> from order.o(i.OrderLMFDo) referenced from order.o(i.NewOrderLMF)
 <LI><a href="#[82]">OrderLMRDo</a> from order.o(i.OrderLMRDo) referenced from order.o(i.NewOrderLMR)
 <LI><a href="#[83]">OrderLMSDo</a> from order.o(i.OrderLMSDo) referenced from order.o(i.NewOrderLMS)
 <LI><a href="#[84]">OrderRESDo</a> from order.o(i.OrderRESDo) referenced from order.o(i.NewOrderRES)
 <LI><a href="#[85]">OrderSTADo</a> from order.o(i.OrderSTADo) referenced from order.o(i.NewOrderSTA)
 <LI><a href="#[15]">PVD_IRQHandler</a> from startup_stm32f429_439xx.o(.text) referenced from startup_stm32f429_439xx.o(RESET)
 <LI><a href="#[12]">PendSV_Handler</a> from stm32f4xx_it.o(i.PendSV_Handler) referenced from startup_stm32f429_439xx.o(RESET)
 <LI><a href="#[8]">RCC_AHB1PeriphClockCmd</a> from stm32f4xx_rcc.o(i.RCC_AHB1PeriphClockCmd) referenced 12 times from config.o(.data)
 <LI><a href="#[3]">RCC_APB1PeriphClockCmd</a> from stm32f4xx_rcc.o(i.RCC_APB1PeriphClockCmd) referenced 4 times from config.o(.data)
 <LI><a href="#[0]">RCC_APB2PeriphClockCmd</a> from stm32f4xx_rcc.o(i.RCC_APB2PeriphClockCmd) referenced 2 times from config.o(.data)
 <LI><a href="#[19]">RCC_IRQHandler</a> from startup_stm32f429_439xx.o(.text) referenced from startup_stm32f429_439xx.o(RESET)
 <LI><a href="#[39]">RTC_Alarm_IRQHandler</a> from startup_stm32f429_439xx.o(.text) referenced from startup_stm32f429_439xx.o(RESET)
 <LI><a href="#[17]">RTC_WKUP_IRQHandler</a> from startup_stm32f429_439xx.o(.text) referenced from startup_stm32f429_439xx.o(RESET)
 <LI><a href="#[a]">Reset_Handler</a> from startup_stm32f429_439xx.o(.text) referenced from startup_stm32f429_439xx.o(RESET)
 <LI><a href="#[67]">SAI1_IRQHandler</a> from startup_stm32f429_439xx.o(.text) referenced from startup_stm32f429_439xx.o(RESET)
 <LI><a href="#[41]">SDIO_IRQHandler</a> from startup_stm32f429_439xx.o(.text) referenced from startup_stm32f429_439xx.o(RESET)
 <LI><a href="#[34]">SPI1_IRQHandler</a> from startup_stm32f429_439xx.o(.text) referenced from startup_stm32f429_439xx.o(RESET)
 <LI><a href="#[35]">SPI2_IRQHandler</a> from startup_stm32f429_439xx.o(.text) referenced from startup_stm32f429_439xx.o(RESET)
 <LI><a href="#[43]">SPI3_IRQHandler</a> from startup_stm32f429_439xx.o(.text) referenced from startup_stm32f429_439xx.o(RESET)
 <LI><a href="#[64]">SPI4_IRQHandler</a> from startup_stm32f429_439xx.o(.text) referenced from startup_stm32f429_439xx.o(RESET)
 <LI><a href="#[65]">SPI5_IRQHandler</a> from startup_stm32f429_439xx.o(.text) referenced from startup_stm32f429_439xx.o(RESET)
 <LI><a href="#[66]">SPI6_IRQHandler</a> from startup_stm32f429_439xx.o(.text) referenced from startup_stm32f429_439xx.o(RESET)
 <LI><a href="#[10]">SVC_Handler</a> from stm32f4xx_it.o(i.SVC_Handler) referenced from startup_stm32f429_439xx.o(RESET)
 <LI><a href="#[13]">SysTick_Handler</a> from stm32f4xx_it.o(i.SysTick_Handler) referenced from startup_stm32f429_439xx.o(RESET)
 <LI><a href="#[6c]">SystemInit</a> from system_stm32f4xx.o(i.SystemInit) referenced from startup_stm32f429_439xx.o(.text)
 <LI><a href="#[16]">TAMP_STAMP_IRQHandler</a> from startup_stm32f429_439xx.o(.text) referenced from startup_stm32f429_439xx.o(RESET)
 <LI><a href="#[2c]">TIM1_BRK_TIM9_IRQHandler</a> from startup_stm32f429_439xx.o(.text) referenced from startup_stm32f429_439xx.o(RESET)
 <LI><a href="#[2e]">TIM1_CC_IRQHandler</a> from startup_stm32f429_439xx.o(.text) referenced from startup_stm32f429_439xx.o(RESET)
 <LI><a href="#[2d]">TIM1_TRG_COM_TIM11_IRQHandler</a> from startup_stm32f429_439xx.o(.text) referenced from startup_stm32f429_439xx.o(RESET)
 <LI><a href="#[1]">TIM1_UP_TIM10_IRQHandler</a> from stm32f4xx_it.o(i.TIM1_UP_TIM10_IRQHandler) referenced 2 times from config.o(.data)
 <LI><a href="#[1]">TIM1_UP_TIM10_IRQHandler</a> from stm32f4xx_it.o(i.TIM1_UP_TIM10_IRQHandler) referenced from startup_stm32f429_439xx.o(RESET)
 <LI><a href="#[7]">TIM2_IRQHandler</a> from stm32f4xx_it.o(i.TIM2_IRQHandler) referenced 2 times from config.o(.data)
 <LI><a href="#[7]">TIM2_IRQHandler</a> from stm32f4xx_it.o(i.TIM2_IRQHandler) referenced from startup_stm32f429_439xx.o(RESET)
 <LI><a href="#[9]">TIM3_IRQHandler</a> from stm32f4xx_it.o(i.TIM3_IRQHandler) referenced 2 times from config.o(.data)
 <LI><a href="#[9]">TIM3_IRQHandler</a> from stm32f4xx_it.o(i.TIM3_IRQHandler) referenced from startup_stm32f429_439xx.o(RESET)
 <LI><a href="#[2f]">TIM4_IRQHandler</a> from startup_stm32f429_439xx.o(.text) referenced from startup_stm32f429_439xx.o(RESET)
 <LI><a href="#[42]">TIM5_IRQHandler</a> from startup_stm32f429_439xx.o(.text) referenced from startup_stm32f429_439xx.o(RESET)
 <LI><a href="#[46]">TIM6_DAC_IRQHandler</a> from startup_stm32f429_439xx.o(.text) referenced from startup_stm32f429_439xx.o(RESET)
 <LI><a href="#[47]">TIM7_IRQHandler</a> from startup_stm32f429_439xx.o(.text) referenced from startup_stm32f429_439xx.o(RESET)
 <LI><a href="#[3b]">TIM8_BRK_TIM12_IRQHandler</a> from startup_stm32f429_439xx.o(.text) referenced from startup_stm32f429_439xx.o(RESET)
 <LI><a href="#[3e]">TIM8_CC_IRQHandler</a> from startup_stm32f429_439xx.o(.text) referenced from startup_stm32f429_439xx.o(RESET)
 <LI><a href="#[3d]">TIM8_TRG_COM_TIM14_IRQHandler</a> from startup_stm32f429_439xx.o(.text) referenced from startup_stm32f429_439xx.o(RESET)
 <LI><a href="#[3c]">TIM8_UP_TIM13_IRQHandler</a> from startup_stm32f429_439xx.o(.text) referenced from startup_stm32f429_439xx.o(RESET)
 <LI><a href="#[4]">TIM_OC4Init</a> from stm32f4xx_tim.o(i.TIM_OC4Init) referenced 4 times from config.o(.data)
 <LI><a href="#[5]">TIM_OC4PreloadConfig</a> from stm32f4xx_tim.o(i.TIM_OC4PreloadConfig) referenced 4 times from config.o(.data)
 <LI><a href="#[6]">TIM_SetCompare4</a> from stm32f4xx_tim.o(i.TIM_SetCompare4) referenced 4 times from config.o(.data)
 <LI><a href="#[44]">UART4_IRQHandler</a> from startup_stm32f429_439xx.o(.text) referenced from startup_stm32f429_439xx.o(RESET)
 <LI><a href="#[45]">UART5_IRQHandler</a> from startup_stm32f429_439xx.o(.text) referenced from startup_stm32f429_439xx.o(RESET)
 <LI><a href="#[62]">UART7_IRQHandler</a> from startup_stm32f429_439xx.o(.text) referenced from startup_stm32f429_439xx.o(RESET)
 <LI><a href="#[63]">UART8_IRQHandler</a> from startup_stm32f429_439xx.o(.text) referenced from startup_stm32f429_439xx.o(RESET)
 <LI><a href="#[2]">USART1_IRQHandler</a> from stm32f4xx_it.o(i.USART1_IRQHandler) referenced 2 times from config.o(.data)
 <LI><a href="#[2]">USART1_IRQHandler</a> from stm32f4xx_it.o(i.USART1_IRQHandler) referenced from startup_stm32f429_439xx.o(RESET)
 <LI><a href="#[36]">USART2_IRQHandler</a> from startup_stm32f429_439xx.o(.text) referenced from startup_stm32f429_439xx.o(RESET)
 <LI><a href="#[37]">USART3_IRQHandler</a> from startup_stm32f429_439xx.o(.text) referenced from startup_stm32f429_439xx.o(RESET)
 <LI><a href="#[57]">USART6_IRQHandler</a> from startup_stm32f429_439xx.o(.text) referenced from startup_stm32f429_439xx.o(RESET)
 <LI><a href="#[f]">UsageFault_Handler</a> from stm32f4xx_it.o(i.UsageFault_Handler) referenced from startup_stm32f429_439xx.o(RESET)
 <LI><a href="#[86]">VectorOrderClear</a> from orders.o(i.VectorOrderClear) referenced from orders.o(i.NewVectorOrder)
 <LI><a href="#[87]">VectorOrderFind</a> from orders.o(i.VectorOrderFind) referenced from orders.o(i.NewVectorOrder)
 <LI><a href="#[88]">VectorOrderPushBack</a> from orders.o(i.VectorOrderPushBack) referenced from orders.o(i.NewVectorOrder)
 <LI><a href="#[89]">VectorOrderSetData</a> from orders.o(i.VectorOrderSetData) referenced from orders.o(i.NewVectorOrder)
 <LI><a href="#[8a]">VectorOrderSize</a> from orders.o(i.VectorOrderSize) referenced from orders.o(i.NewVectorOrder)
 <LI><a href="#[14]">WWDG_IRQHandler</a> from startup_stm32f429_439xx.o(.text) referenced from startup_stm32f429_439xx.o(RESET)
 <LI><a href="#[6d]">__main</a> from entry.o(.ARM.Collect$$$$00000000) referenced from startup_stm32f429_439xx.o(.text)
 <LI><a href="#[8b]">fputc</a> from usart.o(i.fputc) referenced from printfb.o(i.__0printf$bare)
 <LI><a href="#[6b]">main</a> from main.o(i.main) referenced from entry9a.o(.ARM.Collect$$$$0000000B)
</UL>
<P>
<H3>
Global Symbols
</H3>
<P><STRONG><a name="[6d]"></a>__main</STRONG> (Thumb, 0 bytes, Stack size unknown bytes, entry.o(.ARM.Collect$$$$00000000))
<BR>[Address Reference Count : 1]<UL><LI> startup_stm32f429_439xx.o(.text)
</UL>
<P><STRONG><a name="[100]"></a>_main_stk</STRONG> (Thumb, 0 bytes, Stack size unknown bytes, entry2.o(.ARM.Collect$$$$00000001))

<P><STRONG><a name="[8c]"></a>_main_scatterload</STRONG> (Thumb, 0 bytes, Stack size unknown bytes, entry5.o(.ARM.Collect$$$$00000004))
<BR><BR>[Calls]<UL><LI><a href="#[8d]">&gt;&gt;</a>&nbsp;&nbsp;&nbsp;__scatterload
</UL>

<P><STRONG><a name="[91]"></a>__main_after_scatterload</STRONG> (Thumb, 0 bytes, Stack size unknown bytes, entry5.o(.ARM.Collect$$$$00000004))
<BR><BR>[Called By]<UL><LI><a href="#[8d]">&gt;&gt;</a>&nbsp;&nbsp;&nbsp;__scatterload
</UL>

<P><STRONG><a name="[101]"></a>_main_clock</STRONG> (Thumb, 0 bytes, Stack size unknown bytes, entry7b.o(.ARM.Collect$$$$00000008))

<P><STRONG><a name="[102]"></a>_main_cpp_init</STRONG> (Thumb, 0 bytes, Stack size unknown bytes, entry8b.o(.ARM.Collect$$$$0000000A))

<P><STRONG><a name="[103]"></a>_main_init</STRONG> (Thumb, 0 bytes, Stack size unknown bytes, entry9a.o(.ARM.Collect$$$$0000000B))

<P><STRONG><a name="[104]"></a>__rt_final_cpp</STRONG> (Thumb, 0 bytes, Stack size unknown bytes, entry10a.o(.ARM.Collect$$$$0000000D))

<P><STRONG><a name="[105]"></a>__rt_final_exit</STRONG> (Thumb, 0 bytes, Stack size unknown bytes, entry11a.o(.ARM.Collect$$$$0000000F))

<P><STRONG><a name="[a]"></a>Reset_Handler</STRONG> (Thumb, 8 bytes, Stack size 0 bytes, startup_stm32f429_439xx.o(.text))
<BR>[Address Reference Count : 1]<UL><LI> startup_stm32f429_439xx.o(RESET)
</UL>
<P><STRONG><a name="[26]"></a>ADC_IRQHandler</STRONG> (Thumb, 0 bytes, Stack size 0 bytes, startup_stm32f429_439xx.o(.text))
<BR><BR>[Calls]<UL><LI><a href="#[26]">&gt;&gt;</a>&nbsp;&nbsp;&nbsp;ADC_IRQHandler
</UL>
<BR>[Called By]<UL><LI><a href="#[26]">&gt;&gt;</a>&nbsp;&nbsp;&nbsp;ADC_IRQHandler
</UL>
<BR>[Address Reference Count : 1]<UL><LI> startup_stm32f429_439xx.o(RESET)
</UL>
<P><STRONG><a name="[28]"></a>CAN1_RX0_IRQHandler</STRONG> (Thumb, 0 bytes, Stack size 0 bytes, startup_stm32f429_439xx.o(.text))
<BR>[Address Reference Count : 1]<UL><LI> startup_stm32f429_439xx.o(RESET)
</UL>
<P><STRONG><a name="[29]"></a>CAN1_RX1_IRQHandler</STRONG> (Thumb, 0 bytes, Stack size 0 bytes, startup_stm32f429_439xx.o(.text))
<BR>[Address Reference Count : 1]<UL><LI> startup_stm32f429_439xx.o(RESET)
</UL>
<P><STRONG><a name="[2a]"></a>CAN1_SCE_IRQHandler</STRONG> (Thumb, 0 bytes, Stack size 0 bytes, startup_stm32f429_439xx.o(.text))
<BR>[Address Reference Count : 1]<UL><LI> startup_stm32f429_439xx.o(RESET)
</UL>
<P><STRONG><a name="[27]"></a>CAN1_TX_IRQHandler</STRONG> (Thumb, 0 bytes, Stack size 0 bytes, startup_stm32f429_439xx.o(.text))
<BR>[Address Reference Count : 1]<UL><LI> startup_stm32f429_439xx.o(RESET)
</UL>
<P><STRONG><a name="[50]"></a>CAN2_RX0_IRQHandler</STRONG> (Thumb, 0 bytes, Stack size 0 bytes, startup_stm32f429_439xx.o(.text))
<BR>[Address Reference Count : 1]<UL><LI> startup_stm32f429_439xx.o(RESET)
</UL>
<P><STRONG><a name="[51]"></a>CAN2_RX1_IRQHandler</STRONG> (Thumb, 0 bytes, Stack size 0 bytes, startup_stm32f429_439xx.o(.text))
<BR>[Address Reference Count : 1]<UL><LI> startup_stm32f429_439xx.o(RESET)
</UL>
<P><STRONG><a name="[52]"></a>CAN2_SCE_IRQHandler</STRONG> (Thumb, 0 bytes, Stack size 0 bytes, startup_stm32f429_439xx.o(.text))
<BR>[Address Reference Count : 1]<UL><LI> startup_stm32f429_439xx.o(RESET)
</UL>
<P><STRONG><a name="[4f]"></a>CAN2_TX_IRQHandler</STRONG> (Thumb, 0 bytes, Stack size 0 bytes, startup_stm32f429_439xx.o(.text))
<BR>[Address Reference Count : 1]<UL><LI> startup_stm32f429_439xx.o(RESET)
</UL>
<P><STRONG><a name="[5f]"></a>CRYP_IRQHandler</STRONG> (Thumb, 0 bytes, Stack size 0 bytes, startup_stm32f429_439xx.o(.text))
<BR>[Address Reference Count : 1]<UL><LI> startup_stm32f429_439xx.o(RESET)
</UL>
<P><STRONG><a name="[5e]"></a>DCMI_IRQHandler</STRONG> (Thumb, 0 bytes, Stack size 0 bytes, startup_stm32f429_439xx.o(.text))
<BR>[Address Reference Count : 1]<UL><LI> startup_stm32f429_439xx.o(RESET)
</UL>
<P><STRONG><a name="[1f]"></a>DMA1_Stream0_IRQHandler</STRONG> (Thumb, 0 bytes, Stack size 0 bytes, startup_stm32f429_439xx.o(.text))
<BR>[Address Reference Count : 1]<UL><LI> startup_stm32f429_439xx.o(RESET)
</UL>
<P><STRONG><a name="[20]"></a>DMA1_Stream1_IRQHandler</STRONG> (Thumb, 0 bytes, Stack size 0 bytes, startup_stm32f429_439xx.o(.text))
<BR>[Address Reference Count : 1]<UL><LI> startup_stm32f429_439xx.o(RESET)
</UL>
<P><STRONG><a name="[21]"></a>DMA1_Stream2_IRQHandler</STRONG> (Thumb, 0 bytes, Stack size 0 bytes, startup_stm32f429_439xx.o(.text))
<BR>[Address Reference Count : 1]<UL><LI> startup_stm32f429_439xx.o(RESET)
</UL>
<P><STRONG><a name="[22]"></a>DMA1_Stream3_IRQHandler</STRONG> (Thumb, 0 bytes, Stack size 0 bytes, startup_stm32f429_439xx.o(.text))
<BR>[Address Reference Count : 1]<UL><LI> startup_stm32f429_439xx.o(RESET)
</UL>
<P><STRONG><a name="[23]"></a>DMA1_Stream4_IRQHandler</STRONG> (Thumb, 0 bytes, Stack size 0 bytes, startup_stm32f429_439xx.o(.text))
<BR>[Address Reference Count : 1]<UL><LI> startup_stm32f429_439xx.o(RESET)
</UL>
<P><STRONG><a name="[24]"></a>DMA1_Stream5_IRQHandler</STRONG> (Thumb, 0 bytes, Stack size 0 bytes, startup_stm32f429_439xx.o(.text))
<BR>[Address Reference Count : 1]<UL><LI> startup_stm32f429_439xx.o(RESET)
</UL>
<P><STRONG><a name="[25]"></a>DMA1_Stream6_IRQHandler</STRONG> (Thumb, 0 bytes, Stack size 0 bytes, startup_stm32f429_439xx.o(.text))
<BR>[Address Reference Count : 1]<UL><LI> startup_stm32f429_439xx.o(RESET)
</UL>
<P><STRONG><a name="[3f]"></a>DMA1_Stream7_IRQHandler</STRONG> (Thumb, 0 bytes, Stack size 0 bytes, startup_stm32f429_439xx.o(.text))
<BR>[Address Reference Count : 1]<UL><LI> startup_stm32f429_439xx.o(RESET)
</UL>
<P><STRONG><a name="[6a]"></a>DMA2D_IRQHandler</STRONG> (Thumb, 0 bytes, Stack size 0 bytes, startup_stm32f429_439xx.o(.text))
<BR>[Address Reference Count : 1]<UL><LI> startup_stm32f429_439xx.o(RESET)
</UL>
<P><STRONG><a name="[48]"></a>DMA2_Stream0_IRQHandler</STRONG> (Thumb, 0 bytes, Stack size 0 bytes, startup_stm32f429_439xx.o(.text))
<BR>[Address Reference Count : 1]<UL><LI> startup_stm32f429_439xx.o(RESET)
</UL>
<P><STRONG><a name="[49]"></a>DMA2_Stream1_IRQHandler</STRONG> (Thumb, 0 bytes, Stack size 0 bytes, startup_stm32f429_439xx.o(.text))
<BR>[Address Reference Count : 1]<UL><LI> startup_stm32f429_439xx.o(RESET)
</UL>
<P><STRONG><a name="[4a]"></a>DMA2_Stream2_IRQHandler</STRONG> (Thumb, 0 bytes, Stack size 0 bytes, startup_stm32f429_439xx.o(.text))
<BR>[Address Reference Count : 1]<UL><LI> startup_stm32f429_439xx.o(RESET)
</UL>
<P><STRONG><a name="[4b]"></a>DMA2_Stream3_IRQHandler</STRONG> (Thumb, 0 bytes, Stack size 0 bytes, startup_stm32f429_439xx.o(.text))
<BR>[Address Reference Count : 1]<UL><LI> startup_stm32f429_439xx.o(RESET)
</UL>
<P><STRONG><a name="[4c]"></a>DMA2_Stream4_IRQHandler</STRONG> (Thumb, 0 bytes, Stack size 0 bytes, startup_stm32f429_439xx.o(.text))
<BR>[Address Reference Count : 1]<UL><LI> startup_stm32f429_439xx.o(RESET)
</UL>
<P><STRONG><a name="[54]"></a>DMA2_Stream5_IRQHandler</STRONG> (Thumb, 0 bytes, Stack size 0 bytes, startup_stm32f429_439xx.o(.text))
<BR>[Address Reference Count : 1]<UL><LI> startup_stm32f429_439xx.o(RESET)
</UL>
<P><STRONG><a name="[55]"></a>DMA2_Stream6_IRQHandler</STRONG> (Thumb, 0 bytes, Stack size 0 bytes, startup_stm32f429_439xx.o(.text))
<BR>[Address Reference Count : 1]<UL><LI> startup_stm32f429_439xx.o(RESET)
</UL>
<P><STRONG><a name="[56]"></a>DMA2_Stream7_IRQHandler</STRONG> (Thumb, 0 bytes, Stack size 0 bytes, startup_stm32f429_439xx.o(.text))
<BR>[Address Reference Count : 1]<UL><LI> startup_stm32f429_439xx.o(RESET)
</UL>
<P><STRONG><a name="[4d]"></a>ETH_IRQHandler</STRONG> (Thumb, 0 bytes, Stack size 0 bytes, startup_stm32f429_439xx.o(.text))
<BR>[Address Reference Count : 1]<UL><LI> startup_stm32f429_439xx.o(RESET)
</UL>
<P><STRONG><a name="[4e]"></a>ETH_WKUP_IRQHandler</STRONG> (Thumb, 0 bytes, Stack size 0 bytes, startup_stm32f429_439xx.o(.text))
<BR>[Address Reference Count : 1]<UL><LI> startup_stm32f429_439xx.o(RESET)
</UL>
<P><STRONG><a name="[1b]"></a>EXTI1_IRQHandler</STRONG> (Thumb, 0 bytes, Stack size 0 bytes, startup_stm32f429_439xx.o(.text))
<BR>[Address Reference Count : 1]<UL><LI> startup_stm32f429_439xx.o(RESET)
</UL>
<P><STRONG><a name="[1c]"></a>EXTI2_IRQHandler</STRONG> (Thumb, 0 bytes, Stack size 0 bytes, startup_stm32f429_439xx.o(.text))
<BR>[Address Reference Count : 1]<UL><LI> startup_stm32f429_439xx.o(RESET)
</UL>
<P><STRONG><a name="[1d]"></a>EXTI3_IRQHandler</STRONG> (Thumb, 0 bytes, Stack size 0 bytes, startup_stm32f429_439xx.o(.text))
<BR>[Address Reference Count : 1]<UL><LI> startup_stm32f429_439xx.o(RESET)
</UL>
<P><STRONG><a name="[1e]"></a>EXTI4_IRQHandler</STRONG> (Thumb, 0 bytes, Stack size 0 bytes, startup_stm32f429_439xx.o(.text))
<BR>[Address Reference Count : 1]<UL><LI> startup_stm32f429_439xx.o(RESET)
</UL>
<P><STRONG><a name="[2b]"></a>EXTI9_5_IRQHandler</STRONG> (Thumb, 0 bytes, Stack size 0 bytes, startup_stm32f429_439xx.o(.text))
<BR>[Address Reference Count : 1]<UL><LI> startup_stm32f429_439xx.o(RESET)
</UL>
<P><STRONG><a name="[18]"></a>FLASH_IRQHandler</STRONG> (Thumb, 0 bytes, Stack size 0 bytes, startup_stm32f429_439xx.o(.text))
<BR>[Address Reference Count : 1]<UL><LI> startup_stm32f429_439xx.o(RESET)
</UL>
<P><STRONG><a name="[40]"></a>FMC_IRQHandler</STRONG> (Thumb, 0 bytes, Stack size 0 bytes, startup_stm32f429_439xx.o(.text))
<BR>[Address Reference Count : 1]<UL><LI> startup_stm32f429_439xx.o(RESET)
</UL>
<P><STRONG><a name="[61]"></a>FPU_IRQHandler</STRONG> (Thumb, 0 bytes, Stack size 0 bytes, startup_stm32f429_439xx.o(.text))
<BR>[Address Reference Count : 1]<UL><LI> startup_stm32f429_439xx.o(RESET)
</UL>
<P><STRONG><a name="[60]"></a>HASH_RNG_IRQHandler</STRONG> (Thumb, 0 bytes, Stack size 0 bytes, startup_stm32f429_439xx.o(.text))
<BR>[Address Reference Count : 1]<UL><LI> startup_stm32f429_439xx.o(RESET)
</UL>
<P><STRONG><a name="[31]"></a>I2C1_ER_IRQHandler</STRONG> (Thumb, 0 bytes, Stack size 0 bytes, startup_stm32f429_439xx.o(.text))
<BR>[Address Reference Count : 1]<UL><LI> startup_stm32f429_439xx.o(RESET)
</UL>
<P><STRONG><a name="[30]"></a>I2C1_EV_IRQHandler</STRONG> (Thumb, 0 bytes, Stack size 0 bytes, startup_stm32f429_439xx.o(.text))
<BR>[Address Reference Count : 1]<UL><LI> startup_stm32f429_439xx.o(RESET)
</UL>
<P><STRONG><a name="[33]"></a>I2C2_ER_IRQHandler</STRONG> (Thumb, 0 bytes, Stack size 0 bytes, startup_stm32f429_439xx.o(.text))
<BR>[Address Reference Count : 1]<UL><LI> startup_stm32f429_439xx.o(RESET)
</UL>
<P><STRONG><a name="[32]"></a>I2C2_EV_IRQHandler</STRONG> (Thumb, 0 bytes, Stack size 0 bytes, startup_stm32f429_439xx.o(.text))
<BR>[Address Reference Count : 1]<UL><LI> startup_stm32f429_439xx.o(RESET)
</UL>
<P><STRONG><a name="[59]"></a>I2C3_ER_IRQHandler</STRONG> (Thumb, 0 bytes, Stack size 0 bytes, startup_stm32f429_439xx.o(.text))
<BR>[Address Reference Count : 1]<UL><LI> startup_stm32f429_439xx.o(RESET)
</UL>
<P><STRONG><a name="[58]"></a>I2C3_EV_IRQHandler</STRONG> (Thumb, 0 bytes, Stack size 0 bytes, startup_stm32f429_439xx.o(.text))
<BR>[Address Reference Count : 1]<UL><LI> startup_stm32f429_439xx.o(RESET)
</UL>
<P><STRONG><a name="[69]"></a>LTDC_ER_IRQHandler</STRONG> (Thumb, 0 bytes, Stack size 0 bytes, startup_stm32f429_439xx.o(.text))
<BR>[Address Reference Count : 1]<UL><LI> startup_stm32f429_439xx.o(RESET)
</UL>
<P><STRONG><a name="[68]"></a>LTDC_IRQHandler</STRONG> (Thumb, 0 bytes, Stack size 0 bytes, startup_stm32f429_439xx.o(.text))
<BR>[Address Reference Count : 1]<UL><LI> startup_stm32f429_439xx.o(RESET)
</UL>
<P><STRONG><a name="[53]"></a>OTG_FS_IRQHandler</STRONG> (Thumb, 0 bytes, Stack size 0 bytes, startup_stm32f429_439xx.o(.text))
<BR>[Address Reference Count : 1]<UL><LI> startup_stm32f429_439xx.o(RESET)
</UL>
<P><STRONG><a name="[3a]"></a>OTG_FS_WKUP_IRQHandler</STRONG> (Thumb, 0 bytes, Stack size 0 bytes, startup_stm32f429_439xx.o(.text))
<BR>[Address Reference Count : 1]<UL><LI> startup_stm32f429_439xx.o(RESET)
</UL>
<P><STRONG><a name="[5b]"></a>OTG_HS_EP1_IN_IRQHandler</STRONG> (Thumb, 0 bytes, Stack size 0 bytes, startup_stm32f429_439xx.o(.text))
<BR>[Address Reference Count : 1]<UL><LI> startup_stm32f429_439xx.o(RESET)
</UL>
<P><STRONG><a name="[5a]"></a>OTG_HS_EP1_OUT_IRQHandler</STRONG> (Thumb, 0 bytes, Stack size 0 bytes, startup_stm32f429_439xx.o(.text))
<BR>[Address Reference Count : 1]<UL><LI> startup_stm32f429_439xx.o(RESET)
</UL>
<P><STRONG><a name="[5d]"></a>OTG_HS_IRQHandler</STRONG> (Thumb, 0 bytes, Stack size 0 bytes, startup_stm32f429_439xx.o(.text))
<BR>[Address Reference Count : 1]<UL><LI> startup_stm32f429_439xx.o(RESET)
</UL>
<P><STRONG><a name="[5c]"></a>OTG_HS_WKUP_IRQHandler</STRONG> (Thumb, 0 bytes, Stack size 0 bytes, startup_stm32f429_439xx.o(.text))
<BR>[Address Reference Count : 1]<UL><LI> startup_stm32f429_439xx.o(RESET)
</UL>
<P><STRONG><a name="[15]"></a>PVD_IRQHandler</STRONG> (Thumb, 0 bytes, Stack size 0 bytes, startup_stm32f429_439xx.o(.text))
<BR>[Address Reference Count : 1]<UL><LI> startup_stm32f429_439xx.o(RESET)
</UL>
<P><STRONG><a name="[19]"></a>RCC_IRQHandler</STRONG> (Thumb, 0 bytes, Stack size 0 bytes, startup_stm32f429_439xx.o(.text))
<BR>[Address Reference Count : 1]<UL><LI> startup_stm32f429_439xx.o(RESET)
</UL>
<P><STRONG><a name="[39]"></a>RTC_Alarm_IRQHandler</STRONG> (Thumb, 0 bytes, Stack size 0 bytes, startup_stm32f429_439xx.o(.text))
<BR>[Address Reference Count : 1]<UL><LI> startup_stm32f429_439xx.o(RESET)
</UL>
<P><STRONG><a name="[17]"></a>RTC_WKUP_IRQHandler</STRONG> (Thumb, 0 bytes, Stack size 0 bytes, startup_stm32f429_439xx.o(.text))
<BR>[Address Reference Count : 1]<UL><LI> startup_stm32f429_439xx.o(RESET)
</UL>
<P><STRONG><a name="[67]"></a>SAI1_IRQHandler</STRONG> (Thumb, 0 bytes, Stack size 0 bytes, startup_stm32f429_439xx.o(.text))
<BR>[Address Reference Count : 1]<UL><LI> startup_stm32f429_439xx.o(RESET)
</UL>
<P><STRONG><a name="[41]"></a>SDIO_IRQHandler</STRONG> (Thumb, 0 bytes, Stack size 0 bytes, startup_stm32f429_439xx.o(.text))
<BR>[Address Reference Count : 1]<UL><LI> startup_stm32f429_439xx.o(RESET)
</UL>
<P><STRONG><a name="[34]"></a>SPI1_IRQHandler</STRONG> (Thumb, 0 bytes, Stack size 0 bytes, startup_stm32f429_439xx.o(.text))
<BR>[Address Reference Count : 1]<UL><LI> startup_stm32f429_439xx.o(RESET)
</UL>
<P><STRONG><a name="[35]"></a>SPI2_IRQHandler</STRONG> (Thumb, 0 bytes, Stack size 0 bytes, startup_stm32f429_439xx.o(.text))
<BR>[Address Reference Count : 1]<UL><LI> startup_stm32f429_439xx.o(RESET)
</UL>
<P><STRONG><a name="[43]"></a>SPI3_IRQHandler</STRONG> (Thumb, 0 bytes, Stack size 0 bytes, startup_stm32f429_439xx.o(.text))
<BR>[Address Reference Count : 1]<UL><LI> startup_stm32f429_439xx.o(RESET)
</UL>
<P><STRONG><a name="[64]"></a>SPI4_IRQHandler</STRONG> (Thumb, 0 bytes, Stack size 0 bytes, startup_stm32f429_439xx.o(.text))
<BR>[Address Reference Count : 1]<UL><LI> startup_stm32f429_439xx.o(RESET)
</UL>
<P><STRONG><a name="[65]"></a>SPI5_IRQHandler</STRONG> (Thumb, 0 bytes, Stack size 0 bytes, startup_stm32f429_439xx.o(.text))
<BR>[Address Reference Count : 1]<UL><LI> startup_stm32f429_439xx.o(RESET)
</UL>
<P><STRONG><a name="[66]"></a>SPI6_IRQHandler</STRONG> (Thumb, 0 bytes, Stack size 0 bytes, startup_stm32f429_439xx.o(.text))
<BR>[Address Reference Count : 1]<UL><LI> startup_stm32f429_439xx.o(RESET)
</UL>
<P><STRONG><a name="[16]"></a>TAMP_STAMP_IRQHandler</STRONG> (Thumb, 0 bytes, Stack size 0 bytes, startup_stm32f429_439xx.o(.text))
<BR>[Address Reference Count : 1]<UL><LI> startup_stm32f429_439xx.o(RESET)
</UL>
<P><STRONG><a name="[2c]"></a>TIM1_BRK_TIM9_IRQHandler</STRONG> (Thumb, 0 bytes, Stack size 0 bytes, startup_stm32f429_439xx.o(.text))
<BR>[Address Reference Count : 1]<UL><LI> startup_stm32f429_439xx.o(RESET)
</UL>
<P><STRONG><a name="[2e]"></a>TIM1_CC_IRQHandler</STRONG> (Thumb, 0 bytes, Stack size 0 bytes, startup_stm32f429_439xx.o(.text))
<BR>[Address Reference Count : 1]<UL><LI> startup_stm32f429_439xx.o(RESET)
</UL>
<P><STRONG><a name="[2d]"></a>TIM1_TRG_COM_TIM11_IRQHandler</STRONG> (Thumb, 0 bytes, Stack size 0 bytes, startup_stm32f429_439xx.o(.text))
<BR>[Address Reference Count : 1]<UL><LI> startup_stm32f429_439xx.o(RESET)
</UL>
<P><STRONG><a name="[2f]"></a>TIM4_IRQHandler</STRONG> (Thumb, 0 bytes, Stack size 0 bytes, startup_stm32f429_439xx.o(.text))
<BR>[Address Reference Count : 1]<UL><LI> startup_stm32f429_439xx.o(RESET)
</UL>
<P><STRONG><a name="[42]"></a>TIM5_IRQHandler</STRONG> (Thumb, 0 bytes, Stack size 0 bytes, startup_stm32f429_439xx.o(.text))
<BR>[Address Reference Count : 1]<UL><LI> startup_stm32f429_439xx.o(RESET)
</UL>
<P><STRONG><a name="[46]"></a>TIM6_DAC_IRQHandler</STRONG> (Thumb, 0 bytes, Stack size 0 bytes, startup_stm32f429_439xx.o(.text))
<BR>[Address Reference Count : 1]<UL><LI> startup_stm32f429_439xx.o(RESET)
</UL>
<P><STRONG><a name="[47]"></a>TIM7_IRQHandler</STRONG> (Thumb, 0 bytes, Stack size 0 bytes, startup_stm32f429_439xx.o(.text))
<BR>[Address Reference Count : 1]<UL><LI> startup_stm32f429_439xx.o(RESET)
</UL>
<P><STRONG><a name="[3b]"></a>TIM8_BRK_TIM12_IRQHandler</STRONG> (Thumb, 0 bytes, Stack size 0 bytes, startup_stm32f429_439xx.o(.text))
<BR>[Address Reference Count : 1]<UL><LI> startup_stm32f429_439xx.o(RESET)
</UL>
<P><STRONG><a name="[3e]"></a>TIM8_CC_IRQHandler</STRONG> (Thumb, 0 bytes, Stack size 0 bytes, startup_stm32f429_439xx.o(.text))
<BR>[Address Reference Count : 1]<UL><LI> startup_stm32f429_439xx.o(RESET)
</UL>
<P><STRONG><a name="[3d]"></a>TIM8_TRG_COM_TIM14_IRQHandler</STRONG> (Thumb, 0 bytes, Stack size 0 bytes, startup_stm32f429_439xx.o(.text))
<BR>[Address Reference Count : 1]<UL><LI> startup_stm32f429_439xx.o(RESET)
</UL>
<P><STRONG><a name="[3c]"></a>TIM8_UP_TIM13_IRQHandler</STRONG> (Thumb, 0 bytes, Stack size 0 bytes, startup_stm32f429_439xx.o(.text))
<BR>[Address Reference Count : 1]<UL><LI> startup_stm32f429_439xx.o(RESET)
</UL>
<P><STRONG><a name="[44]"></a>UART4_IRQHandler</STRONG> (Thumb, 0 bytes, Stack size 0 bytes, startup_stm32f429_439xx.o(.text))
<BR>[Address Reference Count : 1]<UL><LI> startup_stm32f429_439xx.o(RESET)
</UL>
<P><STRONG><a name="[45]"></a>UART5_IRQHandler</STRONG> (Thumb, 0 bytes, Stack size 0 bytes, startup_stm32f429_439xx.o(.text))
<BR>[Address Reference Count : 1]<UL><LI> startup_stm32f429_439xx.o(RESET)
</UL>
<P><STRONG><a name="[62]"></a>UART7_IRQHandler</STRONG> (Thumb, 0 bytes, Stack size 0 bytes, startup_stm32f429_439xx.o(.text))
<BR>[Address Reference Count : 1]<UL><LI> startup_stm32f429_439xx.o(RESET)
</UL>
<P><STRONG><a name="[63]"></a>UART8_IRQHandler</STRONG> (Thumb, 0 bytes, Stack size 0 bytes, startup_stm32f429_439xx.o(.text))
<BR>[Address Reference Count : 1]<UL><LI> startup_stm32f429_439xx.o(RESET)
</UL>
<P><STRONG><a name="[36]"></a>USART2_IRQHandler</STRONG> (Thumb, 0 bytes, Stack size 0 bytes, startup_stm32f429_439xx.o(.text))
<BR>[Address Reference Count : 1]<UL><LI> startup_stm32f429_439xx.o(RESET)
</UL>
<P><STRONG><a name="[37]"></a>USART3_IRQHandler</STRONG> (Thumb, 0 bytes, Stack size 0 bytes, startup_stm32f429_439xx.o(.text))
<BR>[Address Reference Count : 1]<UL><LI> startup_stm32f429_439xx.o(RESET)
</UL>
<P><STRONG><a name="[57]"></a>USART6_IRQHandler</STRONG> (Thumb, 0 bytes, Stack size 0 bytes, startup_stm32f429_439xx.o(.text))
<BR>[Address Reference Count : 1]<UL><LI> startup_stm32f429_439xx.o(RESET)
</UL>
<P><STRONG><a name="[14]"></a>WWDG_IRQHandler</STRONG> (Thumb, 0 bytes, Stack size 0 bytes, startup_stm32f429_439xx.o(.text))
<BR>[Address Reference Count : 1]<UL><LI> startup_stm32f429_439xx.o(RESET)
</UL>
<P><STRONG><a name="[106]"></a>__aeabi_memcpy</STRONG> (Thumb, 36 bytes, Stack size 0 bytes, memcpya.o(.text), UNUSED)

<P><STRONG><a name="[b5]"></a>__aeabi_memcpy4</STRONG> (Thumb, 0 bytes, Stack size 0 bytes, memcpya.o(.text))
<BR><BR>[Called By]<UL><LI><a href="#[a0]">&gt;&gt;</a>&nbsp;&nbsp;&nbsp;NewInvoker
<LI><a href="#[af]">&gt;&gt;</a>&nbsp;&nbsp;&nbsp;InitAll_Order
<LI><a href="#[ec]">&gt;&gt;</a>&nbsp;&nbsp;&nbsp;ResetClock
<LI><a href="#[b4]">&gt;&gt;</a>&nbsp;&nbsp;&nbsp;NewVectorOrder
</UL>

<P><STRONG><a name="[107]"></a>__aeabi_memcpy8</STRONG> (Thumb, 0 bytes, Stack size 0 bytes, memcpya.o(.text), UNUSED)

<P><STRONG><a name="[8f]"></a>__aeabi_memset</STRONG> (Thumb, 14 bytes, Stack size 0 bytes, memseta.o(.text), UNUSED)
<BR><BR>[Called By]<UL><LI><a href="#[90]">&gt;&gt;</a>&nbsp;&nbsp;&nbsp;_memset$wrapper
<LI><a href="#[8e]">&gt;&gt;</a>&nbsp;&nbsp;&nbsp;__aeabi_memclr
</UL>

<P><STRONG><a name="[108]"></a>__aeabi_memset4</STRONG> (Thumb, 0 bytes, Stack size 0 bytes, memseta.o(.text), UNUSED)

<P><STRONG><a name="[109]"></a>__aeabi_memset8</STRONG> (Thumb, 0 bytes, Stack size 0 bytes, memseta.o(.text), UNUSED)

<P><STRONG><a name="[8e]"></a>__aeabi_memclr</STRONG> (Thumb, 4 bytes, Stack size 0 bytes, memseta.o(.text), UNUSED)
<BR><BR>[Calls]<UL><LI><a href="#[8f]">&gt;&gt;</a>&nbsp;&nbsp;&nbsp;__aeabi_memset
</UL>

<P><STRONG><a name="[97]"></a>__aeabi_memclr4</STRONG> (Thumb, 0 bytes, Stack size 0 bytes, memseta.o(.text))
<BR><BR>[Called By]<UL><LI><a href="#[96]">&gt;&gt;</a>&nbsp;&nbsp;&nbsp;Clock_IRQHandler
<LI><a href="#[b0]">&gt;&gt;</a>&nbsp;&nbsp;&nbsp;InitClock
</UL>

<P><STRONG><a name="[10a]"></a>__aeabi_memclr8</STRONG> (Thumb, 0 bytes, Stack size 0 bytes, memseta.o(.text), UNUSED)

<P><STRONG><a name="[90]"></a>_memset$wrapper</STRONG> (Thumb, 18 bytes, Stack size 8 bytes, memseta.o(.text), UNUSED)
<BR><BR>[Calls]<UL><LI><a href="#[8f]">&gt;&gt;</a>&nbsp;&nbsp;&nbsp;__aeabi_memset
</UL>

<P><STRONG><a name="[9f]"></a>strlen</STRONG> (Thumb, 14 bytes, Stack size 0 bytes, strlen.o(.text))
<BR><BR>[Called By]<UL><LI><a href="#[9e]">&gt;&gt;</a>&nbsp;&nbsp;&nbsp;DealSerialData
</UL>

<P><STRONG><a name="[a2]"></a>strcmp</STRONG> (Thumb, 28 bytes, Stack size 8 bytes, strcmp.o(.text))
<BR><BR>[Stack]<UL><LI>Max Depth = 8<LI>Call Chain = strcmp
</UL>
<BR>[Called By]<UL><LI><a href="#[9e]">&gt;&gt;</a>&nbsp;&nbsp;&nbsp;DealSerialData
<LI><a href="#[87]">&gt;&gt;</a>&nbsp;&nbsp;&nbsp;VectorOrderFind
</UL>

<P><STRONG><a name="[8d]"></a>__scatterload</STRONG> (Thumb, 28 bytes, Stack size 0 bytes, init.o(.text))
<BR><BR>[Calls]<UL><LI><a href="#[91]">&gt;&gt;</a>&nbsp;&nbsp;&nbsp;__main_after_scatterload
</UL>
<BR>[Called By]<UL><LI><a href="#[8c]">&gt;&gt;</a>&nbsp;&nbsp;&nbsp;_main_scatterload
</UL>

<P><STRONG><a name="[10b]"></a>__scatterload_rt2</STRONG> (Thumb, 0 bytes, Stack size 0 bytes, init.o(.text), UNUSED)

<P><STRONG><a name="[10c]"></a>__decompress</STRONG> (Thumb, 0 bytes, Stack size unknown bytes, __dczerorl2.o(.text), UNUSED)

<P><STRONG><a name="[10d]"></a>__decompress1</STRONG> (Thumb, 86 bytes, Stack size unknown bytes, __dczerorl2.o(.text), UNUSED)

<P><STRONG><a name="[92]"></a>Bit_OFF</STRONG> (Thumb, 12 bytes, Stack size 8 bytes, nuxietube.o(i.Bit_OFF))
<BR><BR>[Stack]<UL><LI>Max Depth = 8<LI>Call Chain = Bit_OFF
</UL>
<BR>[Calls]<UL><LI><a href="#[93]">&gt;&gt;</a>&nbsp;&nbsp;&nbsp;LED_ON
</UL>
<BR>[Called By]<UL><LI><a href="#[ce]">&gt;&gt;</a>&nbsp;&nbsp;&nbsp;InitNuxieTube
</UL>

<P><STRONG><a name="[94]"></a>Bit_ON</STRONG> (Thumb, 12 bytes, Stack size 8 bytes, nuxietube.o(i.Bit_ON))
<BR><BR>[Stack]<UL><LI>Max Depth = 8<LI>Call Chain = Bit_ON
</UL>
<BR>[Calls]<UL><LI><a href="#[95]">&gt;&gt;</a>&nbsp;&nbsp;&nbsp;LED_OFF
</UL>
<BR>[Called By]<UL><LI><a href="#[ce]">&gt;&gt;</a>&nbsp;&nbsp;&nbsp;InitNuxieTube
</UL>

<P><STRONG><a name="[e]"></a>BusFault_Handler</STRONG> (Thumb, 4 bytes, Stack size 0 bytes, stm32f4xx_it.o(i.BusFault_Handler))
<BR>[Address Reference Count : 1]<UL><LI> startup_stm32f429_439xx.o(RESET)
</UL>
<P><STRONG><a name="[96]"></a>Clock_IRQHandler</STRONG> (Thumb, 160 bytes, Stack size 48 bytes, clock.o(i.Clock_IRQHandler))
<BR><BR>[Stack]<UL><LI>Max Depth = 80<LI>Call Chain = Clock_IRQHandler &rArr; ShowNuxieTube &rArr; SetBit
</UL>
<BR>[Calls]<UL><LI><a href="#[98]">&gt;&gt;</a>&nbsp;&nbsp;&nbsp;TIM_GetITStatus
<LI><a href="#[99]">&gt;&gt;</a>&nbsp;&nbsp;&nbsp;TIM_ClearITPendingBit
<LI><a href="#[97]">&gt;&gt;</a>&nbsp;&nbsp;&nbsp;__aeabi_memclr4
<LI><a href="#[9b]">&gt;&gt;</a>&nbsp;&nbsp;&nbsp;ShowNuxieTube
<LI><a href="#[9a]">&gt;&gt;</a>&nbsp;&nbsp;&nbsp;SetNuxieTube
</UL>
<BR>[Called By]<UL><LI><a href="#[1]">&gt;&gt;</a>&nbsp;&nbsp;&nbsp;TIM1_UP_TIM10_IRQHandler
</UL>

<P><STRONG><a name="[9c]"></a>Cylinder_GPIO_Config</STRONG> (Thumb, 50 bytes, Stack size 16 bytes, cylinder.o(i.Cylinder_GPIO_Config))
<BR><BR>[Stack]<UL><LI>Max Depth = 36<LI>Call Chain = Cylinder_GPIO_Config &rArr; GPIO_Init
</UL>
<BR>[Calls]<UL><LI><a href="#[9d]">&gt;&gt;</a>&nbsp;&nbsp;&nbsp;GPIO_Init
<LI><a href="#[8]">&gt;&gt;</a>&nbsp;&nbsp;&nbsp;RCC_AHB1PeriphClockCmd
</UL>
<BR>[Called By]<UL><LI><a href="#[b1]">&gt;&gt;</a>&nbsp;&nbsp;&nbsp;InitCylinder
</UL>

<P><STRONG><a name="[e9]"></a>Cylinder_OFF</STRONG> (Thumb, 10 bytes, Stack size 0 bytes, cylinder.o(i.Cylinder_OFF))
<BR><BR>[Called By]<UL><LI><a href="#[7e]">&gt;&gt;</a>&nbsp;&nbsp;&nbsp;OrderLCSDo
<LI><a href="#[75]">&gt;&gt;</a>&nbsp;&nbsp;&nbsp;OrderDCSDo
<LI><a href="#[73]">&gt;&gt;</a>&nbsp;&nbsp;&nbsp;OrderACSDo
</UL>

<P><STRONG><a name="[cf]"></a>Cylinder_ON</STRONG> (Thumb, 10 bytes, Stack size 0 bytes, cylinder.o(i.Cylinder_ON))
<BR><BR>[Called By]<UL><LI><a href="#[7d]">&gt;&gt;</a>&nbsp;&nbsp;&nbsp;OrderLCADo
<LI><a href="#[74]">&gt;&gt;</a>&nbsp;&nbsp;&nbsp;OrderDCADo
<LI><a href="#[72]">&gt;&gt;</a>&nbsp;&nbsp;&nbsp;OrderACADo
<LI><a href="#[b1]">&gt;&gt;</a>&nbsp;&nbsp;&nbsp;InitCylinder
</UL>

<P><STRONG><a name="[9e]"></a>DealSerialData</STRONG> (Thumb, 214 bytes, Stack size 48 bytes, dealserialdata.o(i.DealSerialData))
<BR><BR>[Stack]<UL><LI>Max Depth = 100<LI>Call Chain = DealSerialData &rArr; NewInvoker &rArr; NewOrder
</UL>
<BR>[Calls]<UL><LI><a href="#[a0]">&gt;&gt;</a>&nbsp;&nbsp;&nbsp;NewInvoker
<LI><a href="#[a3]">&gt;&gt;</a>&nbsp;&nbsp;&nbsp;Usart_FlushRxBuffer
<LI><a href="#[a1]">&gt;&gt;</a>&nbsp;&nbsp;&nbsp;__2printf
<LI><a href="#[a2]">&gt;&gt;</a>&nbsp;&nbsp;&nbsp;strcmp
<LI><a href="#[9f]">&gt;&gt;</a>&nbsp;&nbsp;&nbsp;strlen
</UL>
<BR>[Called By]<UL><LI><a href="#[6b]">&gt;&gt;</a>&nbsp;&nbsp;&nbsp;main
</UL>

<P><STRONG><a name="[11]"></a>DebugMon_Handler</STRONG> (Thumb, 2 bytes, Stack size 0 bytes, stm32f4xx_it.o(i.DebugMon_Handler))
<BR>[Address Reference Count : 1]<UL><LI> startup_stm32f429_439xx.o(RESET)
</UL>
<P><STRONG><a name="[e8]"></a>Delay</STRONG> (Thumb, 16 bytes, Stack size 8 bytes, order.o(i.Delay))
<BR><BR>[Stack]<UL><LI>Max Depth = 8<LI>Call Chain = Delay
</UL>
<BR>[Called By]<UL><LI><a href="#[7e]">&gt;&gt;</a>&nbsp;&nbsp;&nbsp;OrderLCSDo
<LI><a href="#[7d]">&gt;&gt;</a>&nbsp;&nbsp;&nbsp;OrderLCADo
<LI><a href="#[75]">&gt;&gt;</a>&nbsp;&nbsp;&nbsp;OrderDCSDo
<LI><a href="#[74]">&gt;&gt;</a>&nbsp;&nbsp;&nbsp;OrderDCADo
<LI><a href="#[73]">&gt;&gt;</a>&nbsp;&nbsp;&nbsp;OrderACSDo
<LI><a href="#[72]">&gt;&gt;</a>&nbsp;&nbsp;&nbsp;OrderACADo
</UL>

<P><STRONG><a name="[1a]"></a>EXTI0_IRQHandler</STRONG> (Thumb, 72 bytes, Stack size 8 bytes, stm32f4xx_it.o(i.EXTI0_IRQHandler))
<BR><BR>[Stack]<UL><LI>Max Depth = 24<LI>Call Chain = EXTI0_IRQHandler &rArr; MSD_ENA
</UL>
<BR>[Calls]<UL><LI><a href="#[a4]">&gt;&gt;</a>&nbsp;&nbsp;&nbsp;EXTI_GetITStatus
<LI><a href="#[a7]">&gt;&gt;</a>&nbsp;&nbsp;&nbsp;EXTI_ClearITPendingBit
<LI><a href="#[a6]">&gt;&gt;</a>&nbsp;&nbsp;&nbsp;MSD_ENA
<LI><a href="#[a5]">&gt;&gt;</a>&nbsp;&nbsp;&nbsp;LED_Toggle
<LI><a href="#[a1]">&gt;&gt;</a>&nbsp;&nbsp;&nbsp;__2printf
</UL>
<BR>[Address Reference Count : 2]<UL><LI> startup_stm32f429_439xx.o(RESET)
<LI> config.o(.constdata)
</UL>
<P><STRONG><a name="[38]"></a>EXTI15_10_IRQHandler</STRONG> (Thumb, 76 bytes, Stack size 8 bytes, stm32f4xx_it.o(i.EXTI15_10_IRQHandler))
<BR><BR>[Stack]<UL><LI>Max Depth = 24<LI>Call Chain = EXTI15_10_IRQHandler &rArr; MSD_ENA
</UL>
<BR>[Calls]<UL><LI><a href="#[a4]">&gt;&gt;</a>&nbsp;&nbsp;&nbsp;EXTI_GetITStatus
<LI><a href="#[a7]">&gt;&gt;</a>&nbsp;&nbsp;&nbsp;EXTI_ClearITPendingBit
<LI><a href="#[a6]">&gt;&gt;</a>&nbsp;&nbsp;&nbsp;MSD_ENA
<LI><a href="#[a5]">&gt;&gt;</a>&nbsp;&nbsp;&nbsp;LED_Toggle
<LI><a href="#[a1]">&gt;&gt;</a>&nbsp;&nbsp;&nbsp;__2printf
</UL>
<BR>[Address Reference Count : 2]<UL><LI> startup_stm32f429_439xx.o(RESET)
<LI> config.o(.constdata)
</UL>
<P><STRONG><a name="[a7]"></a>EXTI_ClearITPendingBit</STRONG> (Thumb, 6 bytes, Stack size 0 bytes, stm32f4xx_exti.o(i.EXTI_ClearITPendingBit))
<BR><BR>[Called By]<UL><LI><a href="#[38]">&gt;&gt;</a>&nbsp;&nbsp;&nbsp;EXTI15_10_IRQHandler
<LI><a href="#[1a]">&gt;&gt;</a>&nbsp;&nbsp;&nbsp;EXTI0_IRQHandler
</UL>

<P><STRONG><a name="[a4]"></a>EXTI_GetITStatus</STRONG> (Thumb, 20 bytes, Stack size 0 bytes, stm32f4xx_exti.o(i.EXTI_GetITStatus))
<BR><BR>[Called By]<UL><LI><a href="#[38]">&gt;&gt;</a>&nbsp;&nbsp;&nbsp;EXTI15_10_IRQHandler
<LI><a href="#[1a]">&gt;&gt;</a>&nbsp;&nbsp;&nbsp;EXTI0_IRQHandler
</UL>

<P><STRONG><a name="[d8]"></a>EXTI_Init</STRONG> (Thumb, 142 bytes, Stack size 0 bytes, stm32f4xx_exti.o(i.EXTI_Init))
<BR><BR>[Called By]<UL><LI><a href="#[d1]">&gt;&gt;</a>&nbsp;&nbsp;&nbsp;KEY_EXTI_Config
</UL>

<P><STRONG><a name="[eb]"></a>EndClock</STRONG> (Thumb, 8 bytes, Stack size 0 bytes, clock.o(i.EndClock))
<BR><BR>[Called By]<UL><LI><a href="#[7b]">&gt;&gt;</a>&nbsp;&nbsp;&nbsp;OrderENDDo
</UL>

<P><STRONG><a name="[9d]"></a>GPIO_Init</STRONG> (Thumb, 144 bytes, Stack size 20 bytes, stm32f4xx_gpio.o(i.GPIO_Init))
<BR><BR>[Stack]<UL><LI>Max Depth = 20<LI>Call Chain = GPIO_Init
</UL>
<BR>[Called By]<UL><LI><a href="#[d2]">&gt;&gt;</a>&nbsp;&nbsp;&nbsp;MSD_GPIO_Config
<LI><a href="#[d5]">&gt;&gt;</a>&nbsp;&nbsp;&nbsp;Usart_Config
<LI><a href="#[d0]">&gt;&gt;</a>&nbsp;&nbsp;&nbsp;KEY_GPIO_Config
<LI><a href="#[cb]">&gt;&gt;</a>&nbsp;&nbsp;&nbsp;InitLED
<LI><a href="#[9c]">&gt;&gt;</a>&nbsp;&nbsp;&nbsp;Cylinder_GPIO_Config
</UL>

<P><STRONG><a name="[dd]"></a>GPIO_PinAFConfig</STRONG> (Thumb, 70 bytes, Stack size 20 bytes, stm32f4xx_gpio.o(i.GPIO_PinAFConfig))
<BR><BR>[Stack]<UL><LI>Max Depth = 20<LI>Call Chain = GPIO_PinAFConfig
</UL>
<BR>[Called By]<UL><LI><a href="#[d2]">&gt;&gt;</a>&nbsp;&nbsp;&nbsp;MSD_GPIO_Config
<LI><a href="#[d5]">&gt;&gt;</a>&nbsp;&nbsp;&nbsp;Usart_Config
</UL>

<P><STRONG><a name="[dc]"></a>GPIO_ResetBits</STRONG> (Thumb, 4 bytes, Stack size 0 bytes, stm32f4xx_gpio.o(i.GPIO_ResetBits))
<BR><BR>[Called By]<UL><LI><a href="#[e5]">&gt;&gt;</a>&nbsp;&nbsp;&nbsp;MSD_Move
<LI><a href="#[d2]">&gt;&gt;</a>&nbsp;&nbsp;&nbsp;MSD_GPIO_Config
<LI><a href="#[a6]">&gt;&gt;</a>&nbsp;&nbsp;&nbsp;MSD_ENA
</UL>

<P><STRONG><a name="[db]"></a>GPIO_SetBits</STRONG> (Thumb, 4 bytes, Stack size 0 bytes, stm32f4xx_gpio.o(i.GPIO_SetBits))
<BR><BR>[Called By]<UL><LI><a href="#[e5]">&gt;&gt;</a>&nbsp;&nbsp;&nbsp;MSD_Move
<LI><a href="#[a6]">&gt;&gt;</a>&nbsp;&nbsp;&nbsp;MSD_ENA
</UL>

<P><STRONG><a name="[c]"></a>HardFault_Handler</STRONG> (Thumb, 4 bytes, Stack size 0 bytes, stm32f4xx_it.o(i.HardFault_Handler))
<BR>[Address Reference Count : 1]<UL><LI> startup_stm32f429_439xx.o(RESET)
</UL>
<P><STRONG><a name="[a8]"></a>InitAll</STRONG> (Thumb, 32 bytes, Stack size 8 bytes, main.o(i.InitAll))
<BR><BR>[Stack]<UL><LI>Max Depth = 124<LI>Call Chain = InitAll &rArr; InitAll_USART &rArr; InitUsart &rArr; Usart_Config &rArr; USART_Init &rArr; RCC_GetClocksFreq
</UL>
<BR>[Calls]<UL><LI><a href="#[ac]">&gt;&gt;</a>&nbsp;&nbsp;&nbsp;InitAll_USART
<LI><a href="#[af]">&gt;&gt;</a>&nbsp;&nbsp;&nbsp;InitAll_Order
<LI><a href="#[ae]">&gt;&gt;</a>&nbsp;&nbsp;&nbsp;InitAll_MSD
<LI><a href="#[a9]">&gt;&gt;</a>&nbsp;&nbsp;&nbsp;InitAll_LED
<LI><a href="#[ab]">&gt;&gt;</a>&nbsp;&nbsp;&nbsp;InitAll_KEY
<LI><a href="#[ad]">&gt;&gt;</a>&nbsp;&nbsp;&nbsp;InitAll_Cylinder
<LI><a href="#[aa]">&gt;&gt;</a>&nbsp;&nbsp;&nbsp;InitAll_Clock
</UL>
<BR>[Called By]<UL><LI><a href="#[6b]">&gt;&gt;</a>&nbsp;&nbsp;&nbsp;main
</UL>

<P><STRONG><a name="[aa]"></a>InitAll_Clock</STRONG> (Thumb, 10 bytes, Stack size 8 bytes, initall.o(i.InitAll_Clock))
<BR><BR>[Stack]<UL><LI>Max Depth = 116<LI>Call Chain = InitAll_Clock &rArr; InitClock &rArr; InitNuxieTube &rArr; InitBit &rArr; InitLED &rArr; GPIO_Init
</UL>
<BR>[Calls]<UL><LI><a href="#[b0]">&gt;&gt;</a>&nbsp;&nbsp;&nbsp;InitClock
</UL>
<BR>[Called By]<UL><LI><a href="#[a8]">&gt;&gt;</a>&nbsp;&nbsp;&nbsp;InitAll
</UL>

<P><STRONG><a name="[ad]"></a>InitAll_Cylinder</STRONG> (Thumb, 16 bytes, Stack size 8 bytes, initall.o(i.InitAll_Cylinder))
<BR><BR>[Stack]<UL><LI>Max Depth = 52<LI>Call Chain = InitAll_Cylinder &rArr; InitCylinder &rArr; Cylinder_GPIO_Config &rArr; GPIO_Init
</UL>
<BR>[Calls]<UL><LI><a href="#[b1]">&gt;&gt;</a>&nbsp;&nbsp;&nbsp;InitCylinder
</UL>
<BR>[Called By]<UL><LI><a href="#[a8]">&gt;&gt;</a>&nbsp;&nbsp;&nbsp;InitAll
</UL>

<P><STRONG><a name="[ab]"></a>InitAll_KEY</STRONG> (Thumb, 16 bytes, Stack size 8 bytes, initall.o(i.InitAll_KEY))
<BR><BR>[Stack]<UL><LI>Max Depth = 64<LI>Call Chain = InitAll_KEY &rArr; InitKEY &rArr; KEY_EXTI_Config &rArr; KEY_NVIC_Config &rArr; NVIC_Init
</UL>
<BR>[Calls]<UL><LI><a href="#[b2]">&gt;&gt;</a>&nbsp;&nbsp;&nbsp;InitKEY
</UL>
<BR>[Called By]<UL><LI><a href="#[a8]">&gt;&gt;</a>&nbsp;&nbsp;&nbsp;InitAll
</UL>

<P><STRONG><a name="[a9]"></a>InitAll_LED</STRONG> (Thumb, 2 bytes, Stack size 0 bytes, initall.o(i.InitAll_LED))
<BR><BR>[Called By]<UL><LI><a href="#[a8]">&gt;&gt;</a>&nbsp;&nbsp;&nbsp;InitAll
</UL>

<P><STRONG><a name="[ae]"></a>InitAll_MSD</STRONG> (Thumb, 16 bytes, Stack size 8 bytes, initall.o(i.InitAll_MSD))
<BR><BR>[Stack]<UL><LI>Max Depth = 56<LI>Call Chain = InitAll_MSD &rArr; InitMSD &rArr; MSD_Mode_Config
</UL>
<BR>[Calls]<UL><LI><a href="#[b3]">&gt;&gt;</a>&nbsp;&nbsp;&nbsp;InitMSD
</UL>
<BR>[Called By]<UL><LI><a href="#[a8]">&gt;&gt;</a>&nbsp;&nbsp;&nbsp;InitAll
</UL>

<P><STRONG><a name="[af]"></a>InitAll_Order</STRONG> (Thumb, 480 bytes, Stack size 40 bytes, initall.o(i.InitAll_Order))
<BR><BR>[Stack]<UL><LI>Max Depth = 80<LI>Call Chain = InitAll_Order &rArr; NewVectorOrder
</UL>
<BR>[Calls]<UL><LI><a href="#[b5]">&gt;&gt;</a>&nbsp;&nbsp;&nbsp;__aeabi_memcpy4
<LI><a href="#[b4]">&gt;&gt;</a>&nbsp;&nbsp;&nbsp;NewVectorOrder
<LI><a href="#[c6]">&gt;&gt;</a>&nbsp;&nbsp;&nbsp;NewOrderSTA
<LI><a href="#[c8]">&gt;&gt;</a>&nbsp;&nbsp;&nbsp;NewOrderRES
<LI><a href="#[b7]">&gt;&gt;</a>&nbsp;&nbsp;&nbsp;NewOrderLMS
<LI><a href="#[b9]">&gt;&gt;</a>&nbsp;&nbsp;&nbsp;NewOrderLMR
<LI><a href="#[b8]">&gt;&gt;</a>&nbsp;&nbsp;&nbsp;NewOrderLMF
<LI><a href="#[b6]">&gt;&gt;</a>&nbsp;&nbsp;&nbsp;NewOrderLMA
<LI><a href="#[ba]">&gt;&gt;</a>&nbsp;&nbsp;&nbsp;NewOrderLM2
<LI><a href="#[c1]">&gt;&gt;</a>&nbsp;&nbsp;&nbsp;NewOrderLCS
<LI><a href="#[c0]">&gt;&gt;</a>&nbsp;&nbsp;&nbsp;NewOrderLCA
<LI><a href="#[c7]">&gt;&gt;</a>&nbsp;&nbsp;&nbsp;NewOrderEND
<LI><a href="#[bc]">&gt;&gt;</a>&nbsp;&nbsp;&nbsp;NewOrderDMS
<LI><a href="#[be]">&gt;&gt;</a>&nbsp;&nbsp;&nbsp;NewOrderDMR
<LI><a href="#[bd]">&gt;&gt;</a>&nbsp;&nbsp;&nbsp;NewOrderDMF
<LI><a href="#[bb]">&gt;&gt;</a>&nbsp;&nbsp;&nbsp;NewOrderDMA
<LI><a href="#[bf]">&gt;&gt;</a>&nbsp;&nbsp;&nbsp;NewOrderDM2
<LI><a href="#[c3]">&gt;&gt;</a>&nbsp;&nbsp;&nbsp;NewOrderDCS
<LI><a href="#[c2]">&gt;&gt;</a>&nbsp;&nbsp;&nbsp;NewOrderDCA
<LI><a href="#[c5]">&gt;&gt;</a>&nbsp;&nbsp;&nbsp;NewOrderACS
<LI><a href="#[c4]">&gt;&gt;</a>&nbsp;&nbsp;&nbsp;NewOrderACA
</UL>
<BR>[Called By]<UL><LI><a href="#[a8]">&gt;&gt;</a>&nbsp;&nbsp;&nbsp;InitAll
</UL>

<P><STRONG><a name="[ac]"></a>InitAll_USART</STRONG> (Thumb, 10 bytes, Stack size 8 bytes, initall.o(i.InitAll_USART))
<BR><BR>[Stack]<UL><LI>Max Depth = 116<LI>Call Chain = InitAll_USART &rArr; InitUsart &rArr; Usart_Config &rArr; USART_Init &rArr; RCC_GetClocksFreq
</UL>
<BR>[Calls]<UL><LI><a href="#[c9]">&gt;&gt;</a>&nbsp;&nbsp;&nbsp;InitUsart
</UL>
<BR>[Called By]<UL><LI><a href="#[a8]">&gt;&gt;</a>&nbsp;&nbsp;&nbsp;InitAll
</UL>

<P><STRONG><a name="[ca]"></a>InitBit</STRONG> (Thumb, 12 bytes, Stack size 8 bytes, nuxietube.o(i.InitBit))
<BR><BR>[Stack]<UL><LI>Max Depth = 44<LI>Call Chain = InitBit &rArr; InitLED &rArr; GPIO_Init
</UL>
<BR>[Calls]<UL><LI><a href="#[cb]">&gt;&gt;</a>&nbsp;&nbsp;&nbsp;InitLED
</UL>
<BR>[Called By]<UL><LI><a href="#[ce]">&gt;&gt;</a>&nbsp;&nbsp;&nbsp;InitNuxieTube
</UL>

<P><STRONG><a name="[b0]"></a>InitClock</STRONG> (Thumb, 50 bytes, Stack size 48 bytes, clock.o(i.InitClock))
<BR><BR>[Stack]<UL><LI>Max Depth = 108<LI>Call Chain = InitClock &rArr; InitNuxieTube &rArr; InitBit &rArr; InitLED &rArr; GPIO_Init
</UL>
<BR>[Calls]<UL><LI><a href="#[97]">&gt;&gt;</a>&nbsp;&nbsp;&nbsp;__aeabi_memclr4
<LI><a href="#[cc]">&gt;&gt;</a>&nbsp;&nbsp;&nbsp;TIM_NVIC_Configuration
<LI><a href="#[cd]">&gt;&gt;</a>&nbsp;&nbsp;&nbsp;TIM_Mode_Config
<LI><a href="#[9a]">&gt;&gt;</a>&nbsp;&nbsp;&nbsp;SetNuxieTube
<LI><a href="#[ce]">&gt;&gt;</a>&nbsp;&nbsp;&nbsp;InitNuxieTube
</UL>
<BR>[Called By]<UL><LI><a href="#[aa]">&gt;&gt;</a>&nbsp;&nbsp;&nbsp;InitAll_Clock
</UL>

<P><STRONG><a name="[b1]"></a>InitCylinder</STRONG> (Thumb, 18 bytes, Stack size 8 bytes, cylinder.o(i.InitCylinder))
<BR><BR>[Stack]<UL><LI>Max Depth = 44<LI>Call Chain = InitCylinder &rArr; Cylinder_GPIO_Config &rArr; GPIO_Init
</UL>
<BR>[Calls]<UL><LI><a href="#[9c]">&gt;&gt;</a>&nbsp;&nbsp;&nbsp;Cylinder_GPIO_Config
<LI><a href="#[cf]">&gt;&gt;</a>&nbsp;&nbsp;&nbsp;Cylinder_ON
</UL>
<BR>[Called By]<UL><LI><a href="#[ad]">&gt;&gt;</a>&nbsp;&nbsp;&nbsp;InitAll_Cylinder
</UL>

<P><STRONG><a name="[b2]"></a>InitKEY</STRONG> (Thumb, 18 bytes, Stack size 8 bytes, key.o(i.InitKEY))
<BR><BR>[Stack]<UL><LI>Max Depth = 56<LI>Call Chain = InitKEY &rArr; KEY_EXTI_Config &rArr; KEY_NVIC_Config &rArr; NVIC_Init
</UL>
<BR>[Calls]<UL><LI><a href="#[d0]">&gt;&gt;</a>&nbsp;&nbsp;&nbsp;KEY_GPIO_Config
<LI><a href="#[d1]">&gt;&gt;</a>&nbsp;&nbsp;&nbsp;KEY_EXTI_Config
</UL>
<BR>[Called By]<UL><LI><a href="#[ab]">&gt;&gt;</a>&nbsp;&nbsp;&nbsp;InitAll_KEY
</UL>

<P><STRONG><a name="[cb]"></a>InitLED</STRONG> (Thumb, 50 bytes, Stack size 16 bytes, led.o(i.InitLED))
<BR><BR>[Stack]<UL><LI>Max Depth = 36<LI>Call Chain = InitLED &rArr; GPIO_Init
</UL>
<BR>[Calls]<UL><LI><a href="#[9d]">&gt;&gt;</a>&nbsp;&nbsp;&nbsp;GPIO_Init
<LI><a href="#[8]">&gt;&gt;</a>&nbsp;&nbsp;&nbsp;RCC_AHB1PeriphClockCmd
</UL>
<BR>[Called By]<UL><LI><a href="#[ce]">&gt;&gt;</a>&nbsp;&nbsp;&nbsp;InitNuxieTube
<LI><a href="#[ca]">&gt;&gt;</a>&nbsp;&nbsp;&nbsp;InitBit
</UL>

<P><STRONG><a name="[b3]"></a>InitMSD</STRONG> (Thumb, 24 bytes, Stack size 8 bytes, microstepdriver.o(i.InitMSD))
<BR><BR>[Stack]<UL><LI>Max Depth = 48<LI>Call Chain = InitMSD &rArr; MSD_Mode_Config
</UL>
<BR>[Calls]<UL><LI><a href="#[d3]">&gt;&gt;</a>&nbsp;&nbsp;&nbsp;MSD_NVIC_Config
<LI><a href="#[d4]">&gt;&gt;</a>&nbsp;&nbsp;&nbsp;MSD_Mode_Config
<LI><a href="#[d2]">&gt;&gt;</a>&nbsp;&nbsp;&nbsp;MSD_GPIO_Config
</UL>
<BR>[Called By]<UL><LI><a href="#[ae]">&gt;&gt;</a>&nbsp;&nbsp;&nbsp;InitAll_MSD
</UL>

<P><STRONG><a name="[ce]"></a>InitNuxieTube</STRONG> (Thumb, 84 bytes, Stack size 16 bytes, nuxietube.o(i.InitNuxieTube))
<BR><BR>[Stack]<UL><LI>Max Depth = 60<LI>Call Chain = InitNuxieTube &rArr; InitBit &rArr; InitLED &rArr; GPIO_Init
</UL>
<BR>[Calls]<UL><LI><a href="#[cb]">&gt;&gt;</a>&nbsp;&nbsp;&nbsp;InitLED
<LI><a href="#[ca]">&gt;&gt;</a>&nbsp;&nbsp;&nbsp;InitBit
<LI><a href="#[94]">&gt;&gt;</a>&nbsp;&nbsp;&nbsp;Bit_ON
<LI><a href="#[92]">&gt;&gt;</a>&nbsp;&nbsp;&nbsp;Bit_OFF
</UL>
<BR>[Called By]<UL><LI><a href="#[b0]">&gt;&gt;</a>&nbsp;&nbsp;&nbsp;InitClock
</UL>

<P><STRONG><a name="[c9]"></a>InitUsart</STRONG> (Thumb, 12 bytes, Stack size 8 bytes, usart.o(i.InitUsart))
<BR><BR>[Stack]<UL><LI>Max Depth = 108<LI>Call Chain = InitUsart &rArr; Usart_Config &rArr; USART_Init &rArr; RCC_GetClocksFreq
</UL>
<BR>[Calls]<UL><LI><a href="#[d5]">&gt;&gt;</a>&nbsp;&nbsp;&nbsp;Usart_Config
</UL>
<BR>[Called By]<UL><LI><a href="#[ac]">&gt;&gt;</a>&nbsp;&nbsp;&nbsp;InitAll_USART
</UL>

<P><STRONG><a name="[6e]"></a>InvokerClear</STRONG> (Thumb, 2 bytes, Stack size 0 bytes, order.o(i.InvokerClear))
<BR>[Address Reference Count : 1]<UL><LI> order.o(i.NewInvoker)
</UL>
<P><STRONG><a name="[6f]"></a>InvokerDoOrder</STRONG> (Thumb, 10 bytes, Stack size 8 bytes, order.o(i.InvokerDoOrder))
<BR><BR>[Stack]<UL><LI>Max Depth = 8<LI>Call Chain = InvokerDoOrder
</UL>
<BR>[Address Reference Count : 1]<UL><LI> order.o(i.NewInvoker)
</UL>
<P><STRONG><a name="[70]"></a>InvokerSetOrder</STRONG> (Thumb, 12 bytes, Stack size 16 bytes, order.o(i.InvokerSetOrder))
<BR><BR>[Stack]<UL><LI>Max Depth = 16<LI>Call Chain = InvokerSetOrder
</UL>
<BR>[Address Reference Count : 1]<UL><LI> order.o(i.NewInvoker)
</UL>
<P><STRONG><a name="[d1]"></a>KEY_EXTI_Config</STRONG> (Thumb, 56 bytes, Stack size 16 bytes, key.o(i.KEY_EXTI_Config))
<BR><BR>[Stack]<UL><LI>Max Depth = 48<LI>Call Chain = KEY_EXTI_Config &rArr; KEY_NVIC_Config &rArr; NVIC_Init
</UL>
<BR>[Calls]<UL><LI><a href="#[d8]">&gt;&gt;</a>&nbsp;&nbsp;&nbsp;EXTI_Init
<LI><a href="#[0]">&gt;&gt;</a>&nbsp;&nbsp;&nbsp;RCC_APB2PeriphClockCmd
<LI><a href="#[d7]">&gt;&gt;</a>&nbsp;&nbsp;&nbsp;SYSCFG_EXTILineConfig
<LI><a href="#[d6]">&gt;&gt;</a>&nbsp;&nbsp;&nbsp;KEY_NVIC_Config
</UL>
<BR>[Called By]<UL><LI><a href="#[b2]">&gt;&gt;</a>&nbsp;&nbsp;&nbsp;InitKEY
</UL>

<P><STRONG><a name="[d0]"></a>KEY_GPIO_Config</STRONG> (Thumb, 38 bytes, Stack size 16 bytes, key.o(i.KEY_GPIO_Config))
<BR><BR>[Stack]<UL><LI>Max Depth = 36<LI>Call Chain = KEY_GPIO_Config &rArr; GPIO_Init
</UL>
<BR>[Calls]<UL><LI><a href="#[9d]">&gt;&gt;</a>&nbsp;&nbsp;&nbsp;GPIO_Init
<LI><a href="#[8]">&gt;&gt;</a>&nbsp;&nbsp;&nbsp;RCC_AHB1PeriphClockCmd
</UL>
<BR>[Called By]<UL><LI><a href="#[b2]">&gt;&gt;</a>&nbsp;&nbsp;&nbsp;InitKEY
</UL>

<P><STRONG><a name="[d6]"></a>KEY_NVIC_Config</STRONG> (Thumb, 48 bytes, Stack size 16 bytes, key.o(i.KEY_NVIC_Config))
<BR><BR>[Stack]<UL><LI>Max Depth = 32<LI>Call Chain = KEY_NVIC_Config &rArr; NVIC_Init
</UL>
<BR>[Calls]<UL><LI><a href="#[d9]">&gt;&gt;</a>&nbsp;&nbsp;&nbsp;NVIC_PriorityGroupConfig
<LI><a href="#[da]">&gt;&gt;</a>&nbsp;&nbsp;&nbsp;NVIC_Init
</UL>
<BR>[Called By]<UL><LI><a href="#[d1]">&gt;&gt;</a>&nbsp;&nbsp;&nbsp;KEY_EXTI_Config
</UL>

<P><STRONG><a name="[95]"></a>LED_OFF</STRONG> (Thumb, 10 bytes, Stack size 0 bytes, led.o(i.LED_OFF))
<BR><BR>[Called By]<UL><LI><a href="#[ee]">&gt;&gt;</a>&nbsp;&nbsp;&nbsp;SetBit
<LI><a href="#[94]">&gt;&gt;</a>&nbsp;&nbsp;&nbsp;Bit_ON
</UL>

<P><STRONG><a name="[93]"></a>LED_ON</STRONG> (Thumb, 10 bytes, Stack size 0 bytes, led.o(i.LED_ON))
<BR><BR>[Called By]<UL><LI><a href="#[ee]">&gt;&gt;</a>&nbsp;&nbsp;&nbsp;SetBit
<LI><a href="#[92]">&gt;&gt;</a>&nbsp;&nbsp;&nbsp;Bit_OFF
</UL>

<P><STRONG><a name="[a5]"></a>LED_Toggle</STRONG> (Thumb, 14 bytes, Stack size 0 bytes, led.o(i.LED_Toggle))
<BR><BR>[Called By]<UL><LI><a href="#[38]">&gt;&gt;</a>&nbsp;&nbsp;&nbsp;EXTI15_10_IRQHandler
<LI><a href="#[1a]">&gt;&gt;</a>&nbsp;&nbsp;&nbsp;EXTI0_IRQHandler
</UL>

<P><STRONG><a name="[a6]"></a>MSD_ENA</STRONG> (Thumb, 56 bytes, Stack size 16 bytes, microstepdriver.o(i.MSD_ENA))
<BR><BR>[Stack]<UL><LI>Max Depth = 16<LI>Call Chain = MSD_ENA
</UL>
<BR>[Calls]<UL><LI><a href="#[db]">&gt;&gt;</a>&nbsp;&nbsp;&nbsp;GPIO_SetBits
<LI><a href="#[dc]">&gt;&gt;</a>&nbsp;&nbsp;&nbsp;GPIO_ResetBits
<LI><a href="#[a1]">&gt;&gt;</a>&nbsp;&nbsp;&nbsp;__2printf
</UL>
<BR>[Called By]<UL><LI><a href="#[38]">&gt;&gt;</a>&nbsp;&nbsp;&nbsp;EXTI15_10_IRQHandler
<LI><a href="#[1a]">&gt;&gt;</a>&nbsp;&nbsp;&nbsp;EXTI0_IRQHandler
</UL>

<P><STRONG><a name="[d2]"></a>MSD_GPIO_Config</STRONG> (Thumb, 172 bytes, Stack size 16 bytes, microstepdriver.o(i.MSD_GPIO_Config))
<BR><BR>[Stack]<UL><LI>Max Depth = 36<LI>Call Chain = MSD_GPIO_Config &rArr; GPIO_PinAFConfig
</UL>
<BR>[Calls]<UL><LI><a href="#[dc]">&gt;&gt;</a>&nbsp;&nbsp;&nbsp;GPIO_ResetBits
<LI><a href="#[dd]">&gt;&gt;</a>&nbsp;&nbsp;&nbsp;GPIO_PinAFConfig
<LI><a href="#[9d]">&gt;&gt;</a>&nbsp;&nbsp;&nbsp;GPIO_Init
</UL>
<BR>[Called By]<UL><LI><a href="#[b3]">&gt;&gt;</a>&nbsp;&nbsp;&nbsp;InitMSD
</UL>

<P><STRONG><a name="[de]"></a>MSD_IRQHandler</STRONG> (Thumb, 204 bytes, Stack size 16 bytes, microstepdriver.o(i.MSD_IRQHandler))
<BR><BR>[Stack]<UL><LI>Max Depth = 28<LI>Call Chain = MSD_IRQHandler &rArr; TIM_GetITStatus
</UL>
<BR>[Calls]<UL><LI><a href="#[98]">&gt;&gt;</a>&nbsp;&nbsp;&nbsp;TIM_GetITStatus
<LI><a href="#[df]">&gt;&gt;</a>&nbsp;&nbsp;&nbsp;TIM_Cmd
<LI><a href="#[99]">&gt;&gt;</a>&nbsp;&nbsp;&nbsp;TIM_ClearITPendingBit
</UL>
<BR>[Called By]<UL><LI><a href="#[9]">&gt;&gt;</a>&nbsp;&nbsp;&nbsp;TIM3_IRQHandler
<LI><a href="#[7]">&gt;&gt;</a>&nbsp;&nbsp;&nbsp;TIM2_IRQHandler
</UL>

<P><STRONG><a name="[d4]"></a>MSD_Mode_Config</STRONG> (Thumb, 144 bytes, Stack size 40 bytes, microstepdriver.o(i.MSD_Mode_Config))
<BR><BR>[Stack]<UL><LI>Max Depth = 40<LI>Call Chain = MSD_Mode_Config
</UL>
<BR>[Calls]<UL><LI><a href="#[e3]">&gt;&gt;</a>&nbsp;&nbsp;&nbsp;TIM_UpdateRequestConfig
<LI><a href="#[e0]">&gt;&gt;</a>&nbsp;&nbsp;&nbsp;TIM_TimeBaseStructInit
<LI><a href="#[e1]">&gt;&gt;</a>&nbsp;&nbsp;&nbsp;TIM_TimeBaseInit
<LI><a href="#[e4]">&gt;&gt;</a>&nbsp;&nbsp;&nbsp;TIM_ITConfig
<LI><a href="#[df]">&gt;&gt;</a>&nbsp;&nbsp;&nbsp;TIM_Cmd
<LI><a href="#[99]">&gt;&gt;</a>&nbsp;&nbsp;&nbsp;TIM_ClearITPendingBit
<LI><a href="#[e2]">&gt;&gt;</a>&nbsp;&nbsp;&nbsp;TIM_ARRPreloadConfig
</UL>
<BR>[Called By]<UL><LI><a href="#[b3]">&gt;&gt;</a>&nbsp;&nbsp;&nbsp;InitMSD
</UL>

<P><STRONG><a name="[e5]"></a>MSD_Move</STRONG> (Thumb, 80 bytes, Stack size 8 bytes, microstepdriver.o(i.MSD_Move))
<BR><BR>[Stack]<UL><LI>Max Depth = 8<LI>Call Chain = MSD_Move
</UL>
<BR>[Calls]<UL><LI><a href="#[db]">&gt;&gt;</a>&nbsp;&nbsp;&nbsp;GPIO_SetBits
<LI><a href="#[dc]">&gt;&gt;</a>&nbsp;&nbsp;&nbsp;GPIO_ResetBits
<LI><a href="#[e6]">&gt;&gt;</a>&nbsp;&nbsp;&nbsp;TIM_SetAutoreload
<LI><a href="#[df]">&gt;&gt;</a>&nbsp;&nbsp;&nbsp;TIM_Cmd
</UL>
<BR>[Called By]<UL><LI><a href="#[83]">&gt;&gt;</a>&nbsp;&nbsp;&nbsp;OrderLMSDo
<LI><a href="#[82]">&gt;&gt;</a>&nbsp;&nbsp;&nbsp;OrderLMRDo
<LI><a href="#[81]">&gt;&gt;</a>&nbsp;&nbsp;&nbsp;OrderLMFDo
<LI><a href="#[80]">&gt;&gt;</a>&nbsp;&nbsp;&nbsp;OrderLMADo
<LI><a href="#[7f]">&gt;&gt;</a>&nbsp;&nbsp;&nbsp;OrderLM2Do
<LI><a href="#[7a]">&gt;&gt;</a>&nbsp;&nbsp;&nbsp;OrderDMSDo
<LI><a href="#[79]">&gt;&gt;</a>&nbsp;&nbsp;&nbsp;OrderDMRDo
<LI><a href="#[78]">&gt;&gt;</a>&nbsp;&nbsp;&nbsp;OrderDMFDo
<LI><a href="#[77]">&gt;&gt;</a>&nbsp;&nbsp;&nbsp;OrderDMADo
<LI><a href="#[76]">&gt;&gt;</a>&nbsp;&nbsp;&nbsp;OrderDM2Do
</UL>

<P><STRONG><a name="[d3]"></a>MSD_NVIC_Config</STRONG> (Thumb, 40 bytes, Stack size 16 bytes, microstepdriver.o(i.MSD_NVIC_Config))
<BR><BR>[Stack]<UL><LI>Max Depth = 32<LI>Call Chain = MSD_NVIC_Config &rArr; NVIC_Init
</UL>
<BR>[Calls]<UL><LI><a href="#[d9]">&gt;&gt;</a>&nbsp;&nbsp;&nbsp;NVIC_PriorityGroupConfig
<LI><a href="#[da]">&gt;&gt;</a>&nbsp;&nbsp;&nbsp;NVIC_Init
</UL>
<BR>[Called By]<UL><LI><a href="#[b3]">&gt;&gt;</a>&nbsp;&nbsp;&nbsp;InitMSD
</UL>

<P><STRONG><a name="[ea]"></a>MSD_waitStop</STRONG> (Thumb, 20 bytes, Stack size 0 bytes, microstepdriver.o(i.MSD_waitStop))
<BR><BR>[Called By]<UL><LI><a href="#[83]">&gt;&gt;</a>&nbsp;&nbsp;&nbsp;OrderLMSDo
<LI><a href="#[82]">&gt;&gt;</a>&nbsp;&nbsp;&nbsp;OrderLMRDo
<LI><a href="#[81]">&gt;&gt;</a>&nbsp;&nbsp;&nbsp;OrderLMFDo
<LI><a href="#[80]">&gt;&gt;</a>&nbsp;&nbsp;&nbsp;OrderLMADo
<LI><a href="#[7f]">&gt;&gt;</a>&nbsp;&nbsp;&nbsp;OrderLM2Do
<LI><a href="#[7a]">&gt;&gt;</a>&nbsp;&nbsp;&nbsp;OrderDMSDo
<LI><a href="#[79]">&gt;&gt;</a>&nbsp;&nbsp;&nbsp;OrderDMRDo
<LI><a href="#[78]">&gt;&gt;</a>&nbsp;&nbsp;&nbsp;OrderDMFDo
<LI><a href="#[77]">&gt;&gt;</a>&nbsp;&nbsp;&nbsp;OrderDMADo
<LI><a href="#[76]">&gt;&gt;</a>&nbsp;&nbsp;&nbsp;OrderDM2Do
</UL>

<P><STRONG><a name="[d]"></a>MemManage_Handler</STRONG> (Thumb, 4 bytes, Stack size 0 bytes, stm32f4xx_it.o(i.MemManage_Handler))
<BR>[Address Reference Count : 1]<UL><LI> startup_stm32f429_439xx.o(RESET)
</UL>
<P><STRONG><a name="[b]"></a>NMI_Handler</STRONG> (Thumb, 2 bytes, Stack size 0 bytes, stm32f4xx_it.o(i.NMI_Handler))
<BR>[Address Reference Count : 1]<UL><LI> startup_stm32f429_439xx.o(RESET)
</UL>
<P><STRONG><a name="[da]"></a>NVIC_Init</STRONG> (Thumb, 106 bytes, Stack size 16 bytes, misc.o(i.NVIC_Init))
<BR><BR>[Stack]<UL><LI>Max Depth = 16<LI>Call Chain = NVIC_Init
</UL>
<BR>[Called By]<UL><LI><a href="#[d3]">&gt;&gt;</a>&nbsp;&nbsp;&nbsp;MSD_NVIC_Config
<LI><a href="#[f6]">&gt;&gt;</a>&nbsp;&nbsp;&nbsp;Usart_NVIC_Config
<LI><a href="#[d6]">&gt;&gt;</a>&nbsp;&nbsp;&nbsp;KEY_NVIC_Config
<LI><a href="#[cc]">&gt;&gt;</a>&nbsp;&nbsp;&nbsp;TIM_NVIC_Configuration
</UL>

<P><STRONG><a name="[d9]"></a>NVIC_PriorityGroupConfig</STRONG> (Thumb, 10 bytes, Stack size 0 bytes, misc.o(i.NVIC_PriorityGroupConfig))
<BR><BR>[Called By]<UL><LI><a href="#[d3]">&gt;&gt;</a>&nbsp;&nbsp;&nbsp;MSD_NVIC_Config
<LI><a href="#[f6]">&gt;&gt;</a>&nbsp;&nbsp;&nbsp;Usart_NVIC_Config
<LI><a href="#[d6]">&gt;&gt;</a>&nbsp;&nbsp;&nbsp;KEY_NVIC_Config
<LI><a href="#[cc]">&gt;&gt;</a>&nbsp;&nbsp;&nbsp;TIM_NVIC_Configuration
</UL>

<P><STRONG><a name="[a0]"></a>NewInvoker</STRONG> (Thumb, 46 bytes, Stack size 40 bytes, order.o(i.NewInvoker))
<BR><BR>[Stack]<UL><LI>Max Depth = 52<LI>Call Chain = NewInvoker &rArr; NewOrder
</UL>
<BR>[Calls]<UL><LI><a href="#[b5]">&gt;&gt;</a>&nbsp;&nbsp;&nbsp;__aeabi_memcpy4
<LI><a href="#[e7]">&gt;&gt;</a>&nbsp;&nbsp;&nbsp;NewOrder
</UL>
<BR>[Called By]<UL><LI><a href="#[9e]">&gt;&gt;</a>&nbsp;&nbsp;&nbsp;DealSerialData
</UL>

<P><STRONG><a name="[e7]"></a>NewOrder</STRONG> (Thumb, 20 bytes, Stack size 12 bytes, order.o(i.NewOrder))
<BR><BR>[Stack]<UL><LI>Max Depth = 12<LI>Call Chain = NewOrder
</UL>
<BR>[Called By]<UL><LI><a href="#[a0]">&gt;&gt;</a>&nbsp;&nbsp;&nbsp;NewInvoker
</UL>

<P><STRONG><a name="[c4]"></a>NewOrderACA</STRONG> (Thumb, 20 bytes, Stack size 12 bytes, order.o(i.NewOrderACA))
<BR><BR>[Stack]<UL><LI>Max Depth = 12<LI>Call Chain = NewOrderACA
</UL>
<BR>[Called By]<UL><LI><a href="#[af]">&gt;&gt;</a>&nbsp;&nbsp;&nbsp;InitAll_Order
</UL>

<P><STRONG><a name="[c5]"></a>NewOrderACS</STRONG> (Thumb, 20 bytes, Stack size 12 bytes, order.o(i.NewOrderACS))
<BR><BR>[Stack]<UL><LI>Max Depth = 12<LI>Call Chain = NewOrderACS
</UL>
<BR>[Called By]<UL><LI><a href="#[af]">&gt;&gt;</a>&nbsp;&nbsp;&nbsp;InitAll_Order
</UL>

<P><STRONG><a name="[c2]"></a>NewOrderDCA</STRONG> (Thumb, 20 bytes, Stack size 12 bytes, order.o(i.NewOrderDCA))
<BR><BR>[Stack]<UL><LI>Max Depth = 12<LI>Call Chain = NewOrderDCA
</UL>
<BR>[Called By]<UL><LI><a href="#[af]">&gt;&gt;</a>&nbsp;&nbsp;&nbsp;InitAll_Order
</UL>

<P><STRONG><a name="[c3]"></a>NewOrderDCS</STRONG> (Thumb, 20 bytes, Stack size 12 bytes, order.o(i.NewOrderDCS))
<BR><BR>[Stack]<UL><LI>Max Depth = 12<LI>Call Chain = NewOrderDCS
</UL>
<BR>[Called By]<UL><LI><a href="#[af]">&gt;&gt;</a>&nbsp;&nbsp;&nbsp;InitAll_Order
</UL>

<P><STRONG><a name="[bf]"></a>NewOrderDM2</STRONG> (Thumb, 20 bytes, Stack size 12 bytes, order.o(i.NewOrderDM2))
<BR><BR>[Stack]<UL><LI>Max Depth = 12<LI>Call Chain = NewOrderDM2
</UL>
<BR>[Called By]<UL><LI><a href="#[af]">&gt;&gt;</a>&nbsp;&nbsp;&nbsp;InitAll_Order
</UL>

<P><STRONG><a name="[bb]"></a>NewOrderDMA</STRONG> (Thumb, 20 bytes, Stack size 12 bytes, order.o(i.NewOrderDMA))
<BR><BR>[Stack]<UL><LI>Max Depth = 12<LI>Call Chain = NewOrderDMA
</UL>
<BR>[Called By]<UL><LI><a href="#[af]">&gt;&gt;</a>&nbsp;&nbsp;&nbsp;InitAll_Order
</UL>

<P><STRONG><a name="[bd]"></a>NewOrderDMF</STRONG> (Thumb, 20 bytes, Stack size 12 bytes, order.o(i.NewOrderDMF))
<BR><BR>[Stack]<UL><LI>Max Depth = 12<LI>Call Chain = NewOrderDMF
</UL>
<BR>[Called By]<UL><LI><a href="#[af]">&gt;&gt;</a>&nbsp;&nbsp;&nbsp;InitAll_Order
</UL>

<P><STRONG><a name="[be]"></a>NewOrderDMR</STRONG> (Thumb, 20 bytes, Stack size 12 bytes, order.o(i.NewOrderDMR))
<BR><BR>[Stack]<UL><LI>Max Depth = 12<LI>Call Chain = NewOrderDMR
</UL>
<BR>[Called By]<UL><LI><a href="#[af]">&gt;&gt;</a>&nbsp;&nbsp;&nbsp;InitAll_Order
</UL>

<P><STRONG><a name="[bc]"></a>NewOrderDMS</STRONG> (Thumb, 20 bytes, Stack size 12 bytes, order.o(i.NewOrderDMS))
<BR><BR>[Stack]<UL><LI>Max Depth = 12<LI>Call Chain = NewOrderDMS
</UL>
<BR>[Called By]<UL><LI><a href="#[af]">&gt;&gt;</a>&nbsp;&nbsp;&nbsp;InitAll_Order
</UL>

<P><STRONG><a name="[c7]"></a>NewOrderEND</STRONG> (Thumb, 20 bytes, Stack size 12 bytes, order.o(i.NewOrderEND))
<BR><BR>[Stack]<UL><LI>Max Depth = 12<LI>Call Chain = NewOrderEND
</UL>
<BR>[Called By]<UL><LI><a href="#[af]">&gt;&gt;</a>&nbsp;&nbsp;&nbsp;InitAll_Order
</UL>

<P><STRONG><a name="[fc]"></a>NewOrderERR</STRONG> (Thumb, 20 bytes, Stack size 12 bytes, order.o(i.NewOrderERR))
<BR><BR>[Stack]<UL><LI>Max Depth = 12<LI>Call Chain = NewOrderERR
</UL>
<BR>[Called By]<UL><LI><a href="#[87]">&gt;&gt;</a>&nbsp;&nbsp;&nbsp;VectorOrderFind
</UL>

<P><STRONG><a name="[c0]"></a>NewOrderLCA</STRONG> (Thumb, 20 bytes, Stack size 12 bytes, order.o(i.NewOrderLCA))
<BR><BR>[Stack]<UL><LI>Max Depth = 12<LI>Call Chain = NewOrderLCA
</UL>
<BR>[Called By]<UL><LI><a href="#[af]">&gt;&gt;</a>&nbsp;&nbsp;&nbsp;InitAll_Order
</UL>

<P><STRONG><a name="[c1]"></a>NewOrderLCS</STRONG> (Thumb, 20 bytes, Stack size 12 bytes, order.o(i.NewOrderLCS))
<BR><BR>[Stack]<UL><LI>Max Depth = 12<LI>Call Chain = NewOrderLCS
</UL>
<BR>[Called By]<UL><LI><a href="#[af]">&gt;&gt;</a>&nbsp;&nbsp;&nbsp;InitAll_Order
</UL>

<P><STRONG><a name="[ba]"></a>NewOrderLM2</STRONG> (Thumb, 20 bytes, Stack size 12 bytes, order.o(i.NewOrderLM2))
<BR><BR>[Stack]<UL><LI>Max Depth = 12<LI>Call Chain = NewOrderLM2
</UL>
<BR>[Called By]<UL><LI><a href="#[af]">&gt;&gt;</a>&nbsp;&nbsp;&nbsp;InitAll_Order
</UL>

<P><STRONG><a name="[b6]"></a>NewOrderLMA</STRONG> (Thumb, 20 bytes, Stack size 12 bytes, order.o(i.NewOrderLMA))
<BR><BR>[Stack]<UL><LI>Max Depth = 12<LI>Call Chain = NewOrderLMA
</UL>
<BR>[Called By]<UL><LI><a href="#[af]">&gt;&gt;</a>&nbsp;&nbsp;&nbsp;InitAll_Order
</UL>

<P><STRONG><a name="[b8]"></a>NewOrderLMF</STRONG> (Thumb, 20 bytes, Stack size 12 bytes, order.o(i.NewOrderLMF))
<BR><BR>[Stack]<UL><LI>Max Depth = 12<LI>Call Chain = NewOrderLMF
</UL>
<BR>[Called By]<UL><LI><a href="#[af]">&gt;&gt;</a>&nbsp;&nbsp;&nbsp;InitAll_Order
</UL>

<P><STRONG><a name="[b9]"></a>NewOrderLMR</STRONG> (Thumb, 20 bytes, Stack size 12 bytes, order.o(i.NewOrderLMR))
<BR><BR>[Stack]<UL><LI>Max Depth = 12<LI>Call Chain = NewOrderLMR
</UL>
<BR>[Called By]<UL><LI><a href="#[af]">&gt;&gt;</a>&nbsp;&nbsp;&nbsp;InitAll_Order
</UL>

<P><STRONG><a name="[b7]"></a>NewOrderLMS</STRONG> (Thumb, 20 bytes, Stack size 12 bytes, order.o(i.NewOrderLMS))
<BR><BR>[Stack]<UL><LI>Max Depth = 12<LI>Call Chain = NewOrderLMS
</UL>
<BR>[Called By]<UL><LI><a href="#[af]">&gt;&gt;</a>&nbsp;&nbsp;&nbsp;InitAll_Order
</UL>

<P><STRONG><a name="[c8]"></a>NewOrderRES</STRONG> (Thumb, 20 bytes, Stack size 12 bytes, order.o(i.NewOrderRES))
<BR><BR>[Stack]<UL><LI>Max Depth = 12<LI>Call Chain = NewOrderRES
</UL>
<BR>[Called By]<UL><LI><a href="#[af]">&gt;&gt;</a>&nbsp;&nbsp;&nbsp;InitAll_Order
</UL>

<P><STRONG><a name="[c6]"></a>NewOrderSTA</STRONG> (Thumb, 20 bytes, Stack size 12 bytes, order.o(i.NewOrderSTA))
<BR><BR>[Stack]<UL><LI>Max Depth = 12<LI>Call Chain = NewOrderSTA
</UL>
<BR>[Called By]<UL><LI><a href="#[af]">&gt;&gt;</a>&nbsp;&nbsp;&nbsp;InitAll_Order
</UL>

<P><STRONG><a name="[b4]"></a>NewVectorOrder</STRONG> (Thumb, 48 bytes, Stack size 40 bytes, orders.o(i.NewVectorOrder))
<BR><BR>[Stack]<UL><LI>Max Depth = 40<LI>Call Chain = NewVectorOrder
</UL>
<BR>[Calls]<UL><LI><a href="#[b5]">&gt;&gt;</a>&nbsp;&nbsp;&nbsp;__aeabi_memcpy4
</UL>
<BR>[Called By]<UL><LI><a href="#[af]">&gt;&gt;</a>&nbsp;&nbsp;&nbsp;InitAll_Order
</UL>

<P><STRONG><a name="[72]"></a>OrderACADo</STRONG> (Thumb, 28 bytes, Stack size 8 bytes, order.o(i.OrderACADo))
<BR><BR>[Stack]<UL><LI>Max Depth = 16<LI>Call Chain = OrderACADo &rArr; Delay
</UL>
<BR>[Calls]<UL><LI><a href="#[a1]">&gt;&gt;</a>&nbsp;&nbsp;&nbsp;__2printf
<LI><a href="#[cf]">&gt;&gt;</a>&nbsp;&nbsp;&nbsp;Cylinder_ON
<LI><a href="#[e8]">&gt;&gt;</a>&nbsp;&nbsp;&nbsp;Delay
</UL>
<BR>[Address Reference Count : 1]<UL><LI> order.o(i.NewOrderACA)
</UL>
<P><STRONG><a name="[73]"></a>OrderACSDo</STRONG> (Thumb, 28 bytes, Stack size 8 bytes, order.o(i.OrderACSDo))
<BR><BR>[Stack]<UL><LI>Max Depth = 16<LI>Call Chain = OrderACSDo &rArr; Delay
</UL>
<BR>[Calls]<UL><LI><a href="#[a1]">&gt;&gt;</a>&nbsp;&nbsp;&nbsp;__2printf
<LI><a href="#[e9]">&gt;&gt;</a>&nbsp;&nbsp;&nbsp;Cylinder_OFF
<LI><a href="#[e8]">&gt;&gt;</a>&nbsp;&nbsp;&nbsp;Delay
</UL>
<BR>[Address Reference Count : 1]<UL><LI> order.o(i.NewOrderACS)
</UL>
<P><STRONG><a name="[74]"></a>OrderDCADo</STRONG> (Thumb, 22 bytes, Stack size 8 bytes, order.o(i.OrderDCADo))
<BR><BR>[Stack]<UL><LI>Max Depth = 16<LI>Call Chain = OrderDCADo &rArr; Delay
</UL>
<BR>[Calls]<UL><LI><a href="#[a1]">&gt;&gt;</a>&nbsp;&nbsp;&nbsp;__2printf
<LI><a href="#[cf]">&gt;&gt;</a>&nbsp;&nbsp;&nbsp;Cylinder_ON
<LI><a href="#[e8]">&gt;&gt;</a>&nbsp;&nbsp;&nbsp;Delay
</UL>
<BR>[Address Reference Count : 1]<UL><LI> order.o(i.NewOrderDCA)
</UL>
<P><STRONG><a name="[75]"></a>OrderDCSDo</STRONG> (Thumb, 22 bytes, Stack size 8 bytes, order.o(i.OrderDCSDo))
<BR><BR>[Stack]<UL><LI>Max Depth = 16<LI>Call Chain = OrderDCSDo &rArr; Delay
</UL>
<BR>[Calls]<UL><LI><a href="#[a1]">&gt;&gt;</a>&nbsp;&nbsp;&nbsp;__2printf
<LI><a href="#[e9]">&gt;&gt;</a>&nbsp;&nbsp;&nbsp;Cylinder_OFF
<LI><a href="#[e8]">&gt;&gt;</a>&nbsp;&nbsp;&nbsp;Delay
</UL>
<BR>[Address Reference Count : 1]<UL><LI> order.o(i.NewOrderDCS)
</UL>
<P><STRONG><a name="[76]"></a>OrderDM2Do</STRONG> (Thumb, 62 bytes, Stack size 8 bytes, order.o(i.OrderDM2Do))
<BR><BR>[Stack]<UL><LI>Max Depth = 16<LI>Call Chain = OrderDM2Do &rArr; MSD_Move
</UL>
<BR>[Calls]<UL><LI><a href="#[ea]">&gt;&gt;</a>&nbsp;&nbsp;&nbsp;MSD_waitStop
<LI><a href="#[e5]">&gt;&gt;</a>&nbsp;&nbsp;&nbsp;MSD_Move
<LI><a href="#[a1]">&gt;&gt;</a>&nbsp;&nbsp;&nbsp;__2printf
</UL>
<BR>[Address Reference Count : 1]<UL><LI> order.o(i.NewOrderDM2)
</UL>
<P><STRONG><a name="[77]"></a>OrderDMADo</STRONG> (Thumb, 38 bytes, Stack size 8 bytes, order.o(i.OrderDMADo))
<BR><BR>[Stack]<UL><LI>Max Depth = 16<LI>Call Chain = OrderDMADo &rArr; MSD_Move
</UL>
<BR>[Calls]<UL><LI><a href="#[ea]">&gt;&gt;</a>&nbsp;&nbsp;&nbsp;MSD_waitStop
<LI><a href="#[e5]">&gt;&gt;</a>&nbsp;&nbsp;&nbsp;MSD_Move
<LI><a href="#[a1]">&gt;&gt;</a>&nbsp;&nbsp;&nbsp;__2printf
</UL>
<BR>[Address Reference Count : 1]<UL><LI> order.o(i.NewOrderDMA)
</UL>
<P><STRONG><a name="[78]"></a>OrderDMFDo</STRONG> (Thumb, 28 bytes, Stack size 8 bytes, order.o(i.OrderDMFDo))
<BR><BR>[Stack]<UL><LI>Max Depth = 16<LI>Call Chain = OrderDMFDo &rArr; MSD_Move
</UL>
<BR>[Calls]<UL><LI><a href="#[ea]">&gt;&gt;</a>&nbsp;&nbsp;&nbsp;MSD_waitStop
<LI><a href="#[e5]">&gt;&gt;</a>&nbsp;&nbsp;&nbsp;MSD_Move
<LI><a href="#[a1]">&gt;&gt;</a>&nbsp;&nbsp;&nbsp;__2printf
</UL>
<BR>[Address Reference Count : 1]<UL><LI> order.o(i.NewOrderDMF)
</UL>
<P><STRONG><a name="[79]"></a>OrderDMRDo</STRONG> (Thumb, 30 bytes, Stack size 8 bytes, order.o(i.OrderDMRDo))
<BR><BR>[Stack]<UL><LI>Max Depth = 16<LI>Call Chain = OrderDMRDo &rArr; MSD_Move
</UL>
<BR>[Calls]<UL><LI><a href="#[ea]">&gt;&gt;</a>&nbsp;&nbsp;&nbsp;MSD_waitStop
<LI><a href="#[e5]">&gt;&gt;</a>&nbsp;&nbsp;&nbsp;MSD_Move
<LI><a href="#[a1]">&gt;&gt;</a>&nbsp;&nbsp;&nbsp;__2printf
</UL>
<BR>[Address Reference Count : 1]<UL><LI> order.o(i.NewOrderDMR)
</UL>
<P><STRONG><a name="[7a]"></a>OrderDMSDo</STRONG> (Thumb, 36 bytes, Stack size 8 bytes, order.o(i.OrderDMSDo))
<BR><BR>[Stack]<UL><LI>Max Depth = 16<LI>Call Chain = OrderDMSDo &rArr; MSD_Move
</UL>
<BR>[Calls]<UL><LI><a href="#[ea]">&gt;&gt;</a>&nbsp;&nbsp;&nbsp;MSD_waitStop
<LI><a href="#[e5]">&gt;&gt;</a>&nbsp;&nbsp;&nbsp;MSD_Move
<LI><a href="#[a1]">&gt;&gt;</a>&nbsp;&nbsp;&nbsp;__2printf
</UL>
<BR>[Address Reference Count : 1]<UL><LI> order.o(i.NewOrderDMS)
</UL>
<P><STRONG><a name="[71]"></a>OrderDo</STRONG> (Thumb, 10 bytes, Stack size 8 bytes, order.o(i.OrderDo))
<BR><BR>[Stack]<UL><LI>Max Depth = 8<LI>Call Chain = OrderDo
</UL>
<BR>[Calls]<UL><LI><a href="#[a1]">&gt;&gt;</a>&nbsp;&nbsp;&nbsp;__2printf
</UL>
<BR>[Address Reference Count : 1]<UL><LI> order.o(i.NewOrder)
</UL>
<P><STRONG><a name="[7b]"></a>OrderENDDo</STRONG> (Thumb, 16 bytes, Stack size 8 bytes, order.o(i.OrderENDDo))
<BR><BR>[Stack]<UL><LI>Max Depth = 8<LI>Call Chain = OrderENDDo
</UL>
<BR>[Calls]<UL><LI><a href="#[a1]">&gt;&gt;</a>&nbsp;&nbsp;&nbsp;__2printf
<LI><a href="#[eb]">&gt;&gt;</a>&nbsp;&nbsp;&nbsp;EndClock
</UL>
<BR>[Address Reference Count : 1]<UL><LI> order.o(i.NewOrderEND)
</UL>
<P><STRONG><a name="[7c]"></a>OrderERRDo</STRONG> (Thumb, 10 bytes, Stack size 8 bytes, order.o(i.OrderERRDo))
<BR><BR>[Stack]<UL><LI>Max Depth = 8<LI>Call Chain = OrderERRDo
</UL>
[...]
<LI><a href="#[9a]">&gt;&gt;</a>&nbsp;&nbsp;&nbsp;SetNuxieTube
</UL>
<BR>[Called By]<UL><LI><a href="#[84]">&gt;&gt;</a>&nbsp;&nbsp;&nbsp;OrderRESDo
</UL>

<P><STRONG><a name="[10]"></a>SVC_Handler</STRONG> (Thumb, 2 bytes, Stack size 0 bytes, stm32f4xx_it.o(i.SVC_Handler))
<BR>[Address Reference Count : 1]<UL><LI> startup_stm32f429_439xx.o(RESET)
</UL>
<P><STRONG><a name="[d7]"></a>SYSCFG_EXTILineConfig</STRONG> (Thumb, 60 bytes, Stack size 12 bytes, stm32f4xx_syscfg.o(i.SYSCFG_EXTILineConfig))
<BR><BR>[Stack]<UL><LI>Max Depth = 12<LI>Call Chain = SYSCFG_EXTILineConfig
</UL>
<BR>[Called By]<UL><LI><a href="#[d1]">&gt;&gt;</a>&nbsp;&nbsp;&nbsp;KEY_EXTI_Config
</UL>

<P><STRONG><a name="[ee]"></a>SetBit</STRONG> (Thumb, 24 bytes, Stack size 16 bytes, nuxietube.o(i.SetBit))
<BR><BR>[Stack]<UL><LI>Max Depth = 16<LI>Call Chain = SetBit
</UL>
<BR>[Calls]<UL><LI><a href="#[93]">&gt;&gt;</a>&nbsp;&nbsp;&nbsp;LED_ON
<LI><a href="#[95]">&gt;&gt;</a>&nbsp;&nbsp;&nbsp;LED_OFF
</UL>
<BR>[Called By]<UL><LI><a href="#[9b]">&gt;&gt;</a>&nbsp;&nbsp;&nbsp;ShowNuxieTube
</UL>

<P><STRONG><a name="[9a]"></a>SetNuxieTube</STRONG> (Thumb, 34 bytes, Stack size 12 bytes, nuxietube.o(i.SetNuxieTube))
<BR><BR>[Stack]<UL><LI>Max Depth = 12<LI>Call Chain = SetNuxieTube
</UL>
<BR>[Called By]<UL><LI><a href="#[96]">&gt;&gt;</a>&nbsp;&nbsp;&nbsp;Clock_IRQHandler
<LI><a href="#[ec]">&gt;&gt;</a>&nbsp;&nbsp;&nbsp;ResetClock
<LI><a href="#[b0]">&gt;&gt;</a>&nbsp;&nbsp;&nbsp;InitClock
</UL>

<P><STRONG><a name="[9b]"></a>ShowNuxieTube</STRONG> (Thumb, 140 bytes, Stack size 16 bytes, nuxietube.o(i.ShowNuxieTube))
<BR><BR>[Stack]<UL><LI>Max Depth = 32<LI>Call Chain = ShowNuxieTube &rArr; SetBit
</UL>
<BR>[Calls]<UL><LI><a href="#[ee]">&gt;&gt;</a>&nbsp;&nbsp;&nbsp;SetBit
</UL>
<BR>[Called By]<UL><LI><a href="#[96]">&gt;&gt;</a>&nbsp;&nbsp;&nbsp;Clock_IRQHandler
</UL>

<P><STRONG><a name="[ed]"></a>StartClock</STRONG> (Thumb, 8 bytes, Stack size 0 bytes, clock.o(i.StartClock))
<BR><BR>[Called By]<UL><LI><a href="#[85]">&gt;&gt;</a>&nbsp;&nbsp;&nbsp;OrderSTADo
</UL>

<P><STRONG><a name="[13]"></a>SysTick_Handler</STRONG> (Thumb, 2 bytes, Stack size 0 bytes, stm32f4xx_it.o(i.SysTick_Handler))
<BR>[Address Reference Count : 1]<UL><LI> startup_stm32f429_439xx.o(RESET)
</UL>
<P><STRONG><a name="[6c]"></a>SystemInit</STRONG> (Thumb, 88 bytes, Stack size 8 bytes, system_stm32f4xx.o(i.SystemInit))
<BR><BR>[Stack]<UL><LI>Max Depth = 20<LI>Call Chain = SystemInit &rArr; SetSysClock
</UL>
<BR>[Calls]<UL><LI><a href="#[ef]">&gt;&gt;</a>&nbsp;&nbsp;&nbsp;SetSysClock
</UL>
<BR>[Address Reference Count : 1]<UL><LI> startup_stm32f429_439xx.o(.text)
</UL>
<P><STRONG><a name="[1]"></a>TIM1_UP_TIM10_IRQHandler</STRONG> (Thumb, 10 bytes, Stack size 8 bytes, stm32f4xx_it.o(i.TIM1_UP_TIM10_IRQHandler))
<BR><BR>[Stack]<UL><LI>Max Depth = 88<LI>Call Chain = TIM1_UP_TIM10_IRQHandler &rArr; Clock_IRQHandler &rArr; ShowNuxieTube &rArr; SetBit
</UL>
<BR>[Calls]<UL><LI><a href="#[96]">&gt;&gt;</a>&nbsp;&nbsp;&nbsp;Clock_IRQHandler
</UL>
<BR>[Address Reference Count : 2]<UL><LI> startup_stm32f429_439xx.o(RESET)
<LI> config.o(.data)
</UL>
<P><STRONG><a name="[7]"></a>TIM2_IRQHandler</STRONG> (Thumb, 10 bytes, Stack size 8 bytes, stm32f4xx_it.o(i.TIM2_IRQHandler))
<BR><BR>[Stack]<UL><LI>Max Depth = 36<LI>Call Chain = TIM2_IRQHandler &rArr; MSD_IRQHandler &rArr; TIM_GetITStatus
</UL>
<BR>[Calls]<UL><LI><a href="#[de]">&gt;&gt;</a>&nbsp;&nbsp;&nbsp;MSD_IRQHandler
</UL>
<BR>[Address Reference Count : 2]<UL><LI> startup_stm32f429_439xx.o(RESET)
<LI> config.o(.data)
</UL>
<P><STRONG><a name="[9]"></a>TIM3_IRQHandler</STRONG> (Thumb, 10 bytes, Stack size 8 bytes, stm32f4xx_it.o(i.TIM3_IRQHandler))
<BR><BR>[Stack]<UL><LI>Max Depth = 36<LI>Call Chain = TIM3_IRQHandler &rArr; MSD_IRQHandler &rArr; TIM_GetITStatus
</UL>
<BR>[Calls]<UL><LI><a href="#[de]">&gt;&gt;</a>&nbsp;&nbsp;&nbsp;MSD_IRQHandler
</UL>
<BR>[Address Reference Count : 2]<UL><LI> startup_stm32f429_439xx.o(RESET)
<LI> config.o(.data)
</UL>
<P><STRONG><a name="[e2]"></a>TIM_ARRPreloadConfig</STRONG> (Thumb, 24 bytes, Stack size 0 bytes, stm32f4xx_tim.o(i.TIM_ARRPreloadConfig))
<BR><BR>[Called By]<UL><LI><a href="#[d4]">&gt;&gt;</a>&nbsp;&nbsp;&nbsp;MSD_Mode_Config
</UL>

<P><STRONG><a name="[f0]"></a>TIM_ClearFlag</STRONG> (Thumb, 6 bytes, Stack size 0 bytes, stm32f4xx_tim.o(i.TIM_ClearFlag))
<BR><BR>[Called By]<UL><LI><a href="#[cd]">&gt;&gt;</a>&nbsp;&nbsp;&nbsp;TIM_Mode_Config
</UL>

<P><STRONG><a name="[99]"></a>TIM_ClearITPendingBit</STRONG> (Thumb, 6 bytes, Stack size 0 bytes, stm32f4xx_tim.o(i.TIM_ClearITPendingBit))
<BR><BR>[Called By]<UL><LI><a href="#[96]">&gt;&gt;</a>&nbsp;&nbsp;&nbsp;Clock_IRQHandler
<LI><a href="#[d4]">&gt;&gt;</a>&nbsp;&nbsp;&nbsp;MSD_Mode_Config
<LI><a href="#[de]">&gt;&gt;</a>&nbsp;&nbsp;&nbsp;MSD_IRQHandler
</UL>

<P><STRONG><a name="[df]"></a>TIM_Cmd</STRONG> (Thumb, 24 bytes, Stack size 0 bytes, stm32f4xx_tim.o(i.TIM_Cmd))
<BR><BR>[Called By]<UL><LI><a href="#[e5]">&gt;&gt;</a>&nbsp;&nbsp;&nbsp;MSD_Move
<LI><a href="#[d4]">&gt;&gt;</a>&nbsp;&nbsp;&nbsp;MSD_Mode_Config
<LI><a href="#[de]">&gt;&gt;</a>&nbsp;&nbsp;&nbsp;MSD_IRQHandler
<LI><a href="#[cd]">&gt;&gt;</a>&nbsp;&nbsp;&nbsp;TIM_Mode_Config
</UL>

<P><STRONG><a name="[98]"></a>TIM_GetITStatus</STRONG> (Thumb, 34 bytes, Stack size 12 bytes, stm32f4xx_tim.o(i.TIM_GetITStatus))
<BR><BR>[Stack]<UL><LI>Max Depth = 12<LI>Call Chain = TIM_GetITStatus
</UL>
<BR>[Called By]<UL><LI><a href="#[96]">&gt;&gt;</a>&nbsp;&nbsp;&nbsp;Clock_IRQHandler
<LI><a href="#[de]">&gt;&gt;</a>&nbsp;&nbsp;&nbsp;MSD_IRQHandler
</UL>

<P><STRONG><a name="[e4]"></a>TIM_ITConfig</STRONG> (Thumb, 18 bytes, Stack size 0 bytes, stm32f4xx_tim.o(i.TIM_ITConfig))
<BR><BR>[Called By]<UL><LI><a href="#[d4]">&gt;&gt;</a>&nbsp;&nbsp;&nbsp;MSD_Mode_Config
<LI><a href="#[cd]">&gt;&gt;</a>&nbsp;&nbsp;&nbsp;TIM_Mode_Config
</UL>

<P><STRONG><a name="[4]"></a>TIM_OC4Init</STRONG> (Thumb, 112 bytes, Stack size 16 bytes, stm32f4xx_tim.o(i.TIM_OC4Init))
<BR><BR>[Stack]<UL><LI>Max Depth = 16<LI>Call Chain = TIM_OC4Init
</UL>
<BR>[Address Reference Count : 1]<UL><LI> config.o(.data)
</UL>
<P><STRONG><a name="[5]"></a>TIM_OC4PreloadConfig</STRONG> (Thumb, 26 bytes, Stack size 0 bytes, stm32f4xx_tim.o(i.TIM_OC4PreloadConfig))
<BR>[Address Reference Count : 1]<UL><LI> config.o(.data)
</UL>
<P><STRONG><a name="[e6]"></a>TIM_SetAutoreload</STRONG> (Thumb, 4 bytes, Stack size 0 bytes, stm32f4xx_tim.o(i.TIM_SetAutoreload))
<BR><BR>[Called By]<UL><LI><a href="#[e5]">&gt;&gt;</a>&nbsp;&nbsp;&nbsp;MSD_Move
</UL>

<P><STRONG><a name="[6]"></a>TIM_SetCompare4</STRONG> (Thumb, 4 bytes, Stack size 0 bytes, stm32f4xx_tim.o(i.TIM_SetCompare4))
<BR>[Address Reference Count : 1]<UL><LI> config.o(.data)
</UL>
<P><STRONG><a name="[e1]"></a>TIM_TimeBaseInit</STRONG> (Thumb, 104 bytes, Stack size 0 bytes, stm32f4xx_tim.o(i.TIM_TimeBaseInit))
<BR><BR>[Called By]<UL><LI><a href="#[d4]">&gt;&gt;</a>&nbsp;&nbsp;&nbsp;MSD_Mode_Config
<LI><a href="#[cd]">&gt;&gt;</a>&nbsp;&nbsp;&nbsp;TIM_Mode_Config
</UL>

<P><STRONG><a name="[e0]"></a>TIM_TimeBaseStructInit</STRONG> (Thumb, 18 bytes, Stack size 0 bytes, stm32f4xx_tim.o(i.TIM_TimeBaseStructInit))
<BR><BR>[Called By]<UL><LI><a href="#[d4]">&gt;&gt;</a>&nbsp;&nbsp;&nbsp;MSD_Mode_Config
</UL>

<P><STRONG><a name="[e3]"></a>TIM_UpdateRequestConfig</STRONG> (Thumb, 24 bytes, Stack size 0 bytes, stm32f4xx_tim.o(i.TIM_UpdateRequestConfig))
<BR><BR>[Called By]<UL><LI><a href="#[d4]">&gt;&gt;</a>&nbsp;&nbsp;&nbsp;MSD_Mode_Config
</UL>

<P><STRONG><a name="[2]"></a>USART1_IRQHandler</STRONG> (Thumb, 252 bytes, Stack size 8 bytes, stm32f4xx_it.o(i.USART1_IRQHandler))
<BR><BR>[Stack]<UL><LI>Max Depth = 24<LI>Call Chain = USART1_IRQHandler &rArr; Usart_SendByte
</UL>
<BR>[Calls]<UL><LI><a href="#[f3]">&gt;&gt;</a>&nbsp;&nbsp;&nbsp;Usart_SendByte
<LI><a href="#[f2]">&gt;&gt;</a>&nbsp;&nbsp;&nbsp;USART_ReceiveData
<LI><a href="#[f1]">&gt;&gt;</a>&nbsp;&nbsp;&nbsp;USART_GetITStatus
</UL>
<BR>[Address Reference Count : 2]<UL><LI> startup_stm32f429_439xx.o(RESET)
<LI> config.o(.data)
</UL>
<P><STRONG><a name="[f8]"></a>USART_Cmd</STRONG> (Thumb, 24 bytes, Stack size 0 bytes, stm32f4xx_usart.o(i.USART_Cmd))
<BR><BR>[Called By]<UL><LI><a href="#[d5]">&gt;&gt;</a>&nbsp;&nbsp;&nbsp;Usart_Config
</UL>

<P><STRONG><a name="[fa]"></a>USART_GetFlagStatus</STRONG> (Thumb, 26 bytes, Stack size 0 bytes, stm32f4xx_usart.o(i.USART_GetFlagStatus))
<BR><BR>[Called By]<UL><LI><a href="#[8b]">&gt;&gt;</a>&nbsp;&nbsp;&nbsp;fputc
<LI><a href="#[f3]">&gt;&gt;</a>&nbsp;&nbsp;&nbsp;Usart_SendByte
</UL>

<P><STRONG><a name="[f1]"></a>USART_GetITStatus</STRONG> (Thumb, 84 bytes, Stack size 16 bytes, stm32f4xx_usart.o(i.USART_GetITStatus))
<BR><BR>[Stack]<UL><LI>Max Depth = 16<LI>Call Chain = USART_GetITStatus
</UL>
<BR>[Called By]<UL><LI><a href="#[2]">&gt;&gt;</a>&nbsp;&nbsp;&nbsp;USART1_IRQHandler
</UL>

<P><STRONG><a name="[f7]"></a>USART_ITConfig</STRONG> (Thumb, 74 bytes, Stack size 20 bytes, stm32f4xx_usart.o(i.USART_ITConfig))
<BR><BR>[Stack]<UL><LI>Max Depth = 20<LI>Call Chain = USART_ITConfig
</UL>
<BR>[Called By]<UL><LI><a href="#[d5]">&gt;&gt;</a>&nbsp;&nbsp;&nbsp;Usart_Config
</UL>

<P><STRONG><a name="[f4]"></a>USART_Init</STRONG> (Thumb, 204 bytes, Stack size 48 bytes, stm32f4xx_usart.o(i.USART_Init))
<BR><BR>[Stack]<UL><LI>Max Depth = 68<LI>Call Chain = USART_Init &rArr; RCC_GetClocksFreq
</UL>
<BR>[Calls]<UL><LI><a href="#[f5]">&gt;&gt;</a>&nbsp;&nbsp;&nbsp;RCC_GetClocksFreq
</UL>
<BR>[Called By]<UL><LI><a href="#[d5]">&gt;&gt;</a>&nbsp;&nbsp;&nbsp;Usart_Config
</UL>

<P><STRONG><a name="[f2]"></a>USART_ReceiveData</STRONG> (Thumb, 10 bytes, Stack size 0 bytes, stm32f4xx_usart.o(i.USART_ReceiveData))
<BR><BR>[Called By]<UL><LI><a href="#[2]">&gt;&gt;</a>&nbsp;&nbsp;&nbsp;USART1_IRQHandler
</UL>

<P><STRONG><a name="[f9]"></a>USART_SendData</STRONG> (Thumb, 8 bytes, Stack size 0 bytes, stm32f4xx_usart.o(i.USART_SendData))
<BR><BR>[Called By]<UL><LI><a href="#[8b]">&gt;&gt;</a>&nbsp;&nbsp;&nbsp;fputc
<LI><a href="#[f3]">&gt;&gt;</a>&nbsp;&nbsp;&nbsp;Usart_SendByte
</UL>

<P><STRONG><a name="[f]"></a>UsageFault_Handler</STRONG> (Thumb, 4 bytes, Stack size 0 bytes, stm32f4xx_it.o(i.UsageFault_Handler))
<BR>[Address Reference Count : 1]<UL><LI> startup_stm32f429_439xx.o(RESET)
</UL>
<P><STRONG><a name="[d5]"></a>Usart_Config</STRONG> (Thumb, 168 bytes, Stack size 32 bytes, usart.o(i.Usart_Config))
<BR><BR>[Stack]<UL><LI>Max Depth = 100<LI>Call Chain = Usart_Config &rArr; USART_Init &rArr; RCC_GetClocksFreq
</UL>
<BR>[Calls]<UL><LI><a href="#[dd]">&gt;&gt;</a>&nbsp;&nbsp;&nbsp;GPIO_PinAFConfig
<LI><a href="#[9d]">&gt;&gt;</a>&nbsp;&nbsp;&nbsp;GPIO_Init
<LI><a href="#[0]">&gt;&gt;</a>&nbsp;&nbsp;&nbsp;RCC_APB2PeriphClockCmd
<LI><a href="#[8]">&gt;&gt;</a>&nbsp;&nbsp;&nbsp;RCC_AHB1PeriphClockCmd
<LI><a href="#[f6]">&gt;&gt;</a>&nbsp;&nbsp;&nbsp;Usart_NVIC_Config
<LI><a href="#[f4]">&gt;&gt;</a>&nbsp;&nbsp;&nbsp;USART_Init
<LI><a href="#[f7]">&gt;&gt;</a>&nbsp;&nbsp;&nbsp;USART_ITConfig
<LI><a href="#[f8]">&gt;&gt;</a>&nbsp;&nbsp;&nbsp;USART_Cmd
</UL>
<BR>[Called By]<UL><LI><a href="#[c9]">&gt;&gt;</a>&nbsp;&nbsp;&nbsp;InitUsart
</UL>

<P><STRONG><a name="[a3]"></a>Usart_FlushRxBuffer</STRONG> (Thumb, 20 bytes, Stack size 0 bytes, usart.o(i.Usart_FlushRxBuffer))
<BR><BR>[Called By]<UL><LI><a href="#[9e]">&gt;&gt;</a>&nbsp;&nbsp;&nbsp;DealSerialData
</UL>

<P><STRONG><a name="[f6]"></a>Usart_NVIC_Config</STRONG> (Thumb, 46 bytes, Stack size 16 bytes, usart.o(i.Usart_NVIC_Config))
<BR><BR>[Stack]<UL><LI>Max Depth = 32<LI>Call Chain = Usart_NVIC_Config &rArr; NVIC_Init
</UL>
<BR>[Calls]<UL><LI><a href="#[d9]">&gt;&gt;</a>&nbsp;&nbsp;&nbsp;NVIC_PriorityGroupConfig
<LI><a href="#[da]">&gt;&gt;</a>&nbsp;&nbsp;&nbsp;NVIC_Init
</UL>
<BR>[Called By]<UL><LI><a href="#[d5]">&gt;&gt;</a>&nbsp;&nbsp;&nbsp;Usart_Config
</UL>

<P><STRONG><a name="[f3]"></a>Usart_SendByte</STRONG> (Thumb, 30 bytes, Stack size 16 bytes, usart.o(i.Usart_SendByte))
<BR><BR>[Stack]<UL><LI>Max Depth = 16<LI>Call Chain = Usart_SendByte
</UL>
<BR>[Calls]<UL><LI><a href="#[f9]">&gt;&gt;</a>&nbsp;&nbsp;&nbsp;USART_SendData
<LI><a href="#[fa]">&gt;&gt;</a>&nbsp;&nbsp;&nbsp;USART_GetFlagStatus
</UL>
<BR>[Called By]<UL><LI><a href="#[2]">&gt;&gt;</a>&nbsp;&nbsp;&nbsp;USART1_IRQHandler
</UL>

<P><STRONG><a name="[86]"></a>VectorOrderClear</STRONG> (Thumb, 20 bytes, Stack size 8 bytes, orders.o(i.VectorOrderClear))
<BR><BR>[Stack]<UL><LI>Max Depth = 16<LI>Call Chain = VectorOrderClear &rArr; free
</UL>
<BR>[Calls]<UL><LI><a href="#[fb]">&gt;&gt;</a>&nbsp;&nbsp;&nbsp;free
</UL>
<BR>[Address Reference Count : 1]<UL><LI> orders.o(i.NewVectorOrder)
</UL>
<P><STRONG><a name="[87]"></a>VectorOrderFind</STRONG> (Thumb, 76 bytes, Stack size 40 bytes, orders.o(i.VectorOrderFind))
<BR><BR>[Stack]<UL><LI>Max Depth = 52<LI>Call Chain = VectorOrderFind &rArr; NewOrderERR
</UL>
<BR>[Calls]<UL><LI><a href="#[a2]">&gt;&gt;</a>&nbsp;&nbsp;&nbsp;strcmp
<LI><a href="#[fc]">&gt;&gt;</a>&nbsp;&nbsp;&nbsp;NewOrderERR
</UL>
<BR>[Address Reference Count : 1]<UL><LI> orders.o(i.NewVectorOrder)
</UL>
<P><STRONG><a name="[88]"></a>VectorOrderPushBack</STRONG> (Thumb, 90 bytes, Stack size 32 bytes, orders.o(i.VectorOrderPushBack))
<BR><BR>[Stack]<UL><LI>Max Depth = 52<LI>Call Chain = VectorOrderPushBack &rArr; malloc
</UL>
<BR>[Calls]<UL><LI><a href="#[fd]">&gt;&gt;</a>&nbsp;&nbsp;&nbsp;malloc
<LI><a href="#[fb]">&gt;&gt;</a>&nbsp;&nbsp;&nbsp;free
</UL>
<BR>[Address Reference Count : 1]<UL><LI> orders.o(i.NewVectorOrder)
</UL>
<P><STRONG><a name="[89]"></a>VectorOrderSetData</STRONG> (Thumb, 78 bytes, Stack size 24 bytes, orders.o(i.VectorOrderSetData))
<BR><BR>[Stack]<UL><LI>Max Depth = 44<LI>Call Chain = VectorOrderSetData &rArr; malloc
</UL>
<BR>[Calls]<UL><LI><a href="#[fd]">&gt;&gt;</a>&nbsp;&nbsp;&nbsp;malloc
<LI><a href="#[fb]">&gt;&gt;</a>&nbsp;&nbsp;&nbsp;free
</UL>
<BR>[Address Reference Count : 1]<UL><LI> orders.o(i.NewVectorOrder)
</UL>
<P><STRONG><a name="[8a]"></a>VectorOrderSize</STRONG> (Thumb, 6 bytes, Stack size 0 bytes, orders.o(i.VectorOrderSize))
<BR>[Address Reference Count : 1]<UL><LI> orders.o(i.NewVectorOrder)
</UL>
<P><STRONG><a name="[fe]"></a>__0printf$bare</STRONG> (Thumb, 8 bytes, Stack size 0 bytes, printfb.o(i.__0printf$bare), UNUSED)
<BR><BR>[Calls]<UL><LI><a href="#[ff]">&gt;&gt;</a>&nbsp;&nbsp;&nbsp;_printf_core
</UL>

<P><STRONG><a name="[10e]"></a>__1printf$bare</STRONG> (Thumb, 0 bytes, Stack size 0 bytes, printfb.o(i.__0printf$bare), UNUSED)

<P><STRONG><a name="[a1]"></a>__2printf</STRONG> (Thumb, 0 bytes, Stack size 0 bytes, printfb.o(i.__0printf$bare))
<BR><BR>[Called By]<UL><LI><a href="#[38]">&gt;&gt;</a>&nbsp;&nbsp;&nbsp;EXTI15_10_IRQHandler
<LI><a href="#[1a]">&gt;&gt;</a>&nbsp;&nbsp;&nbsp;EXTI0_IRQHandler
<LI><a href="#[a6]">&gt;&gt;</a>&nbsp;&nbsp;&nbsp;MSD_ENA
<LI><a href="#[9e]">&gt;&gt;</a>&nbsp;&nbsp;&nbsp;DealSerialData
<LI><a href="#[85]">&gt;&gt;</a>&nbsp;&nbsp;&nbsp;OrderSTADo
<LI><a href="#[84]">&gt;&gt;</a>&nbsp;&nbsp;&nbsp;OrderRESDo
<LI><a href="#[83]">&gt;&gt;</a>&nbsp;&nbsp;&nbsp;OrderLMSDo
<LI><a href="#[82]">&gt;&gt;</a>&nbsp;&nbsp;&nbsp;OrderLMRDo
<LI><a href="#[81]">&gt;&gt;</a>&nbsp;&nbsp;&nbsp;OrderLMFDo
<LI><a href="#[80]">&gt;&gt;</a>&nbsp;&nbsp;&nbsp;OrderLMADo
<LI><a href="#[7f]">&gt;&gt;</a>&nbsp;&nbsp;&nbsp;OrderLM2Do
<LI><a href="#[7e]">&gt;&gt;</a>&nbsp;&nbsp;&nbsp;OrderLCSDo
<LI><a href="#[7d]">&gt;&gt;</a>&nbsp;&nbsp;&nbsp;OrderLCADo
<LI><a href="#[7c]">&gt;&gt;</a>&nbsp;&nbsp;&nbsp;OrderERRDo
<LI><a href="#[7b]">&gt;&gt;</a>&nbsp;&nbsp;&nbsp;OrderENDDo
<LI><a href="#[71]">&gt;&gt;</a>&nbsp;&nbsp;&nbsp;OrderDo
<LI><a href="#[7a]">&gt;&gt;</a>&nbsp;&nbsp;&nbsp;OrderDMSDo
<LI><a href="#[79]">&gt;&gt;</a>&nbsp;&nbsp;&nbsp;OrderDMRDo
<LI><a href="#[78]">&gt;&gt;</a>&nbsp;&nbsp;&nbsp;OrderDMFDo
<LI><a href="#[77]">&gt;&gt;</a>&nbsp;&nbsp;&nbsp;OrderDMADo
<LI><a href="#[76]">&gt;&gt;</a>&nbsp;&nbsp;&nbsp;OrderDM2Do
<LI><a href="#[75]">&gt;&gt;</a>&nbsp;&nbsp;&nbsp;OrderDCSDo
<LI><a href="#[74]">&gt;&gt;</a>&nbsp;&nbsp;&nbsp;OrderDCADo
<LI><a href="#[73]">&gt;&gt;</a>&nbsp;&nbsp;&nbsp;OrderACSDo
<LI><a href="#[72]">&gt;&gt;</a>&nbsp;&nbsp;&nbsp;OrderACADo
</UL>

<P><STRONG><a name="[10f]"></a>__scatterload_copy</STRONG> (Thumb, 14 bytes, Stack size unknown bytes, handlers.o(i.__scatterload_copy), UNUSED)

<P><STRONG><a name="[110]"></a>__scatterload_null</STRONG> (Thumb, 2 bytes, Stack size unknown bytes, handlers.o(i.__scatterload_null), UNUSED)

<P><STRONG><a name="[111]"></a>__scatterload_zeroinit</STRONG> (Thumb, 14 bytes, Stack size unknown bytes, handlers.o(i.__scatterload_zeroinit), UNUSED)

<P><STRONG><a name="[8b]"></a>fputc</STRONG> (Thumb, 34 bytes, Stack size 16 bytes, usart.o(i.fputc))
<BR><BR>[Stack]<UL><LI>Max Depth = 16<LI>Call Chain = fputc
</UL>
<BR>[Calls]<UL><LI><a href="#[f9]">&gt;&gt;</a>&nbsp;&nbsp;&nbsp;USART_SendData
<LI><a href="#[fa]">&gt;&gt;</a>&nbsp;&nbsp;&nbsp;USART_GetFlagStatus
</UL>
<BR>[Address Reference Count : 1]<UL><LI> printfb.o(i.__0printf$bare)
</UL>
<P><STRONG><a name="[fb]"></a>free</STRONG> (Thumb, 76 bytes, Stack size 8 bytes, malloc.o(i.free))
<BR><BR>[Stack]<UL><LI>Max Depth = 8<LI>Call Chain = free
</UL>
<BR>[Called By]<UL><LI><a href="#[89]">&gt;&gt;</a>&nbsp;&nbsp;&nbsp;VectorOrderSetData
<LI><a href="#[88]">&gt;&gt;</a>&nbsp;&nbsp;&nbsp;VectorOrderPushBack
<LI><a href="#[86]">&gt;&gt;</a>&nbsp;&nbsp;&nbsp;VectorOrderClear
</UL>

<P><STRONG><a name="[6b]"></a>main</STRONG> (Thumb, 12 bytes, Stack size 0 bytes, main.o(i.main))
<BR><BR>[Stack]<UL><LI>Max Depth = 124<LI>Call Chain = main &rArr; InitAll &rArr; InitAll_USART &rArr; InitUsart &rArr; Usart_Config &rArr; USART_Init &rArr; RCC_GetClocksFreq
</UL>
<BR>[Calls]<UL><LI><a href="#[9e]">&gt;&gt;</a>&nbsp;&nbsp;&nbsp;DealSerialData
<LI><a href="#[a8]">&gt;&gt;</a>&nbsp;&nbsp;&nbsp;InitAll
</UL>
<BR>[Address Reference Count : 1]<UL><LI> entry9a.o(.ARM.Collect$$$$0000000B)
</UL>
<P><STRONG><a name="[fd]"></a>malloc</STRONG> (Thumb, 92 bytes, Stack size 20 bytes, malloc.o(i.malloc))
<BR><BR>[Stack]<UL><LI>Max Depth = 20<LI>Call Chain = malloc
</UL>
<BR>[Called By]<UL><LI><a href="#[89]">&gt;&gt;</a>&nbsp;&nbsp;&nbsp;VectorOrderSetData
<LI><a href="#[88]">&gt;&gt;</a>&nbsp;&nbsp;&nbsp;VectorOrderPushBack
</UL>
<P>
<H3>
Local Symbols
</H3>
<P><STRONG><a name="[ef]"></a>SetSysClock</STRONG> (Thumb, 272 bytes, Stack size 12 bytes, system_stm32f4xx.o(i.SetSysClock))
<BR><BR>[Stack]<UL><LI>Max Depth = 12<LI>Call Chain = SetSysClock
</UL>
<BR>[Called By]<UL><LI><a href="#[6c]">&gt;&gt;</a>&nbsp;&nbsp;&nbsp;SystemInit
</UL>

<P><STRONG><a name="[cd]"></a>TIM_Mode_Config</STRONG> (Thumb, 80 bytes, Stack size 24 bytes, clock.o(i.TIM_Mode_Config))
<BR><BR>[Stack]<UL><LI>Max Depth = 24<LI>Call Chain = TIM_Mode_Config
</UL>
<BR>[Calls]<UL><LI><a href="#[0]">&gt;&gt;</a>&nbsp;&nbsp;&nbsp;RCC_APB2PeriphClockCmd
<LI><a href="#[e1]">&gt;&gt;</a>&nbsp;&nbsp;&nbsp;TIM_TimeBaseInit
<LI><a href="#[e4]">&gt;&gt;</a>&nbsp;&nbsp;&nbsp;TIM_ITConfig
<LI><a href="#[df]">&gt;&gt;</a>&nbsp;&nbsp;&nbsp;TIM_Cmd
<LI><a href="#[f0]">&gt;&gt;</a>&nbsp;&nbsp;&nbsp;TIM_ClearFlag
</UL>
<BR>[Called By]<UL><LI><a href="#[b0]">&gt;&gt;</a>&nbsp;&nbsp;&nbsp;InitClock
</UL>

<P><STRONG><a name="[cc]"></a>TIM_NVIC_Configuration</STRONG> (Thumb, 46 bytes, Stack size 16 bytes, clock.o(i.TIM_NVIC_Configuration))
<BR><BR>[Stack]<UL><LI>Max Depth = 32<LI>Call Chain = TIM_NVIC_Configuration &rArr; NVIC_Init
</UL>
<BR>[Calls]<UL><LI><a href="#[d9]">&gt;&gt;</a>&nbsp;&nbsp;&nbsp;NVIC_PriorityGroupConfig
<LI><a href="#[da]">&gt;&gt;</a>&nbsp;&nbsp;&nbsp;NVIC_Init
</UL>
<BR>[Called By]<UL><LI><a href="#[b0]">&gt;&gt;</a>&nbsp;&nbsp;&nbsp;InitClock
</UL>

<P><STRONG><a name="[ff]"></a>_printf_core</STRONG> (Thumb, 34 bytes, Stack size 24 bytes, printfb.o(i._printf_core), UNUSED)
<BR><BR>[Called By]<UL><LI><a href="#[fe]">&gt;&gt;</a>&nbsp;&nbsp;&nbsp;__0printf$bare
</UL>
<P>
<H3>
Undefined Global Symbols
</H3><HR></body></html>
