Component: ARM Compiler 5.06 update 1 (build 61) Tool: armlink [4d35a8]

==============================================================================

Section Cross References

    startup_stm32f429_439xx.o(RESET) refers to startup_stm32f429_439xx.o(STACK) for __initial_sp
    startup_stm32f429_439xx.o(RESET) refers to startup_stm32f429_439xx.o(.text) for Reset_Handler
    startup_stm32f429_439xx.o(RESET) refers to stm32f4xx_it.o(i.NMI_Handler) for NMI_Handler
    startup_stm32f429_439xx.o(RESET) refers to stm32f4xx_it.o(i.HardFault_Handler) for HardFault_Handler
    startup_stm32f429_439xx.o(RESET) refers to stm32f4xx_it.o(i.MemManage_Handler) for MemManage_Handler
    startup_stm32f429_439xx.o(RESET) refers to stm32f4xx_it.o(i.BusFault_Handler) for BusFault_Handler
    startup_stm32f429_439xx.o(RESET) refers to stm32f4xx_it.o(i.UsageFault_Handler) for UsageFault_Handler
    startup_stm32f429_439xx.o(RESET) refers to stm32f4xx_it.o(i.SVC_Handler) for SVC_Handler
    startup_stm32f429_439xx.o(RESET) refers to stm32f4xx_it.o(i.DebugMon_Handler) for DebugMon_Handler
    startup_stm32f429_439xx.o(RESET) refers to stm32f4xx_it.o(i.PendSV_Handler) for PendSV_Handler
    startup_stm32f429_439xx.o(RESET) refers to stm32f4xx_it.o(i.SysTick_Handler) for SysTick_Handler
    startup_stm32f429_439xx.o(RESET) refers to stm32f4xx_it.o(i.EXTI0_IRQHandler) for EXTI0_IRQHandler
    startup_stm32f429_439xx.o(RESET) refers to stm32f4xx_it.o(i.TIM2_IRQHandler) for TIM2_IRQHandler
    startup_stm32f429_439xx.o(RESET) refers to stm32f4xx_it.o(i.TIM3_IRQHandler) for TIM3_IRQHandler
    startup_stm32f429_439xx.o(RESET) refers to stm32f4xx_it.o(i.USART1_IRQHandler) for USART1_IRQHandler
    startup_stm32f429_439xx.o(RESET) refers to stm32f4xx_it.o(i.EXTI15_10_IRQHandler) for EXTI15_10_IRQHandler
    startup_stm32f429_439xx.o(.text) refers to system_stm32f4xx.o(i.SystemInit) for SystemInit
    startup_stm32f429_439xx.o(.text) refers to entry.o(.ARM.Collect$$$$00000000) for __main
    system_stm32f4xx.o(i.SystemCoreClockUpdate) refers to system_stm32f4xx.o(.data) for SystemCoreClock
    system_stm32f4xx.o(i.SystemInit) refers to system_stm32f4xx.o(i.SetSysClock) for SetSysClock
    stm32f4xx_adc.o(i.ADC_DeInit) refers to stm32f4xx_rcc.o(i.RCC_APB2PeriphResetCmd) for RCC_APB2PeriphResetCmd
    stm32f4xx_can.o(i.CAN_DeInit) refers to stm32f4xx_rcc.o(i.RCC_APB1PeriphResetCmd) for RCC_APB1PeriphResetCmd
    stm32f4xx_can.o(i.CAN_GetITStatus) refers to stm32f4xx_can.o(i.CheckITStatus) for CheckITStatus
    stm32f4xx_cryp.o(i.CRYP_DeInit) refers to stm32f4xx_rcc.o(i.RCC_AHB2PeriphResetCmd) for RCC_AHB2PeriphResetCmd
    stm32f4xx_cryp_aes.o(i.CRYP_AES_CBC) refers to stm32f4xx_cryp.o(i.CRYP_KeyStructInit) for CRYP_KeyStructInit
    stm32f4xx_cryp_aes.o(i.CRYP_AES_CBC) refers to stm32f4xx_cryp.o(i.CRYP_FIFOFlush) for CRYP_FIFOFlush
    stm32f4xx_cryp_aes.o(i.CRYP_AES_CBC) refers to stm32f4xx_cryp.o(i.CRYP_Init) for CRYP_Init
    stm32f4xx_cryp_aes.o(i.CRYP_AES_CBC) refers to stm32f4xx_cryp.o(i.CRYP_KeyInit) for CRYP_KeyInit
    stm32f4xx_cryp_aes.o(i.CRYP_AES_CBC) refers to stm32f4xx_cryp.o(i.CRYP_Cmd) for CRYP_Cmd
    stm32f4xx_cryp_aes.o(i.CRYP_AES_CBC) refers to stm32f4xx_cryp.o(i.CRYP_GetFlagStatus) for CRYP_GetFlagStatus
    stm32f4xx_cryp_aes.o(i.CRYP_AES_CBC) refers to stm32f4xx_cryp.o(i.CRYP_IVInit) for CRYP_IVInit
    stm32f4xx_cryp_aes.o(i.CRYP_AES_CBC) refers to stm32f4xx_cryp.o(i.CRYP_GetCmdStatus) for CRYP_GetCmdStatus
    stm32f4xx_cryp_aes.o(i.CRYP_AES_CBC) refers to stm32f4xx_cryp.o(i.CRYP_DataIn) for CRYP_DataIn
    stm32f4xx_cryp_aes.o(i.CRYP_AES_CBC) refers to stm32f4xx_cryp.o(i.CRYP_DataOut) for CRYP_DataOut
    stm32f4xx_cryp_aes.o(i.CRYP_AES_CCM) refers to stm32f4xx_cryp.o(i.CRYP_KeyStructInit) for CRYP_KeyStructInit
    stm32f4xx_cryp_aes.o(i.CRYP_AES_CCM) refers to stm32f4xx_cryp.o(i.CRYP_FIFOFlush) for CRYP_FIFOFlush
    stm32f4xx_cryp_aes.o(i.CRYP_AES_CCM) refers to stm32f4xx_cryp.o(i.CRYP_KeyInit) for CRYP_KeyInit
    stm32f4xx_cryp_aes.o(i.CRYP_AES_CCM) refers to stm32f4xx_cryp.o(i.CRYP_IVInit) for CRYP_IVInit
    stm32f4xx_cryp_aes.o(i.CRYP_AES_CCM) refers to stm32f4xx_cryp.o(i.CRYP_Init) for CRYP_Init
    stm32f4xx_cryp_aes.o(i.CRYP_AES_CCM) refers to stm32f4xx_cryp.o(i.CRYP_PhaseConfig) for CRYP_PhaseConfig
    stm32f4xx_cryp_aes.o(i.CRYP_AES_CCM) refers to stm32f4xx_cryp.o(i.CRYP_DataIn) for CRYP_DataIn
    stm32f4xx_cryp_aes.o(i.CRYP_AES_CCM) refers to stm32f4xx_cryp.o(i.CRYP_Cmd) for CRYP_Cmd
    stm32f4xx_cryp_aes.o(i.CRYP_AES_CCM) refers to stm32f4xx_cryp.o(i.CRYP_GetCmdStatus) for CRYP_GetCmdStatus
    stm32f4xx_cryp_aes.o(i.CRYP_AES_CCM) refers to stm32f4xx_cryp.o(i.CRYP_GetFlagStatus) for CRYP_GetFlagStatus
    stm32f4xx_cryp_aes.o(i.CRYP_AES_CCM) refers to stm32f4xx_cryp.o(i.CRYP_DataOut) for CRYP_DataOut
    stm32f4xx_cryp_aes.o(i.CRYP_AES_CTR) refers to stm32f4xx_cryp.o(i.CRYP_KeyStructInit) for CRYP_KeyStructInit
[...]
    Removing stm32f4xx_tim.o(.rev16_text), (4 bytes).
    Removing stm32f4xx_tim.o(.revsh_text), (4 bytes).
    Removing stm32f4xx_tim.o(.rrx_text), (6 bytes).
    Removing stm32f4xx_tim.o(i.TI1_Config), (58 bytes).
    Removing stm32f4xx_tim.o(i.TI2_Config), (80 bytes).
    Removing stm32f4xx_tim.o(i.TI3_Config), (72 bytes).
    Removing stm32f4xx_tim.o(i.TI4_Config), (80 bytes).
    Removing stm32f4xx_tim.o(i.TIM_BDTRConfig), (32 bytes).
    Removing stm32f4xx_tim.o(i.TIM_BDTRStructInit), (18 bytes).
    Removing stm32f4xx_tim.o(i.TIM_CCPreloadControl), (24 bytes).
    Removing stm32f4xx_tim.o(i.TIM_CCxCmd), (30 bytes).
    Removing stm32f4xx_tim.o(i.TIM_CCxNCmd), (30 bytes).
    Removing stm32f4xx_tim.o(i.TIM_ClearFlag), (6 bytes).
    Removing stm32f4xx_tim.o(i.TIM_ClearOC1Ref), (18 bytes).
    Removing stm32f4xx_tim.o(i.TIM_ClearOC2Ref), (24 bytes).
    Removing stm32f4xx_tim.o(i.TIM_ClearOC3Ref), (18 bytes).
    Removing stm32f4xx_tim.o(i.TIM_ClearOC4Ref), (24 bytes).
    Removing stm32f4xx_tim.o(i.TIM_CounterModeConfig), (18 bytes).
    Removing stm32f4xx_tim.o(i.TIM_CtrlPWMOutputs), (30 bytes).
    Removing stm32f4xx_tim.o(i.TIM_DMACmd), (18 bytes).
    Removing stm32f4xx_tim.o(i.TIM_DMAConfig), (10 bytes).
    Removing stm32f4xx_tim.o(i.TIM_DeInit), (400 bytes).
    Removing stm32f4xx_tim.o(i.TIM_ETRClockMode1Config), (54 bytes).
    Removing stm32f4xx_tim.o(i.TIM_ETRClockMode2Config), (32 bytes).
    Removing stm32f4xx_tim.o(i.TIM_ETRConfig), (28 bytes).
    Removing stm32f4xx_tim.o(i.TIM_EncoderInterfaceConfig), (66 bytes).
    Removing stm32f4xx_tim.o(i.TIM_ForcedOC1Config), (18 bytes).
    Removing stm32f4xx_tim.o(i.TIM_ForcedOC2Config), (26 bytes).
    Removing stm32f4xx_tim.o(i.TIM_ForcedOC3Config), (18 bytes).
    Removing stm32f4xx_tim.o(i.TIM_ForcedOC4Config), (26 bytes).
    Removing stm32f4xx_tim.o(i.TIM_GenerateEvent), (4 bytes).
    Removing stm32f4xx_tim.o(i.TIM_GetCapture1), (6 bytes).
    Removing stm32f4xx_tim.o(i.TIM_GetCapture2), (6 bytes).
    Removing stm32f4xx_tim.o(i.TIM_GetCapture3), (6 bytes).
    Removing stm32f4xx_tim.o(i.TIM_GetCapture4), (6 bytes).
    Removing stm32f4xx_tim.o(i.TIM_GetCounter), (6 bytes).
    Removing stm32f4xx_tim.o(i.TIM_GetFlagStatus), (18 bytes).
    Removing stm32f4xx_tim.o(i.TIM_GetPrescaler), (6 bytes).
    Removing stm32f4xx_tim.o(i.TIM_ICInit), (110 bytes).
    Removing stm32f4xx_tim.o(i.TIM_ICStructInit), (18 bytes).
    Removing stm32f4xx_tim.o(i.TIM_ITRxExternalClockConfig), (24 bytes).
    Removing stm32f4xx_tim.o(i.TIM_InternalClockConfig), (12 bytes).
    Removing stm32f4xx_tim.o(i.TIM_OC1FastConfig), (18 bytes).
    Removing stm32f4xx_tim.o(i.TIM_OC1Init), (124 bytes).
    Removing stm32f4xx_tim.o(i.TIM_OC1NPolarityConfig), (18 bytes).
    Removing stm32f4xx_tim.o(i.TIM_OC1PolarityConfig), (18 bytes).
    Removing stm32f4xx_tim.o(i.TIM_OC1PreloadConfig), (18 bytes).
    Removing stm32f4xx_tim.o(i.TIM_OC2FastConfig), (26 bytes).
    Removing stm32f4xx_tim.o(i.TIM_OC2Init), (164 bytes).
    Removing stm32f4xx_tim.o(i.TIM_OC2NPolarityConfig), (26 bytes).
    Removing stm32f4xx_tim.o(i.TIM_OC2PolarityConfig), (26 bytes).
    Removing stm32f4xx_tim.o(i.TIM_OC2PreloadConfig), (26 bytes).
    Removing stm32f4xx_tim.o(i.TIM_OC3FastConfig), (18 bytes).
    Removing stm32f4xx_tim.o(i.TIM_OC3Init), (160 bytes).
    Removing stm32f4xx_tim.o(i.TIM_OC3NPolarityConfig), (26 bytes).
    Removing stm32f4xx_tim.o(i.TIM_OC3PolarityConfig), (26 bytes).
    Removing stm32f4xx_tim.o(i.TIM_OC3PreloadConfig), (18 bytes).
    Removing stm32f4xx_tim.o(i.TIM_OC4FastConfig), (26 bytes).
    Removing stm32f4xx_tim.o(i.TIM_OC4PolarityConfig), (26 bytes).
    Removing stm32f4xx_tim.o(i.TIM_OCStructInit), (20 bytes).
    Removing stm32f4xx_tim.o(i.TIM_PWMIConfig), (124 bytes).
    Removing stm32f4xx_tim.o(i.TIM_PrescalerConfig), (6 bytes).
    Removing stm32f4xx_tim.o(i.TIM_RemapConfig), (6 bytes).
    Removing stm32f4xx_tim.o(i.TIM_SelectCCDMA), (24 bytes).
    Removing stm32f4xx_tim.o(i.TIM_SelectCOM), (24 bytes).
    Removing stm32f4xx_tim.o(i.TIM_SelectHallSensor), (24 bytes).
    Removing stm32f4xx_tim.o(i.TIM_SelectInputTrigger), (18 bytes).
    Removing stm32f4xx_tim.o(i.TIM_SelectMasterSlaveMode), (18 bytes).
    Removing stm32f4xx_tim.o(i.TIM_SelectOCxM), (86 bytes).
    Removing stm32f4xx_tim.o(i.TIM_SelectOnePulseMode), (18 bytes).
    Removing stm32f4xx_tim.o(i.TIM_SelectOutputTrigger), (18 bytes).
    Removing stm32f4xx_tim.o(i.TIM_SelectSlaveMode), (18 bytes).
    Removing stm32f4xx_tim.o(i.TIM_SetClockDivision), (18 bytes).
    Removing stm32f4xx_tim.o(i.TIM_SetCompare1), (4 bytes).
    Removing stm32f4xx_tim.o(i.TIM_SetCompare2), (4 bytes).
    Removing stm32f4xx_tim.o(i.TIM_SetCompare3), (4 bytes).
    Removing stm32f4xx_tim.o(i.TIM_SetCounter), (4 bytes).
    Removing stm32f4xx_tim.o(i.TIM_SetIC1Prescaler), (18 bytes).
    Removing stm32f4xx_tim.o(i.TIM_SetIC2Prescaler), (26 bytes).
    Removing stm32f4xx_tim.o(i.TIM_SetIC3Prescaler), (18 bytes).
    Removing stm32f4xx_tim.o(i.TIM_SetIC4Prescaler), (26 bytes).
    Removing stm32f4xx_tim.o(i.TIM_TIxExternalClockConfig), (62 bytes).
    Removing stm32f4xx_tim.o(i.TIM_UpdateDisableConfig), (24 bytes).
    Removing stm32f4xx_usart.o(.rev16_text), (4 bytes).
    Removing stm32f4xx_usart.o(.revsh_text), (4 bytes).
    Removing stm32f4xx_usart.o(.rrx_text), (6 bytes).
    Removing stm32f4xx_usart.o(i.USART_ClearFlag), (18 bytes).
    Removing stm32f4xx_usart.o(i.USART_ClearITPendingBit), (30 bytes).
    Removing stm32f4xx_usart.o(i.USART_ClockInit), (32 bytes).
    Removing stm32f4xx_usart.o(i.USART_ClockStructInit), (12 bytes).
    Removing stm32f4xx_usart.o(i.USART_DMACmd), (18 bytes).
    Removing stm32f4xx_usart.o(i.USART_DeInit), (240 bytes).
    Removing stm32f4xx_usart.o(i.USART_HalfDuplexCmd), (24 bytes).
    Removing stm32f4xx_usart.o(i.USART_IrDACmd), (24 bytes).
    Removing stm32f4xx_usart.o(i.USART_IrDAConfig), (18 bytes).
    Removing stm32f4xx_usart.o(i.USART_LINBreakDetectLengthConfig), (18 bytes).
    Removing stm32f4xx_usart.o(i.USART_LINCmd), (24 bytes).
    Removing stm32f4xx_usart.o(i.USART_OneBitMethodCmd), (24 bytes).
    Removing stm32f4xx_usart.o(i.USART_OverSampling8Cmd), (22 bytes).
    Removing stm32f4xx_usart.o(i.USART_ReceiverWakeUpCmd), (24 bytes).
    Removing stm32f4xx_usart.o(i.USART_SendBreak), (10 bytes).
    Removing stm32f4xx_usart.o(i.USART_SetAddress), (18 bytes).
    Removing stm32f4xx_usart.o(i.USART_SetGuardTime), (16 bytes).
    Removing stm32f4xx_usart.o(i.USART_SetPrescaler), (16 bytes).
    Removing stm32f4xx_usart.o(i.USART_SmartCardCmd), (24 bytes).
    Removing stm32f4xx_usart.o(i.USART_SmartCardNACKCmd), (24 bytes).
    Removing stm32f4xx_usart.o(i.USART_StructInit), (24 bytes).
    Removing stm32f4xx_usart.o(i.USART_WakeUpConfig), (18 bytes).
    Removing stm32f4xx_wwdg.o(.rev16_text), (4 bytes).
    Removing stm32f4xx_wwdg.o(.revsh_text), (4 bytes).
    Removing stm32f4xx_wwdg.o(.rrx_text), (6 bytes).
    Removing stm32f4xx_wwdg.o(i.WWDG_ClearFlag), (12 bytes).
    Removing stm32f4xx_wwdg.o(i.WWDG_DeInit), (22 bytes).
    Removing stm32f4xx_wwdg.o(i.WWDG_Enable), (16 bytes).
    Removing stm32f4xx_wwdg.o(i.WWDG_EnableIT), (12 bytes).
    Removing stm32f4xx_wwdg.o(i.WWDG_GetFlagStatus), (20 bytes).
    Removing stm32f4xx_wwdg.o(i.WWDG_SetCounter), (16 bytes).
    Removing stm32f4xx_wwdg.o(i.WWDG_SetPrescaler), (24 bytes).
    Removing stm32f4xx_wwdg.o(i.WWDG_SetWindowValue), (40 bytes).
    Removing main.o(.rev16_text), (4 bytes).
    Removing main.o(.revsh_text), (4 bytes).
    Removing main.o(.rrx_text), (6 bytes).
    Removing main.o(i.Clear), (8 bytes).
    Removing led.o(.rev16_text), (4 bytes).
    Removing led.o(.revsh_text), (4 bytes).
    Removing led.o(.rrx_text), (6 bytes).
    Removing key.o(.rev16_text), (4 bytes).
    Removing key.o(.revsh_text), (4 bytes).
    Removing key.o(.rrx_text), (6 bytes).
    Removing usart.o(.rev16_text), (4 bytes).
    Removing usart.o(.revsh_text), (4 bytes).
    Removing usart.o(.rrx_text), (6 bytes).
    Removing usart.o(i.Usart_SendHalfWord), (60 bytes).
    Removing usart.o(i.Usart_SendString), (42 bytes).
    Removing usart.o(i.fgetc), (32 bytes).
    Removing microstepdriver.o(.rev16_text), (4 bytes).
    Removing microstepdriver.o(.revsh_text), (4 bytes).
    Removing microstepdriver.o(.rrx_text), (6 bytes).
    Removing stm32f4xx_it.o(.rev16_text), (4 bytes).
    Removing stm32f4xx_it.o(.revsh_text), (4 bytes).
    Removing stm32f4xx_it.o(.rrx_text), (6 bytes).
    Removing dealserialdata.o(.rev16_text), (4 bytes).
    Removing dealserialdata.o(.revsh_text), (4 bytes).
    Removing dealserialdata.o(.rrx_text), (6 bytes).
    Removing config.o(.rev16_text), (4 bytes).
    Removing config.o(.revsh_text), (4 bytes).
    Removing config.o(.rrx_text), (6 bytes).
    Removing initall.o(.rev16_text), (4 bytes).
    Removing initall.o(.revsh_text), (4 bytes).
    Removing initall.o(.rrx_text), (6 bytes).
    Removing initall.o(i.ClearAll_Order), (16 bytes).
    Removing order.o(.rev16_text), (4 bytes).
    Removing order.o(.revsh_text), (4 bytes).
    Removing order.o(.rrx_text), (6 bytes).
    Removing cylinder.o(.rev16_text), (4 bytes).
    Removing cylinder.o(.revsh_text), (4 bytes).
    Removing cylinder.o(.rrx_text), (6 bytes).
    Removing cylinder.o(i.Cylinder_Toogle), (14 bytes).
    Removing orders.o(.rev16_text), (4 bytes).
    Removing orders.o(.revsh_text), (4 bytes).
    Removing orders.o(.rrx_text), (6 bytes).
    Removing orders.o(i.ArrayOrderClear), (18 bytes).
    Removing orders.o(i.ArrayOrderFind), (76 bytes).
    Removing orders.o(i.ArrayOrderSet), (16 bytes).
    Removing orders.o(i.NewArrayOrder), (56 bytes).
    Removing dadd.o(.text), (334 bytes).
    Removing dmul.o(.text), (228 bytes).
    Removing ddiv.o(.text), (222 bytes).
    Removing dfixul.o(.text), (48 bytes).
    Removing cdrcmple.o(.text), (48 bytes).
    Removing depilogue.o(.text), (186 bytes).

838 unused section(s) (total 36988 bytes) removed from the image.

==============================================================================

Image Symbol Table

    Local Symbols

    Symbol Name                              Value     Ov Type        Size  Object(Section)

    ../clib/../cmprslib/zerorunl2.c          0x00000000   Number         0  __dczerorl2.o ABSOLUTE
    ../clib/microlib/division.c              0x00000000   Number         0  uldiv.o ABSOLUTE
    ../clib/microlib/division.c              0x00000000   Number         0  uidiv.o ABSOLUTE
    ../clib/microlib/init/entry.s            0x00000000   Number         0  entry11a.o ABSOLUTE
    ../clib/microlib/init/entry.s            0x00000000   Number         0  entry10a.o ABSOLUTE
    ../clib/microlib/init/entry.s            0x00000000   Number         0  entry5.o ABSOLUTE
    ../clib/microlib/init/entry.s            0x00000000   Number         0  entry10b.o ABSOLUTE
    ../clib/microlib/init/entry.s            0x00000000   Number         0  entry2.o ABSOLUTE
    ../clib/microlib/init/entry.s            0x00000000   Number         0  entry11b.o ABSOLUTE
    ../clib/microlib/init/entry.s            0x00000000   Number         0  entry.o ABSOLUTE
    ../clib/microlib/init/entry.s            0x00000000   Number         0  entry7a.o ABSOLUTE
    ../clib/microlib/init/entry.s            0x00000000   Number         0  entry9b.o ABSOLUTE
    ../clib/microlib/init/entry.s            0x00000000   Number         0  entry9a.o ABSOLUTE
    ../clib/microlib/init/entry.s            0x00000000   Number         0  entry8b.o ABSOLUTE
    ../clib/microlib/init/entry.s            0x00000000   Number         0  entry8a.o ABSOLUTE
    ../clib/microlib/init/entry.s            0x00000000   Number         0  entry7b.o ABSOLUTE
    ../clib/microlib/longlong.c              0x00000000   Number         0  llushr.o ABSOLUTE
    ../clib/microlib/longlong.c              0x00000000   Number         0  llshl.o ABSOLUTE
    ../clib/microlib/longlong.c              0x00000000   Number         0  llsshr.o ABSOLUTE
    ../clib/microlib/malloc/malloc.c         0x00000000   Number         0  malloca.o ABSOLUTE
    ../clib/microlib/malloc/malloc.c         0x00000000   Number         0  mallocra.o ABSOLUTE
    ../clib/microlib/malloc/malloc.c         0x00000000   Number         0  malloc.o ABSOLUTE
    ../clib/microlib/malloc/malloc.c         0x00000000   Number         0  mallocr.o ABSOLUTE
    ../clib/microlib/malloc/mvars.c          0x00000000   Number         0  mvars.o ABSOLUTE
    ../clib/microlib/printf/printf.c         0x00000000   Number         0  printfb.o ABSOLUTE
    ../clib/microlib/printf/printf.c         0x00000000   Number         0  printf0.o ABSOLUTE
    ../clib/microlib/printf/printf.c         0x00000000   Number         0  printf1.o ABSOLUTE
    ../clib/microlib/printf/printf.c         0x00000000   Number         0  printfa.o ABSOLUTE
    ../clib/microlib/printf/printf.c         0x00000000   Number         0  printf8.o ABSOLUTE
    ../clib/microlib/printf/printf.c         0x00000000   Number         0  printf5.o ABSOLUTE
    ../clib/microlib/printf/printf.c         0x00000000   Number         0  printf7.o ABSOLUTE
    ../clib/microlib/printf/printf.c         0x00000000   Number         0  printf6.o ABSOLUTE
    ../clib/microlib/printf/printf.c         0x00000000   Number         0  printf4.o ABSOLUTE
    ../clib/microlib/printf/printf.c         0x00000000   Number         0  printf3.o ABSOLUTE
    ../clib/microlib/printf/printf.c         0x00000000   Number         0  printf2.o ABSOLUTE
    ../clib/microlib/stdio/streams.c         0x00000000   Number         0  stdout.o ABSOLUTE
    ../clib/microlib/string/memcpy.c         0x00000000   Number         0  memcpyb.o ABSOLUTE
    ../clib/microlib/string/memcpy.c         0x00000000   Number         0  memcpya.o ABSOLUTE
    ../clib/microlib/string/strcmp.c         0x00000000   Number         0  strcmp.o ABSOLUTE
    ../clib/microlib/string/strlen.c         0x00000000   Number         0  strlen.o ABSOLUTE
    ../clib/microlib/stubs.s                 0x00000000   Number         0  iusefp.o ABSOLUTE
    ../fplib/microlib/fpadd.c                0x00000000   Number         0  dadd.o ABSOLUTE
    ../fplib/microlib/fpdiv.c                0x00000000   Number         0  ddiv.o ABSOLUTE
    ../fplib/microlib/fpepilogue.c           0x00000000   Number         0  depilogue.o ABSOLUTE
    ../fplib/microlib/fpfix.c                0x00000000   Number         0  dfixul.o ABSOLUTE
    ../fplib/microlib/fpmul.c                0x00000000   Number         0  dmul.o ABSOLUTE
    ..\..\Libraries\CMSIS\Device\ST\STM32F4xx\Source\Templates\arm\startup_stm32f429_439xx.s 0x00000000   Number         0  startup_stm32f429_439xx.o ABSOLUTE
    ..\..\Libraries\CMSIS\Device\ST\STM32F4xx\Source\Templates\system_stm32f4xx.c 0x00000000   Number         0  system_stm32f4xx.o ABSOLUTE
    ..\..\Libraries\STM32F4xx_StdPeriph_Driver\src\misc.c 0x00000000   Number         0  misc.o ABSOLUTE
    ..\..\Libraries\STM32F4xx_StdPeriph_Driver\src\stm32f4xx_adc.c 0x00000000   Number         0  stm32f4xx_adc.o ABSOLUTE
    ..\..\Libraries\STM32F4xx_StdPeriph_Driver\src\stm32f4xx_can.c 0x00000000   Number         0  stm32f4xx_can.o ABSOLUTE
    ..\..\Libraries\STM32F4xx_StdPeriph_Driver\src\stm32f4xx_crc.c 0x00000000   Number         0  stm32f4xx_crc.o ABSOLUTE
    ..\..\Libraries\STM32F4xx_StdPeriph_Driver\src\stm32f4xx_cryp.c 0x00000000   Number         0  stm32f4xx_cryp.o ABSOLUTE
    ..\..\Libraries\STM32F4xx_StdPeriph_Driver\src\stm32f4xx_cryp_aes.c 0x00000000   Number         0  stm32f4xx_cryp_aes.o ABSOLUTE
    ..\..\Libraries\STM32F4xx_StdPeriph_Driver\src\stm32f4xx_cryp_des.c 0x00000000   Number         0  stm32f4xx_cryp_des.o ABSOLUTE
    ..\..\Libraries\STM32F4xx_StdPeriph_Driver\src\stm32f4xx_cryp_tdes.c 0x00000000   Number         0  stm32f4xx_cryp_tdes.o ABSOLUTE
    ..\..\Libraries\STM32F4xx_StdPeriph_Driver\src\stm32f4xx_dac.c 0x00000000   Number         0  stm32f4xx_dac.o ABSOLUTE
    ..\..\Libraries\STM32F4xx_StdPeriph_Driver\src\stm32f4xx_dbgmcu.c 0x00000000   Number         0  stm32f4xx_dbgmcu.o ABSOLUTE
    ..\..\Libraries\STM32F4xx_StdPeriph_Driver\src\stm32f4xx_dcmi.c 0x00000000   Number         0  stm32f4xx_dcmi.o ABSOLUTE
    ..\..\Libraries\STM32F4xx_StdPeriph_Driver\src\stm32f4xx_dma.c 0x00000000   Number         0  stm32f4xx_dma.o ABSOLUTE
    ..\..\Libraries\STM32F4xx_StdPeriph_Driver\src\stm32f4xx_dma2d.c 0x00000000   Number         0  stm32f4xx_dma2d.o ABSOLUTE
    ..\..\Libraries\STM32F4xx_StdPeriph_Driver\src\stm32f4xx_exti.c 0x00000000   Number         0  stm32f4xx_exti.o ABSOLUTE
    ..\..\Libraries\STM32F4xx_StdPeriph_Driver\src\stm32f4xx_flash.c 0x00000000   Number         0  stm32f4xx_flash.o ABSOLUTE
    ..\..\Libraries\STM32F4xx_StdPeriph_Driver\src\stm32f4xx_fmc.c 0x00000000   Number         0  stm32f4xx_fmc.o ABSOLUTE
    ..\..\Libraries\STM32F4xx_StdPeriph_Driver\src\stm32f4xx_gpio.c 0x00000000   Number         0  stm32f4xx_gpio.o ABSOLUTE
    ..\..\Libraries\STM32F4xx_StdPeriph_Driver\src\stm32f4xx_hash.c 0x00000000   Number         0  stm32f4xx_hash.o ABSOLUTE
    ..\..\Libraries\STM32F4xx_StdPeriph_Driver\src\stm32f4xx_hash_md5.c 0x00000000   Number         0  stm32f4xx_hash_md5.o ABSOLUTE
    ..\..\Libraries\STM32F4xx_StdPeriph_Driver\src\stm32f4xx_hash_sha1.c 0x00000000   Number         0  stm32f4xx_hash_sha1.o ABSOLUTE
    ..\..\Libraries\STM32F4xx_StdPeriph_Driver\src\stm32f4xx_i2c.c 0x00000000   Number         0  stm32f4xx_i2c.o ABSOLUTE
    ..\..\Libraries\STM32F4xx_StdPeriph_Driver\src\stm32f4xx_iwdg.c 0x00000000   Number         0  stm32f4xx_iwdg.o ABSOLUTE
    ..\..\Libraries\STM32F4xx_StdPeriph_Driver\src\stm32f4xx_ltdc.c 0x00000000   Number         0  stm32f4xx_ltdc.o ABSOLUTE
    ..\..\Libraries\STM32F4xx_StdPeriph_Driver\src\stm32f4xx_pwr.c 0x00000000   Number         0  stm32f4xx_pwr.o ABSOLUTE
    ..\..\Libraries\STM32F4xx_StdPeriph_Driver\src\stm32f4xx_rcc.c 0x00000000   Number         0  stm32f4xx_rcc.o ABSOLUTE
    ..\..\Libraries\STM32F4xx_StdPeriph_Driver\src\stm32f4xx_rng.c 0x00000000   Number         0  stm32f4xx_rng.o ABSOLUTE
    ..\..\Libraries\STM32F4xx_StdPeriph_Driver\src\stm32f4xx_rtc.c 0x00000000   Number         0  stm32f4xx_rtc.o ABSOLUTE
    ..\..\Libraries\STM32F4xx_StdPeriph_Driver\src\stm32f4xx_sai.c 0x00000000   Number         0  stm32f4xx_sai.o ABSOLUTE
    ..\..\Libraries\STM32F4xx_StdPeriph_Driver\src\stm32f4xx_sdio.c 0x00000000   Number         0  stm32f4xx_sdio.o ABSOLUTE
    ..\..\Libraries\STM32F4xx_StdPeriph_Driver\src\stm32f4xx_spi.c 0x00000000   Number         0  stm32f4xx_spi.o ABSOLUTE
    ..\..\Libraries\STM32F4xx_StdPeriph_Driver\src\stm32f4xx_syscfg.c 0x00000000   Number         0  stm32f4xx_syscfg.o ABSOLUTE
    ..\..\Libraries\STM32F4xx_StdPeriph_Driver\src\stm32f4xx_tim.c 0x00000000   Number         0  stm32f4xx_tim.o ABSOLUTE
    ..\..\Libraries\STM32F4xx_StdPeriph_Driver\src\stm32f4xx_usart.c 0x00000000   Number         0  stm32f4xx_usart.o ABSOLUTE
    ..\..\Libraries\STM32F4xx_StdPeriph_Driver\src\stm32f4xx_wwdg.c 0x00000000   Number         0  stm32f4xx_wwdg.o ABSOLUTE
    ..\..\User\DealSerialData\DealSerialData.c 0x00000000   Number         0  dealserialdata.o ABSOLUTE
    ..\..\User\MSD\MicroStepDriver.c         0x00000000   Number         0  microstepdriver.o ABSOLUTE
    ..\..\User\config\config.c               0x00000000   Number         0  config.o ABSOLUTE
    ..\..\User\cylinder\cylinder.c           0x00000000   Number         0  cylinder.o ABSOLUTE
    ..\..\User\initAll\initAll.c             0x00000000   Number         0  initall.o ABSOLUTE
    ..\..\User\key\key.c                     0x00000000   Number         0  key.o ABSOLUTE
    ..\..\User\led\led.c                     0x00000000   Number         0  led.o ABSOLUTE
    ..\..\User\main.c                        0x00000000   Number         0  main.o ABSOLUTE
    ..\..\User\order\Orders.c                0x00000000   Number         0  orders.o ABSOLUTE
    ..\..\User\order\order.c                 0x00000000   Number         0  order.o ABSOLUTE
    ..\..\User\stm32f4xx_it.c                0x00000000   Number         0  stm32f4xx_it.o ABSOLUTE
    ..\..\User\usart\usart.c                 0x00000000   Number         0  usart.o ABSOLUTE
    ..\\..\\Libraries\\CMSIS\\Device\\ST\\STM32F4xx\\Source\\Templates\\system_stm32f4xx.c 0x00000000   Number         0  system_stm32f4xx.o ABSOLUTE
    ..\\..\\Libraries\\STM32F4xx_StdPeriph_Driver\\src\\misc.c 0x00000000   Number         0  misc.o ABSOLUTE
    ..\\..\\Libraries\\STM32F4xx_StdPeriph_Driver\\src\\stm32f4xx_adc.c 0x00000000   Number         0  stm32f4xx_adc.o ABSOLUTE
    ..\\..\\Libraries\\STM32F4xx_StdPeriph_Driver\\src\\stm32f4xx_can.c 0x00000000   Number         0  stm32f4xx_can.o ABSOLUTE
    ..\\..\\Libraries\\STM32F4xx_StdPeriph_Driver\\src\\stm32f4xx_crc.c 0x00000000   Number         0  stm32f4xx_crc.o ABSOLUTE
    ..\\..\\Libraries\\STM32F4xx_StdPeriph_Driver\\src\\stm32f4xx_cryp.c 0x00000000   Number         0  stm32f4xx_cryp.o ABSOLUTE
    ..\\..\\Libraries\\STM32F4xx_StdPeriph_Driver\\src\\stm32f4xx_cryp_aes.c 0x00000000   Number         0  stm32f4xx_cryp_aes.o ABSOLUTE
    ..\\..\\Libraries\\STM32F4xx_StdPeriph_Driver\\src\\stm32f4xx_cryp_des.c 0x00000000   Number         0  stm32f4xx_cryp_des.o ABSOLUTE
    ..\\..\\Libraries\\STM32F4xx_StdPeriph_Driver\\src\\stm32f4xx_cryp_tdes.c 0x00000000   Number         0  stm32f4xx_cryp_tdes.o ABSOLUTE
    ..\\..\\Libraries\\STM32F4xx_StdPeriph_Driver\\src\\stm32f4xx_dac.c 0x00000000   Number         0  stm32f4xx_dac.o ABSOLUTE
    ..\\..\\Libraries\\STM32F4xx_StdPeriph_Driver\\src\\stm32f4xx_dbgmcu.c 0x00000000   Number         0  stm32f4xx_dbgmcu.o ABSOLUTE
    ..\\..\\Libraries\\STM32F4xx_StdPeriph_Driver\\src\\stm32f4xx_dcmi.c 0x00000000   Number         0  stm32f4xx_dcmi.o ABSOLUTE
    ..\\..\\Libraries\\STM32F4xx_StdPeriph_Driver\\src\\stm32f4xx_dma.c 0x00000000   Number         0  stm32f4xx_dma.o ABSOLUTE
    ..\\..\\Libraries\\STM32F4xx_StdPeriph_Driver\\src\\stm32f4xx_dma2d.c 0x00000000   Number         0  stm32f4xx_dma2d.o ABSOLUTE
    ..\\..\\Libraries\\STM32F4xx_StdPeriph_Driver\\src\\stm32f4xx_exti.c 0x00000000   Number         0  stm32f4xx_exti.o ABSOLUTE
    ..\\..\\Libraries\\STM32F4xx_StdPeriph_Driver\\src\\stm32f4xx_flash.c 0x00000000   Number         0  stm32f4xx_flash.o ABSOLUTE
    ..\\..\\Libraries\\STM32F4xx_StdPeriph_Driver\\src\\stm32f4xx_fmc.c 0x00000000   Number         0  stm32f4xx_fmc.o ABSOLUTE
    ..\\..\\Libraries\\STM32F4xx_StdPeriph_Driver\\src\\stm32f4xx_gpio.c 0x00000000   Number         0  stm32f4xx_gpio.o ABSOLUTE
    ..\\..\\Libraries\\STM32F4xx_StdPeriph_Driver\\src\\stm32f4xx_hash.c 0x00000000   Number         0  stm32f4xx_hash.o ABSOLUTE
    ..\\..\\Libraries\\STM32F4xx_StdPeriph_Driver\\src\\stm32f4xx_hash_md5.c 0x00000000   Number         0  stm32f4xx_hash_md5.o ABSOLUTE
    ..\\..\\Libraries\\STM32F4xx_StdPeriph_Driver\\src\\stm32f4xx_hash_sha1.c 0x00000000   Number         0  stm32f4xx_hash_sha1.o ABSOLUTE
    ..\\..\\Libraries\\STM32F4xx_StdPeriph_Driver\\src\\stm32f4xx_i2c.c 0x00000000   Number         0  stm32f4xx_i2c.o ABSOLUTE
    ..\\..\\Libraries\\STM32F4xx_StdPeriph_Driver\\src\\stm32f4xx_iwdg.c 0x00000000   Number         0  stm32f4xx_iwdg.o ABSOLUTE
    ..\\..\\Libraries\\STM32F4xx_StdPeriph_Driver\\src\\stm32f4xx_ltdc.c 0x00000000   Number         0  stm32f4xx_ltdc.o ABSOLUTE
    ..\\..\\Libraries\\STM32F4xx_StdPeriph_Driver\\src\\stm32f4xx_pwr.c 0x00000000   Number         0  stm32f4xx_pwr.o ABSOLUTE
    ..\\..\\Libraries\\STM32F4xx_StdPeriph_Driver\\src\\stm32f4xx_rcc.c 0x00000000   Number         0  stm32f4xx_rcc.o ABSOLUTE
    ..\\..\\Libraries\\STM32F4xx_StdPeriph_Driver\\src\\stm32f4xx_rng.c 0x00000000   Number         0  stm32f4xx_rng.o ABSOLUTE
    ..\\..\\Libraries\\STM32F4xx_StdPeriph_Driver\\src\\stm32f4xx_rtc.c 0x00000000   Number         0  stm32f4xx_rtc.o ABSOLUTE
    ..\\..\\Libraries\\STM32F4xx_StdPeriph_Driver\\src\\stm32f4xx_sai.c 0x00000000   Number         0  stm32f4xx_sai.o ABSOLUTE
    ..\\..\\Libraries\\STM32F4xx_StdPeriph_Driver\\src\\stm32f4xx_sdio.c 0x00000000   Number         0  stm32f4xx_sdio.o ABSOLUTE
    ..\\..\\Libraries\\STM32F4xx_StdPeriph_Driver\\src\\stm32f4xx_spi.c 0x00000000   Number         0  stm32f4xx_spi.o ABSOLUTE
    ..\\..\\Libraries\\STM32F4xx_StdPeriph_Driver\\src\\stm32f4xx_syscfg.c 0x00000000   Number         0  stm32f4xx_syscfg.o ABSOLUTE
    ..\\..\\Libraries\\STM32F4xx_StdPeriph_Driver\\src\\stm32f4xx_tim.c 0x00000000   Number         0  stm32f4xx_tim.o ABSOLUTE
    ..\\..\\Libraries\\STM32F4xx_StdPeriph_Driver\\src\\stm32f4xx_usart.c 0x00000000   Number         0  stm32f4xx_usart.o ABSOLUTE
    ..\\..\\Libraries\\STM32F4xx_StdPeriph_Driver\\src\\stm32f4xx_wwdg.c 0x00000000   Number         0  stm32f4xx_wwdg.o ABSOLUTE
    ..\\..\\User\\DealSerialData\\DealSerialData.c 0x00000000   Number         0  dealserialdata.o ABSOLUTE
    ..\\..\\User\\MSD\\MicroStepDriver.c     0x00000000   Number         0  microstepdriver.o ABSOLUTE
    ..\\..\\User\\config\\config.c           0x00000000   Number         0  config.o ABSOLUTE
    ..\\..\\User\\cylinder\\cylinder.c       0x00000000   Number         0  cylinder.o ABSOLUTE
    ..\\..\\User\\initAll\\initAll.c         0x00000000   Number         0  initall.o ABSOLUTE
    ..\\..\\User\\key\\key.c                 0x00000000   Number         0  key.o ABSOLUTE
    ..\\..\\User\\led\\led.c                 0x00000000   Number         0  led.o ABSOLUTE
    ..\\..\\User\\main.c                     0x00000000   Number         0  main.o ABSOLUTE
    ..\\..\\User\\order\\Orders.c            0x00000000   Number         0  orders.o ABSOLUTE
    ..\\..\\User\\order\\order.c             0x00000000   Number         0  order.o ABSOLUTE
    ..\\..\\User\\stm32f4xx_it.c             0x00000000   Number         0  stm32f4xx_it.o ABSOLUTE
    ..\\..\\User\\usart\\usart.c             0x00000000   Number         0  usart.o ABSOLUTE
    cdrcmple.s                               0x00000000   Number         0  cdrcmple.o ABSOLUTE
    dc.s                                     0x00000000   Number         0  dc.o ABSOLUTE
    handlers.s                               0x00000000   Number         0  handlers.o ABSOLUTE
    init.s                                   0x00000000   Number         0  init.o ABSOLUTE
    RESET                                    0x08000000   Section      428  startup_stm32f429_439xx.o(RESET)
    .ARM.Collect$$$$00000000                 0x080001ac   Section        0  entry.o(.ARM.Collect$$$$00000000)
    .ARM.Collect$$$$00000001                 0x080001ac   Section        4  entry2.o(.ARM.Collect$$$$00000001)
    .ARM.Collect$$$$00000004                 0x080001b0   Section        4  entry5.o(.ARM.Collect$$$$00000004)
    .ARM.Collect$$$$00000008                 0x080001b4   Section        0  entry7b.o(.ARM.Collect$$$$00000008)
    .ARM.Collect$$$$0000000A                 0x080001b4   Section        0  entry8b.o(.ARM.Collect$$$$0000000A)
    .ARM.Collect$$$$0000000B                 0x080001b4   Section        8  entry9a.o(.ARM.Collect$$$$0000000B)
    .ARM.Collect$$$$0000000D                 0x080001bc   Section        0  entry10a.o(.ARM.Collect$$$$0000000D)
    .ARM.Collect$$$$0000000F                 0x080001bc   Section        0  entry11a.o(.ARM.Collect$$$$0000000F)
    .ARM.Collect$$$$00002712                 0x080001bc   Section        4  entry2.o(.ARM.Collect$$$$00002712)
    __lit__00000000                          0x080001bc   Data           4  entry2.o(.ARM.Collect$$$$00002712)
    .text                                    0x080001c0   Section       36  startup_stm32f429_439xx.o(.text)
    $v0                                      0x080001c0   Number         0  startup_stm32f429_439xx.o(.text)
    .text                                    0x080001e4   Section        0  memcpya.o(.text)
    .text                                    0x08000208   Section        0  strlen.o(.text)
    .text                                    0x08000216   Section        0  strcmp.o(.text)
    .text                                    0x08000234   Section       36  init.o(.text)
    .text                                    0x08000258   Section        0  __dczerorl2.o(.text)
    i.BusFault_Handler                       0x080002ae   Section        0  stm32f4xx_it.o(i.BusFault_Handler)
    i.Cylinder_GPIO_Config                   0x080002b2   Section        0  cylinder.o(i.Cylinder_GPIO_Config)
    i.Cylinder_OFF                           0x080002e4   Section        0  cylinder.o(i.Cylinder_OFF)
    i.Cylinder_ON                            0x080002ee   Section        0  cylinder.o(i.Cylinder_ON)
    i.DealSerialData                         0x080002f8   Section        0  dealserialdata.o(i.DealSerialData)
    i.DebugMon_Handler                       0x08000404   Section        0  stm32f4xx_it.o(i.DebugMon_Handler)
    i.Delay                                  0x08000406   Section        0  order.o(i.Delay)
    i.EXTI0_IRQHandler                       0x08000418   Section        0  stm32f4xx_it.o(i.EXTI0_IRQHandler)
    i.EXTI15_10_IRQHandler                   0x0800046c   Section        0  stm32f4xx_it.o(i.EXTI15_10_IRQHandler)
    i.EXTI_ClearITPendingBit                 0x080004c4   Section        0  stm32f4xx_exti.o(i.EXTI_ClearITPendingBit)
    i.EXTI_GetITStatus                       0x080004d0   Section        0  stm32f4xx_exti.o(i.EXTI_GetITStatus)
    i.EXTI_Init                              0x080004e8   Section        0  stm32f4xx_exti.o(i.EXTI_Init)
    i.GPIO_Init                              0x0800057c   Section        0  stm32f4xx_gpio.o(i.GPIO_Init)
    i.GPIO_PinAFConfig                       0x0800060c   Section        0  stm32f4xx_gpio.o(i.GPIO_PinAFConfig)
    i.GPIO_ResetBits                         0x08000652   Section        0  stm32f4xx_gpio.o(i.GPIO_ResetBits)
    i.GPIO_SetBits                           0x08000656   Section        0  stm32f4xx_gpio.o(i.GPIO_SetBits)
    i.HardFault_Handler                      0x0800065a   Section        0  stm32f4xx_it.o(i.HardFault_Handler)
    i.InitAll                                0x0800065e   Section        0  main.o(i.InitAll)
    i.InitAll_Cylinder                       0x0800067c   Section        0  initall.o(i.InitAll_Cylinder)
    i.InitAll_KEY                            0x08000694   Section        0  initall.o(i.InitAll_KEY)
    i.InitAll_LED                            0x080006ac   Section        0  initall.o(i.InitAll_LED)
    i.InitAll_MSD                            0x080006dc   Section        0  initall.o(i.InitAll_MSD)
    i.InitAll_Order                          0x080006f4   Section        0  initall.o(i.InitAll_Order)
    i.InitAll_USART                          0x08000890   Section        0  initall.o(i.InitAll_USART)
    i.InitCylinder                           0x080008a0   Section        0  cylinder.o(i.InitCylinder)
    i.InitKEY                                0x080008b2   Section        0  key.o(i.InitKEY)
    i.InitLED                                0x080008c4   Section        0  led.o(i.InitLED)
    i.InitMSD                                0x080008f6   Section        0  microstepdriver.o(i.InitMSD)
    i.InitUsart                              0x0800090e   Section        0  usart.o(i.InitUsart)
    i.InvokerClear                           0x0800091a   Section        0  order.o(i.InvokerClear)
    i.InvokerDoOrder                         0x0800091c   Section        0  order.o(i.InvokerDoOrder)
    i.InvokerSetOrder                        0x08000926   Section        0  order.o(i.InvokerSetOrder)
    i.KEY_EXTI_Config                        0x08000932   Section        0  key.o(i.KEY_EXTI_Config)
    i.KEY_GPIO_Config                        0x0800096a   Section        0  key.o(i.KEY_GPIO_Config)
    i.KEY_NVIC_Config                        0x0800098e   Section        0  key.o(i.KEY_NVIC_Config)
    i.LED_OFF                                0x080009ba   Section        0  led.o(i.LED_OFF)
    i.LED_ON                                 0x080009c4   Section        0  led.o(i.LED_ON)
    i.LED_RGB_OFF                            0x080009d0   Section        0  led.o(i.LED_RGB_OFF)
    i.LED_Toggle                             0x080009f4   Section        0  led.o(i.LED_Toggle)
    i.MSD_ENA                                0x08000a04   Section        0  microstepdriver.o(i.MSD_ENA)
    i.MSD_GPIO_Config                        0x08000a8c   Section        0  microstepdriver.o(i.MSD_GPIO_Config)
    i.MSD_IRQHandler                         0x08000b38   Section        0  microstepdriver.o(i.MSD_IRQHandler)
    i.MSD_Mode_Config                        0x08000c10   Section        0  microstepdriver.o(i.MSD_Mode_Config)
    i.MSD_Move                               0x08000ca0   Section        0  microstepdriver.o(i.MSD_Move)
    i.MSD_NVIC_Config                        0x08000cf4   Section        0  microstepdriver.o(i.MSD_NVIC_Config)
    i.MSD_waitStop                           0x08000d1c   Section        0  microstepdriver.o(i.MSD_waitStop)
    i.MemManage_Handler                      0x08000d30   Section        0  stm32f4xx_it.o(i.MemManage_Handler)
    i.NMI_Handler                            0x08000d34   Section        0  stm32f4xx_it.o(i.NMI_Handler)
    i.NVIC_Init                              0x08000d38   Section        0  misc.o(i.NVIC_Init)
    i.NVIC_PriorityGroupConfig               0x08000db0   Section        0  misc.o(i.NVIC_PriorityGroupConfig)
    i.NewInvoker                             0x08000dc4   Section        0  order.o(i.NewInvoker)
    i.NewOrder                               0x08000e00   Section        0  order.o(i.NewOrder)
    i.NewOrderACA                            0x08000e20   Section        0  order.o(i.NewOrderACA)
    i.NewOrderACS                            0x08000e3c   Section        0  order.o(i.NewOrderACS)
    i.NewOrderDCA                            0x08000e58   Section        0  order.o(i.NewOrderDCA)
    i.NewOrderDCS                            0x08000e74   Section        0  order.o(i.NewOrderDCS)
    i.NewOrderDM2                            0x08000e90   Section        0  order.o(i.NewOrderDM2)
    i.NewOrderDMA                            0x08000eac   Section        0  order.o(i.NewOrderDMA)
    i.NewOrderDMF                            0x08000ec8   Section        0  order.o(i.NewOrderDMF)
    i.NewOrderDMR                            0x08000ee4   Section        0  order.o(i.NewOrderDMR)
    i.NewOrderDMS                            0x08000f00   Section        0  order.o(i.NewOrderDMS)
    i.NewOrderERR                            0x08000f1c   Section        0  order.o(i.NewOrderERR)
    i.NewOrderLCA                            0x08000f38   Section        0  order.o(i.NewOrderLCA)
    i.NewOrderLCS                            0x08000f54   Section        0  order.o(i.NewOrderLCS)
    i.NewOrderLM2                            0x08000f70   Section        0  order.o(i.NewOrderLM2)
    i.NewOrderLMA                            0x08000f8c   Section        0  order.o(i.NewOrderLMA)
    i.NewOrderLMF                            0x08000fa8   Section        0  order.o(i.NewOrderLMF)
    i.NewOrderLMR                            0x08000fc4   Section        0  order.o(i.NewOrderLMR)
    i.NewOrderLMS                            0x08000fe0   Section        0  order.o(i.NewOrderLMS)
    i.NewVectorOrder                         0x08000ffc   Section        0  orders.o(i.NewVectorOrder)
    i.OrderACADo                             0x08001040   Section        0  order.o(i.OrderACADo)
    i.OrderACSDo                             0x08001070   Section        0  order.o(i.OrderACSDo)
    i.OrderDCADo                             0x080010a0   Section        0  order.o(i.OrderDCADo)
    i.OrderDCSDo                             0x080010c8   Section        0  order.o(i.OrderDCSDo)
    i.OrderDM2Do                             0x080010f0   Section        0  order.o(i.OrderDM2Do)
    i.OrderDMADo                             0x08001140   Section        0  order.o(i.OrderDMADo)
    i.OrderDMFDo                             0x08001174   Section        0  order.o(i.OrderDMFDo)
    i.OrderDMRDo                             0x0800119c   Section        0  order.o(i.OrderDMRDo)
    i.OrderDMSDo                             0x080011c8   Section        0  order.o(i.OrderDMSDo)
    i.OrderDo                                0x080011fc   Section        0  order.o(i.OrderDo)
    i.OrderERRDo                             0x08001214   Section        0  order.o(i.OrderERRDo)
    i.OrderLCADo                             0x08001228   Section        0  order.o(i.OrderLCADo)
    i.OrderLCSDo                             0x08001250   Section        0  order.o(i.OrderLCSDo)
    i.OrderLM2Do                             0x08001278   Section        0  order.o(i.OrderLM2Do)
    i.OrderLMADo                             0x080012c8   Section        0  order.o(i.OrderLMADo)
    i.OrderLMFDo                             0x080012fc   Section        0  order.o(i.OrderLMFDo)
    i.OrderLMRDo                             0x08001324   Section        0  order.o(i.OrderLMRDo)
    i.OrderLMSDo                             0x08001350   Section        0  order.o(i.OrderLMSDo)
    i.PendSV_Handler                         0x08001384   Section        0  stm32f4xx_it.o(i.PendSV_Handler)
    i.RCC_AHB1PeriphClockCmd                 0x08001388   Section        0  stm32f4xx_rcc.o(i.RCC_AHB1PeriphClockCmd)
    i.RCC_APB1PeriphClockCmd                 0x080013a8   Section        0  stm32f4xx_rcc.o(i.RCC_APB1PeriphClockCmd)
    i.RCC_APB2PeriphClockCmd                 0x080013c8   Section        0  stm32f4xx_rcc.o(i.RCC_APB2PeriphClockCmd)
    i.RCC_GetClocksFreq                      0x080013e8   Section        0  stm32f4xx_rcc.o(i.RCC_GetClocksFreq)
    i.SVC_Handler                            0x080014d0   Section        0  stm32f4xx_it.o(i.SVC_Handler)
    i.SYSCFG_EXTILineConfig                  0x080014d4   Section        0  stm32f4xx_syscfg.o(i.SYSCFG_EXTILineConfig)
    i.SetSysClock                            0x08001514   Section        0  system_stm32f4xx.o(i.SetSysClock)
    SetSysClock                              0x08001515   Thumb Code   272  system_stm32f4xx.o(i.SetSysClock)
    i.SysTick_Handler                        0x08001634   Section        0  stm32f4xx_it.o(i.SysTick_Handler)
    i.SystemInit                             0x08001638   Section        0  system_stm32f4xx.o(i.SystemInit)
    i.TIM2_IRQHandler                        0x080016a0   Section        0  stm32f4xx_it.o(i.TIM2_IRQHandler)
    i.TIM3_IRQHandler                        0x080016b0   Section        0  stm32f4xx_it.o(i.TIM3_IRQHandler)
    i.TIM_ARRPreloadConfig                   0x080016c0   Section        0  stm32f4xx_tim.o(i.TIM_ARRPreloadConfig)
    i.TIM_ClearITPendingBit                  0x080016d8   Section        0  stm32f4xx_tim.o(i.TIM_ClearITPendingBit)
    i.TIM_Cmd                                0x080016de   Section        0  stm32f4xx_tim.o(i.TIM_Cmd)
    i.TIM_GetITStatus                        0x080016f6   Section        0  stm32f4xx_tim.o(i.TIM_GetITStatus)
    i.TIM_ITConfig                           0x08001718   Section        0  stm32f4xx_tim.o(i.TIM_ITConfig)
    i.TIM_OC4Init                            0x0800172c   Section        0  stm32f4xx_tim.o(i.TIM_OC4Init)
    i.TIM_OC4PreloadConfig                   0x080017a4   Section        0  stm32f4xx_tim.o(i.TIM_OC4PreloadConfig)
    i.TIM_SetAutoreload                      0x080017be   Section        0  stm32f4xx_tim.o(i.TIM_SetAutoreload)
    i.TIM_SetCompare4                        0x080017c2   Section        0  stm32f4xx_tim.o(i.TIM_SetCompare4)
    i.TIM_TimeBaseInit                       0x080017c8   Section        0  stm32f4xx_tim.o(i.TIM_TimeBaseInit)
    i.TIM_TimeBaseStructInit                 0x0800184c   Section        0  stm32f4xx_tim.o(i.TIM_TimeBaseStructInit)
    i.TIM_UpdateRequestConfig                0x0800185e   Section        0  stm32f4xx_tim.o(i.TIM_UpdateRequestConfig)
    i.USART1_IRQHandler                      0x08001878   Section        0  stm32f4xx_it.o(i.USART1_IRQHandler)
    i.USART_Cmd                              0x08001980   Section        0  stm32f4xx_usart.o(i.USART_Cmd)
    i.USART_GetFlagStatus                    0x08001998   Section        0  stm32f4xx_usart.o(i.USART_GetFlagStatus)
    i.USART_GetITStatus                      0x080019b2   Section        0  stm32f4xx_usart.o(i.USART_GetITStatus)
    i.USART_ITConfig                         0x08001a06   Section        0  stm32f4xx_usart.o(i.USART_ITConfig)
    i.USART_Init                             0x08001a50   Section        0  stm32f4xx_usart.o(i.USART_Init)
    i.USART_ReceiveData                      0x08001b24   Section        0  stm32f4xx_usart.o(i.USART_ReceiveData)
    i.USART_SendData                         0x08001b2e   Section        0  stm32f4xx_usart.o(i.USART_SendData)
    i.UsageFault_Handler                     0x08001b36   Section        0  stm32f4xx_it.o(i.UsageFault_Handler)
    i.Usart_Config                           0x08001b3a   Section        0  usart.o(i.Usart_Config)
    i.Usart_FlushRxBuffer                    0x08001be2   Section        0  usart.o(i.Usart_FlushRxBuffer)
    i.Usart_NVIC_Config                      0x08001bf6   Section        0  usart.o(i.Usart_NVIC_Config)
    i.Usart_SendByte                         0x08001c24   Section        0  usart.o(i.Usart_SendByte)
    i.VectorOrderClear                       0x08001c42   Section        0  orders.o(i.VectorOrderClear)
    i.VectorOrderFind                        0x08001c56   Section        0  orders.o(i.VectorOrderFind)
    i.VectorOrderPushBack                    0x08001ca2   Section        0  orders.o(i.VectorOrderPushBack)
    i.VectorOrderSetData                     0x08001cfc   Section        0  orders.o(i.VectorOrderSetData)
    i.VectorOrderSize                        0x08001d4a   Section        0  orders.o(i.VectorOrderSize)
    i.__0printf$bare                         0x08001d50   Section        0  printfb.o(i.__0printf$bare)
    i.__scatterload_copy                     0x08001d60   Section       14  handlers.o(i.__scatterload_copy)
    i.__scatterload_null                     0x08001d6e   Section        2  handlers.o(i.__scatterload_null)
    i.__scatterload_zeroinit                 0x08001d70   Section       14  handlers.o(i.__scatterload_zeroinit)
    i._printf_core                           0x08001d7e   Section        0  printfb.o(i._printf_core)
    _printf_core                             0x08001d7f   Thumb Code    34  printfb.o(i._printf_core)
    i.fputc                                  0x08001da0   Section        0  usart.o(i.fputc)
    i.free                                   0x08001dc8   Section        0  malloc.o(i.free)
    i.main                                   0x08001e18   Section        0  main.o(i.main)
    i.malloc                                 0x08001e24   Section        0  malloc.o(i.malloc)
    .constdata                               0x08001e90   Section       64  config.o(.constdata)
    .data                                    0x20000000   Section       16  stm32f4xx_rcc.o(.data)
    APBAHBPrescTable                         0x20000000   Data          16  stm32f4xx_rcc.o(.data)
    .data                                    0x20000010   Section    60104  microstepdriver.o(.data)
    .data                                    0x2000ead8   Section        1  dealserialdata.o(.data)
    initFlag                                 0x2000ead8   Data           1  dealserialdata.o(.data)
    .data                                    0x2000eadc   Section     1348  config.o(.data)
    .data                                    0x2000f020   Section        4  stdout.o(.data)
    .data                                    0x2000f024   Section        4  mvars.o(.data)
    .data                                    0x2000f028   Section        4  mvars.o(.data)
    .bss                                     0x2000f02c   Section       32  orders.o(.bss)
    HEAP                                     0x2000f050   Section      512  startup_stm32f429_439xx.o(HEAP)
    STACK                                    0x2000f250   Section     1024  startup_stm32f429_439xx.o(STACK)

    Global Symbols

    Symbol Name                              Value     Ov Type        Size  Object(Section)

    BuildAttributes$$THM_ISAv4$E$P$D$K$B$S$7EM$VFPi3$EXTD16$VFPS$VFMA$PE$A:L22UL41UL21$X:L11$S22US41US21$IEEE1$IW$USESV6$~STKCKD$USESV7$~SHL$OSPACE$ROPI$EBA8$MICROLIB$REQ8$PRES8$EABIv2 0x00000000   Number         0  anon$$obj.o ABSOLUTE
    __ARM_use_no_argv                        0x00000000   Number         0  main.o ABSOLUTE
    __cpp_initialize__aeabi_                  - Undefined Weak Reference
    __cxa_finalize                            - Undefined Weak Reference
    _clock_init                               - Undefined Weak Reference
    _microlib_exit                            - Undefined Weak Reference
    __Vectors_Size                           0x000001ac   Number         0  startup_stm32f429_439xx.o ABSOLUTE
    __Vectors                                0x08000000   Data           4  startup_stm32f429_439xx.o(RESET)
    __Vectors_End                            0x080001ac   Data           0  startup_stm32f429_439xx.o(RESET)
    __main                                   0x080001ad   Thumb Code     0  entry.o(.ARM.Collect$$$$00000000)
    _main_stk                                0x080001ad   Thumb Code     0  entry2.o(.ARM.Collect$$$$00000001)
    _main_scatterload                        0x080001b1   Thumb Code     0  entry5.o(.ARM.Collect$$$$00000004)
    __main_after_scatterload                 0x080001b5   Thumb Code     0  entry5.o(.ARM.Collect$$$$00000004)
    _main_clock                              0x080001b5   Thumb Code     0  entry7b.o(.ARM.Collect$$$$00000008)
    _main_cpp_init                           0x080001b5   Thumb Code     0  entry8b.o(.ARM.Collect$$$$0000000A)
    _main_init                               0x080001b5   Thumb Code     0  entry9a.o(.ARM.Collect$$$$0000000B)
    __rt_final_cpp                           0x080001bd   Thumb Code     0  entry10a.o(.ARM.Collect$$$$0000000D)
    __rt_final_exit                          0x080001bd   Thumb Code     0  entry11a.o(.ARM.Collect$$$$0000000F)
    Reset_Handler                            0x080001c1   Thumb Code     8  startup_stm32f429_439xx.o(.text)
    ADC_IRQHandler                           0x080001db   Thumb Code     0  startup_stm32f429_439xx.o(.text)
    CAN1_RX0_IRQHandler                      0x080001db   Thumb Code     0  startup_stm32f429_439xx.o(.text)
    CAN1_RX1_IRQHandler                      0x080001db   Thumb Code     0  startup_stm32f429_439xx.o(.text)
    CAN1_SCE_IRQHandler                      0x080001db   Thumb Code     0  startup_stm32f429_439xx.o(.text)
    CAN1_TX_IRQHandler                       0x080001db   Thumb Code     0  startup_stm32f429_439xx.o(.text)
    CAN2_RX0_IRQHandler                      0x080001db   Thumb Code     0  startup_stm32f429_439xx.o(.text)
    CAN2_RX1_IRQHandler                      0x080001db   Thumb Code     0  startup_stm32f429_439xx.o(.text)
    CAN2_SCE_IRQHandler                      0x080001db   Thumb Code     0  startup_stm32f429_439xx.o(.text)
    CAN2_TX_IRQHandler                       0x080001db   Thumb Code     0  startup_stm32f429_439xx.o(.text)
    CRYP_IRQHandler                          0x080001db   Thumb Code     0  startup_stm32f429_439xx.o(.text)
    DCMI_IRQHandler                          0x080001db   Thumb Code     0  startup_stm32f429_439xx.o(.text)
    DMA1_Stream0_IRQHandler                  0x080001db   Thumb Code     0  startup_stm32f429_439xx.o(.text)
    DMA1_Stream1_IRQHandler                  0x080001db   Thumb Code     0  startup_stm32f429_439xx.o(.text)
    DMA1_Stream2_IRQHandler                  0x080001db   Thumb Code     0  startup_stm32f429_439xx.o(.text)
    DMA1_Stream3_IRQHandler                  0x080001db   Thumb Code     0  startup_stm32f429_439xx.o(.text)
    DMA1_Stream4_IRQHandler                  0x080001db   Thumb Code     0  startup_stm32f429_439xx.o(.text)
    DMA1_Stream5_IRQHandler                  0x080001db   Thumb Code     0  startup_stm32f429_439xx.o(.text)
    DMA1_Stream6_IRQHandler                  0x080001db   Thumb Code     0  startup_stm32f429_439xx.o(.text)
    DMA1_Stream7_IRQHandler                  0x080001db   Thumb Code     0  startup_stm32f429_439xx.o(.text)
    DMA2D_IRQHandler                         0x080001db   Thumb Code     0  startup_stm32f429_439xx.o(.text)
    DMA2_Stream0_IRQHandler                  0x080001db   Thumb Code     0  startup_stm32f429_439xx.o(.text)
    DMA2_Stream1_IRQHandler                  0x080001db   Thumb Code     0  startup_stm32f429_439xx.o(.text)
    DMA2_Stream2_IRQHandler                  0x080001db   Thumb Code     0  startup_stm32f429_439xx.o(.text)
    DMA2_Stream3_IRQHandler                  0x080001db   Thumb Code     0  startup_stm32f429_439xx.o(.text)
    DMA2_Stream4_IRQHandler                  0x080001db   Thumb Code     0  startup_stm32f429_439xx.o(.text)
    DMA2_Stream5_IRQHandler                  0x080001db   Thumb Code     0  startup_stm32f429_439xx.o(.text)
    DMA2_Stream6_IRQHandler                  0x080001db   Thumb Code     0  startup_stm32f429_439xx.o(.text)
    DMA2_Stream7_IRQHandler                  0x080001db   Thumb Code     0  startup_stm32f429_439xx.o(.text)
    ETH_IRQHandler                           0x080001db   Thumb Code     0  startup_stm32f429_439xx.o(.text)
    ETH_WKUP_IRQHandler                      0x080001db   Thumb Code     0  startup_stm32f429_439xx.o(.text)
    EXTI1_IRQHandler                         0x080001db   Thumb Code     0  startup_stm32f429_439xx.o(.text)
    EXTI2_IRQHandler                         0x080001db   Thumb Code     0  startup_stm32f429_439xx.o(.text)
    EXTI3_IRQHandler                         0x080001db   Thumb Code     0  startup_stm32f429_439xx.o(.text)
    EXTI4_IRQHandler                         0x080001db   Thumb Code     0  startup_stm32f429_439xx.o(.text)
    EXTI9_5_IRQHandler                       0x080001db   Thumb Code     0  startup_stm32f429_439xx.o(.text)
    FLASH_IRQHandler                         0x080001db   Thumb Code     0  startup_stm32f429_439xx.o(.text)
    FMC_IRQHandler                           0x080001db   Thumb Code     0  startup_stm32f429_439xx.o(.text)
    FPU_IRQHandler                           0x080001db   Thumb Code     0  startup_stm32f429_439xx.o(.text)
    HASH_RNG_IRQHandler                      0x080001db   Thumb Code     0  startup_stm32f429_439xx.o(.text)
    I2C1_ER_IRQHandler                       0x080001db   Thumb Code     0  startup_stm32f429_439xx.o(.text)
    I2C1_EV_IRQHandler                       0x080001db   Thumb Code     0  startup_stm32f429_439xx.o(.text)
    I2C2_ER_IRQHandler                       0x080001db   Thumb Code     0  startup_stm32f429_439xx.o(.text)
    I2C2_EV_IRQHandler                       0x080001db   Thumb Code     0  startup_stm32f429_439xx.o(.text)
    I2C3_ER_IRQHandler                       0x080001db   Thumb Code     0  startup_stm32f429_439xx.o(.text)
    I2C3_EV_IRQHandler                       0x080001db   Thumb Code     0  startup_stm32f429_439xx.o(.text)
    LTDC_ER_IRQHandler                       0x080001db   Thumb Code     0  startup_stm32f429_439xx.o(.text)
    LTDC_IRQHandler                          0x080001db   Thumb Code     0  startup_stm32f429_439xx.o(.text)
    OTG_FS_IRQHandler                        0x080001db   Thumb Code     0  startup_stm32f429_439xx.o(.text)
    OTG_FS_WKUP_IRQHandler                   0x080001db   Thumb Code     0  startup_stm32f429_439xx.o(.text)
    OTG_HS_EP1_IN_IRQHandler                 0x080001db   Thumb Code     0  startup_stm32f429_439xx.o(.text)
    OTG_HS_EP1_OUT_IRQHandler                0x080001db   Thumb Code     0  startup_stm32f429_439xx.o(.text)
    OTG_HS_IRQHandler                        0x080001db   Thumb Code     0  startup_stm32f429_439xx.o(.text)
    OTG_HS_WKUP_IRQHandler                   0x080001db   Thumb Code     0  startup_stm32f429_439xx.o(.text)
    PVD_IRQHandler                           0x080001db   Thumb Code     0  startup_stm32f429_439xx.o(.text)
    RCC_IRQHandler                           0x080001db   Thumb Code     0  startup_stm32f429_439xx.o(.text)
    RTC_Alarm_IRQHandler                     0x080001db   Thumb Code     0  startup_stm32f429_439xx.o(.text)
    RTC_WKUP_IRQHandler                      0x080001db   Thumb Code     0  startup_stm32f429_439xx.o(.text)
    SAI1_IRQHandler                          0x080001db   Thumb Code     0  startup_stm32f429_439xx.o(.text)
    SDIO_IRQHandler                          0x080001db   Thumb Code     0  startup_stm32f429_439xx.o(.text)
    SPI1_IRQHandler                          0x080001db   Thumb Code     0  startup_stm32f429_439xx.o(.text)
    SPI2_IRQHandler                          0x080001db   Thumb Code     0  startup_stm32f429_439xx.o(.text)
    SPI3_IRQHandler                          0x080001db   Thumb Code     0  startup_stm32f429_439xx.o(.text)
    SPI4_IRQHandler                          0x080001db   Thumb Code     0  startup_stm32f429_439xx.o(.text)
    SPI5_IRQHandler                          0x080001db   Thumb Code     0  startup_stm32f429_439xx.o(.text)
    SPI6_IRQHandler                          0x080001db   Thumb Code     0  startup_stm32f429_439xx.o(.text)
    TAMP_STAMP_IRQHandler                    0x080001db   Thumb Code     0  startup_stm32f429_439xx.o(.text)
    TIM1_BRK_TIM9_IRQHandler                 0x080001db   Thumb Code     0  startup_stm32f429_439xx.o(.text)
    TIM1_CC_IRQHandler                       0x080001db   Thumb Code     0  startup_stm32f429_439xx.o(.text)
    TIM1_TRG_COM_TIM11_IRQHandler            0x080001db   Thumb Code     0  startup_stm32f429_439xx.o(.text)
    TIM1_UP_TIM10_IRQHandler                 0x080001db   Thumb Code     0  startup_stm32f429_439xx.o(.text)
    TIM4_IRQHandler                          0x080001db   Thumb Code     0  startup_stm32f429_439xx.o(.text)
    TIM5_IRQHandler                          0x080001db   Thumb Code     0  startup_stm32f429_439xx.o(.text)
    TIM6_DAC_IRQHandler                      0x080001db   Thumb Code     0  startup_stm32f429_439xx.o(.text)
    TIM7_IRQHandler                          0x080001db   Thumb Code     0  startup_stm32f429_439xx.o(.text)
    TIM8_BRK_TIM12_IRQHandler                0x080001db   Thumb Code     0  startup_stm32f429_439xx.o(.text)
    TIM8_CC_IRQHandler                       0x080001db   Thumb Code     0  startup_stm32f429_439xx.o(.text)
    TIM8_TRG_COM_TIM14_IRQHandler            0x080001db   Thumb Code     0  startup_stm32f429_439xx.o(.text)
    TIM8_UP_TIM13_IRQHandler                 0x080001db   Thumb Code     0  startup_stm32f429_439xx.o(.text)
    UART4_IRQHandler                         0x080001db   Thumb Code     0  startup_stm32f429_439xx.o(.text)
    UART5_IRQHandler                         0x080001db   Thumb Code     0  startup_stm32f429_439xx.o(.text)
    UART7_IRQHandler                         0x080001db   Thumb Code     0  startup_stm32f429_439xx.o(.text)
    UART8_IRQHandler                         0x080001db   Thumb Code     0  startup_stm32f429_439xx.o(.text)
    USART2_IRQHandler                        0x080001db   Thumb Code     0  startup_stm32f429_439xx.o(.text)
    USART3_IRQHandler                        0x080001db   Thumb Code     0  startup_stm32f429_439xx.o(.text)
    USART6_IRQHandler                        0x080001db   Thumb Code     0  startup_stm32f429_439xx.o(.text)
    WWDG_IRQHandler                          0x080001db   Thumb Code     0  startup_stm32f429_439xx.o(.text)
    __aeabi_memcpy                           0x080001e5   Thumb Code    36  memcpya.o(.text)
    __aeabi_memcpy4                          0x080001e5   Thumb Code     0  memcpya.o(.text)
    __aeabi_memcpy8                          0x080001e5   Thumb Code     0  memcpya.o(.text)
    strlen                                   0x08000209   Thumb Code    14  strlen.o(.text)
    strcmp                                   0x08000217   Thumb Code    28  strcmp.o(.text)
    __scatterload                            0x08000235   Thumb Code    28  init.o(.text)
    __scatterload_rt2                        0x08000235   Thumb Code     0  init.o(.text)
    __decompress                             0x08000259   Thumb Code     0  __dczerorl2.o(.text)
    __decompress1                            0x08000259   Thumb Code    86  __dczerorl2.o(.text)
    BusFault_Handler                         0x080002af   Thumb Code     4  stm32f4xx_it.o(i.BusFault_Handler)
    Cylinder_GPIO_Config                     0x080002b3   Thumb Code    50  cylinder.o(i.Cylinder_GPIO_Config)
    Cylinder_OFF                             0x080002e5   Thumb Code    10  cylinder.o(i.Cylinder_OFF)
    Cylinder_ON                              0x080002ef   Thumb Code    10  cylinder.o(i.Cylinder_ON)
    DealSerialData                           0x080002f9   Thumb Code   214  dealserialdata.o(i.DealSerialData)
    DebugMon_Handler                         0x08000405   Thumb Code     2  stm32f4xx_it.o(i.DebugMon_Handler)
    Delay                                    0x08000407   Thumb Code    16  order.o(i.Delay)
    EXTI0_IRQHandler                         0x08000419   Thumb Code    66  stm32f4xx_it.o(i.EXTI0_IRQHandler)
    EXTI15_10_IRQHandler                     0x0800046d   Thumb Code    70  stm32f4xx_it.o(i.EXTI15_10_IRQHandler)
    EXTI_ClearITPendingBit                   0x080004c5   Thumb Code     6  stm32f4xx_exti.o(i.EXTI_ClearITPendingBit)
    EXTI_GetITStatus                         0x080004d1   Thumb Code    20  stm32f4xx_exti.o(i.EXTI_GetITStatus)
    EXTI_Init                                0x080004e9   Thumb Code   142  stm32f4xx_exti.o(i.EXTI_Init)
    GPIO_Init                                0x0800057d   Thumb Code   144  stm32f4xx_gpio.o(i.GPIO_Init)
    GPIO_PinAFConfig                         0x0800060d   Thumb Code    70  stm32f4xx_gpio.o(i.GPIO_PinAFConfig)
    GPIO_ResetBits                           0x08000653   Thumb Code     4  stm32f4xx_gpio.o(i.GPIO_ResetBits)
    GPIO_SetBits                             0x08000657   Thumb Code     4  stm32f4xx_gpio.o(i.GPIO_SetBits)
    HardFault_Handler                        0x0800065b   Thumb Code     4  stm32f4xx_it.o(i.HardFault_Handler)
    InitAll                                  0x0800065f   Thumb Code    28  main.o(i.InitAll)
    InitAll_Cylinder                         0x0800067d   Thumb Code    16  initall.o(i.InitAll_Cylinder)
    InitAll_KEY                              0x08000695   Thumb Code    16  initall.o(i.InitAll_KEY)
    InitAll_LED                              0x080006ad   Thumb Code    32  initall.o(i.InitAll_LED)
    InitAll_MSD                              0x080006dd   Thumb Code    16  initall.o(i.InitAll_MSD)
    InitAll_Order                            0x080006f5   Thumb Code   408  initall.o(i.InitAll_Order)
    InitAll_USART                            0x08000891   Thumb Code    10  initall.o(i.InitAll_USART)
    InitCylinder                             0x080008a1   Thumb Code    18  cylinder.o(i.InitCylinder)
    InitKEY                                  0x080008b3   Thumb Code    18  key.o(i.InitKEY)
    InitLED                                  0x080008c5   Thumb Code    50  led.o(i.InitLED)
    InitMSD                                  0x080008f7   Thumb Code    24  microstepdriver.o(i.InitMSD)
    InitUsart                                0x0800090f   Thumb Code    12  usart.o(i.InitUsart)
    InvokerClear                             0x0800091b   Thumb Code     2  order.o(i.InvokerClear)
    InvokerDoOrder                           0x0800091d   Thumb Code    10  order.o(i.InvokerDoOrder)
    InvokerSetOrder                          0x08000927   Thumb Code    12  order.o(i.InvokerSetOrder)
    KEY_EXTI_Config                          0x08000933   Thumb Code    56  key.o(i.KEY_EXTI_Config)
    KEY_GPIO_Config                          0x0800096b   Thumb Code    36  key.o(i.KEY_GPIO_Config)
    KEY_NVIC_Config                          0x0800098f   Thumb Code    44  key.o(i.KEY_NVIC_Config)
    LED_OFF                                  0x080009bb   Thumb Code    10  led.o(i.LED_OFF)
    LED_ON                                   0x080009c5   Thumb Code    10  led.o(i.LED_ON)
    LED_RGB_OFF                              0x080009d1   Thumb Code    22  led.o(i.LED_RGB_OFF)
    LED_Toggle                               0x080009f5   Thumb Code    14  led.o(i.LED_Toggle)
    MSD_ENA                                  0x08000a05   Thumb Code    56  microstepdriver.o(i.MSD_ENA)
    MSD_GPIO_Config                          0x08000a8d   Thumb Code   172  microstepdriver.o(i.MSD_GPIO_Config)
    MSD_IRQHandler                           0x08000b39   Thumb Code   198  microstepdriver.o(i.MSD_IRQHandler)
    MSD_Mode_Config                          0x08000c11   Thumb Code   144  microstepdriver.o(i.MSD_Mode_Config)
    MSD_Move                                 0x08000ca1   Thumb Code    80  microstepdriver.o(i.MSD_Move)
    MSD_NVIC_Config                          0x08000cf5   Thumb Code    40  microstepdriver.o(i.MSD_NVIC_Config)
    MSD_waitStop                             0x08000d1d   Thumb Code    20  microstepdriver.o(i.MSD_waitStop)
    MemManage_Handler                        0x08000d31   Thumb Code     4  stm32f4xx_it.o(i.MemManage_Handler)
    NMI_Handler                              0x08000d35   Thumb Code     2  stm32f4xx_it.o(i.NMI_Handler)
    NVIC_Init                                0x08000d39   Thumb Code   106  misc.o(i.NVIC_Init)
    NVIC_PriorityGroupConfig                 0x08000db1   Thumb Code    10  misc.o(i.NVIC_PriorityGroupConfig)
    NewInvoker                               0x08000dc5   Thumb Code    46  order.o(i.NewInvoker)
    NewOrder                                 0x08000e01   Thumb Code    20  order.o(i.NewOrder)
    NewOrderACA                              0x08000e21   Thumb Code    20  order.o(i.NewOrderACA)
    NewOrderACS                              0x08000e3d   Thumb Code    20  order.o(i.NewOrderACS)
    NewOrderDCA                              0x08000e59   Thumb Code    20  order.o(i.NewOrderDCA)
    NewOrderDCS                              0x08000e75   Thumb Code    20  order.o(i.NewOrderDCS)
    NewOrderDM2                              0x08000e91   Thumb Code    20  order.o(i.NewOrderDM2)
    NewOrderDMA                              0x08000ead   Thumb Code    20  order.o(i.NewOrderDMA)
    NewOrderDMF                              0x08000ec9   Thumb Code    20  order.o(i.NewOrderDMF)
    NewOrderDMR                              0x08000ee5   Thumb Code    20  order.o(i.NewOrderDMR)
    NewOrderDMS                              0x08000f01   Thumb Code    20  order.o(i.NewOrderDMS)
    NewOrderERR                              0x08000f1d   Thumb Code    20  order.o(i.NewOrderERR)
    NewOrderLCA                              0x08000f39   Thumb Code    20  order.o(i.NewOrderLCA)
    NewOrderLCS                              0x08000f55   Thumb Code    20  order.o(i.NewOrderLCS)
    NewOrderLM2                              0x08000f71   Thumb Code    20  order.o(i.NewOrderLM2)
    NewOrderLMA                              0x08000f8d   Thumb Code    20  order.o(i.NewOrderLMA)
    NewOrderLMF                              0x08000fa9   Thumb Code    20  order.o(i.NewOrderLMF)
    NewOrderLMR                              0x08000fc5   Thumb Code    20  order.o(i.NewOrderLMR)
    NewOrderLMS                              0x08000fe1   Thumb Code    20  order.o(i.NewOrderLMS)
    NewVectorOrder                           0x08000ffd   Thumb Code    48  orders.o(i.NewVectorOrder)
    OrderACADo                               0x08001041   Thumb Code    28  order.o(i.OrderACADo)
    OrderACSDo                               0x08001071   Thumb Code    28  order.o(i.OrderACSDo)
    OrderDCADo                               0x080010a1   Thumb Code    22  order.o(i.OrderDCADo)
    OrderDCSDo                               0x080010c9   Thumb Code    22  order.o(i.OrderDCSDo)
    OrderDM2Do                               0x080010f1   Thumb Code    62  order.o(i.OrderDM2Do)
    OrderDMADo                               0x08001141   Thumb Code    38  order.o(i.OrderDMADo)
    OrderDMFDo                               0x08001175   Thumb Code    28  order.o(i.OrderDMFDo)
    OrderDMRDo                               0x0800119d   Thumb Code    30  order.o(i.OrderDMRDo)
    OrderDMSDo                               0x080011c9   Thumb Code    36  order.o(i.OrderDMSDo)
    OrderDo                                  0x080011fd   Thumb Code    10  order.o(i.OrderDo)
    OrderERRDo                               0x08001215   Thumb Code    10  order.o(i.OrderERRDo)
    OrderLCADo                               0x08001229   Thumb Code    22  order.o(i.OrderLCADo)
    OrderLCSDo                               0x08001251   Thumb Code    22  order.o(i.OrderLCSDo)
    OrderLM2Do                               0x08001279   Thumb Code    64  order.o(i.OrderLM2Do)
    OrderLMADo                               0x080012c9   Thumb Code    38  order.o(i.OrderLMADo)
    OrderLMFDo                               0x080012fd   Thumb Code    28  order.o(i.OrderLMFDo)
    OrderLMRDo                               0x08001325   Thumb Code    30  order.o(i.OrderLMRDo)
    OrderLMSDo                               0x08001351   Thumb Code    36  order.o(i.OrderLMSDo)
    PendSV_Handler                           0x08001385   Thumb Code     2  stm32f4xx_it.o(i.PendSV_Handler)
    RCC_AHB1PeriphClockCmd                   0x08001389   Thumb Code    26  stm32f4xx_rcc.o(i.RCC_AHB1PeriphClockCmd)
    RCC_APB1PeriphClockCmd                   0x080013a9   Thumb Code    26  stm32f4xx_rcc.o(i.RCC_APB1PeriphClockCmd)
    RCC_APB2PeriphClockCmd                   0x080013c9   Thumb Code    26  stm32f4xx_rcc.o(i.RCC_APB2PeriphClockCmd)
    RCC_GetClocksFreq                        0x080013e9   Thumb Code   214  stm32f4xx_rcc.o(i.RCC_GetClocksFreq)
    SVC_Handler                              0x080014d1   Thumb Code     2  stm32f4xx_it.o(i.SVC_Handler)
    SYSCFG_EXTILineConfig                    0x080014d5   Thumb Code    60  stm32f4xx_syscfg.o(i.SYSCFG_EXTILineConfig)
    SysTick_Handler                          0x08001635   Thumb Code     2  stm32f4xx_it.o(i.SysTick_Handler)
    SystemInit                               0x08001639   Thumb Code    88  system_stm32f4xx.o(i.SystemInit)
    TIM2_IRQHandler                          0x080016a1   Thumb Code    10  stm32f4xx_it.o(i.TIM2_IRQHandler)
    TIM3_IRQHandler                          0x080016b1   Thumb Code    10  stm32f4xx_it.o(i.TIM3_IRQHandler)
    TIM_ARRPreloadConfig                     0x080016c1   Thumb Code    24  stm32f4xx_tim.o(i.TIM_ARRPreloadConfig)
    TIM_ClearITPendingBit                    0x080016d9   Thumb Code     6  stm32f4xx_tim.o(i.TIM_ClearITPendingBit)
    TIM_Cmd                                  0x080016df   Thumb Code    24  stm32f4xx_tim.o(i.TIM_Cmd)
    TIM_GetITStatus                          0x080016f7   Thumb Code    34  stm32f4xx_tim.o(i.TIM_GetITStatus)
    TIM_ITConfig                             0x08001719   Thumb Code    18  stm32f4xx_tim.o(i.TIM_ITConfig)
    TIM_OC4Init                              0x0800172d   Thumb Code   112  stm32f4xx_tim.o(i.TIM_OC4Init)
    TIM_OC4PreloadConfig                     0x080017a5   Thumb Code    26  stm32f4xx_tim.o(i.TIM_OC4PreloadConfig)
    TIM_SetAutoreload                        0x080017bf   Thumb Code     4  stm32f4xx_tim.o(i.TIM_SetAutoreload)
    TIM_SetCompare4                          0x080017c3   Thumb Code     4  stm32f4xx_tim.o(i.TIM_SetCompare4)
    TIM_TimeBaseInit                         0x080017c9   Thumb Code   104  stm32f4xx_tim.o(i.TIM_TimeBaseInit)
    TIM_TimeBaseStructInit                   0x0800184d   Thumb Code    18  stm32f4xx_tim.o(i.TIM_TimeBaseStructInit)
    TIM_UpdateRequestConfig                  0x0800185f   Thumb Code    24  stm32f4xx_tim.o(i.TIM_UpdateRequestConfig)
    USART1_IRQHandler                        0x08001879   Thumb Code   252  stm32f4xx_it.o(i.USART1_IRQHandler)
    USART_Cmd                                0x08001981   Thumb Code    24  stm32f4xx_usart.o(i.USART_Cmd)
    USART_GetFlagStatus                      0x08001999   Thumb Code    26  stm32f4xx_usart.o(i.USART_GetFlagStatus)
    USART_GetITStatus                        0x080019b3   Thumb Code    84  stm32f4xx_usart.o(i.USART_GetITStatus)
    USART_ITConfig                           0x08001a07   Thumb Code    74  stm32f4xx_usart.o(i.USART_ITConfig)
    USART_Init                               0x08001a51   Thumb Code   204  stm32f4xx_usart.o(i.USART_Init)
    USART_ReceiveData                        0x08001b25   Thumb Code    10  stm32f4xx_usart.o(i.USART_ReceiveData)
    USART_SendData                           0x08001b2f   Thumb Code     8  stm32f4xx_usart.o(i.USART_SendData)
    UsageFault_Handler                       0x08001b37   Thumb Code     4  stm32f4xx_it.o(i.UsageFault_Handler)
    Usart_Config                             0x08001b3b   Thumb Code   168  usart.o(i.Usart_Config)
    Usart_FlushRxBuffer                      0x08001be3   Thumb Code    20  usart.o(i.Usart_FlushRxBuffer)
    Usart_NVIC_Config                        0x08001bf7   Thumb Code    46  usart.o(i.Usart_NVIC_Config)
    Usart_SendByte                           0x08001c25   Thumb Code    30  usart.o(i.Usart_SendByte)
    VectorOrderClear                         0x08001c43   Thumb Code    20  orders.o(i.VectorOrderClear)
    VectorOrderFind                          0x08001c57   Thumb Code    76  orders.o(i.VectorOrderFind)
    VectorOrderPushBack                      0x08001ca3   Thumb Code    90  orders.o(i.VectorOrderPushBack)
    VectorOrderSetData                       0x08001cfd   Thumb Code    78  orders.o(i.VectorOrderSetData)
    VectorOrderSize                          0x08001d4b   Thumb Code     6  orders.o(i.VectorOrderSize)
    __0printf$bare                           0x08001d51   Thumb Code     8  printfb.o(i.__0printf$bare)
    __1printf$bare                           0x08001d51   Thumb Code     0  printfb.o(i.__0printf$bare)
    __2printf                                0x08001d51   Thumb Code     0  printfb.o(i.__0printf$bare)
    __scatterload_copy                       0x08001d61   Thumb Code    14  handlers.o(i.__scatterload_copy)
    __scatterload_null                       0x08001d6f   Thumb Code     2  handlers.o(i.__scatterload_null)
    __scatterload_zeroinit                   0x08001d71   Thumb Code    14  handlers.o(i.__scatterload_zeroinit)
    fputc                                    0x08001da1   Thumb Code    34  usart.o(i.fputc)
    free                                     0x08001dc9   Thumb Code    76  malloc.o(i.free)
    main                                     0x08001e19   Thumb Code    12  main.o(i.main)
    malloc                                   0x08001e25   Thumb Code    92  malloc.o(i.malloc)
    key_MSD_Enable                           0x08001e90   Data          32  config.o(.constdata)
    key_MSD_Disable                          0x08001eb0   Data          32  config.o(.constdata)
    Region$$Table$$Base                      0x08001ed0   Number         0  anon$$obj.o(Region$$Table)
    Region$$Table$$Limit                     0x08001ef0   Number         0  anon$$obj.o(Region$$Table)
    delayTime_180                            0x20000010   Data       40000  microstepdriver.o(.data)
    delayTime_90                             0x20009c50   Data       20000  microstepdriver.o(.data)
    delayTime_trim                           0x2000ea70   Data         100  microstepdriver.o(.data)
    delayTime_Idx                            0x2000ead4   Data           4  microstepdriver.o(.data)
    g_LED_R                                  0x2000eadc   Data          12  config.o(.data)
    g_LED_G                                  0x2000eae8   Data          12  config.o(.data)
    g_LED_B                                  0x2000eaf4   Data          12  config.o(.data)
    g_LED_Flag                               0x2000eb00   Data          12  config.o(.data)
    usart1                                   0x2000eb0c   Data        1084  config.o(.data)
    cylinder_D                               0x2000ef48   Data          12  config.o(.data)
    cylinder_L                               0x2000ef54   Data          12  config.o(.data)
    MSD_D                                    0x2000ef60   Data          96  config.o(.data)
    MSD_L                                    0x2000efc0   Data          96  config.o(.data)
    __stdout                                 0x2000f020   Data           4  stdout.o(.data)
    __microlib_freelist                      0x2000f024   Data           4  mvars.o(.data)
    __microlib_freelist_initialised          0x2000f028   Data           4  mvars.o(.data)
    g_orders                                 0x2000f02c   Data          32  orders.o(.bss)
    __heap_base                              0x2000f050   Data           0  startup_stm32f429_439xx.o(HEAP)
    __heap_limit                             0x2000f250   Data           0  startup_stm32f429_439xx.o(HEAP)
    __initial_sp                             0x2000f650   Data           0  startup_stm32f429_439xx.o(STACK)



==============================================================================

Memory Map of the image

  Image Entry point : 0x080001ad

  Load Region LR_IROM1 (Base: 0x08000000, Size: 0x00010f1c, Max: 0x00100000, ABSOLUTE, COMPRESSED[0x000024a0])

    Execution Region ER_IROM1 (Base: 0x08000000, Size: 0x00001ef0, Max: 0x00100000, ABSOLUTE)

    Base Addr    Size         Type   Attr      Idx    E Section Name        Object

    0x08000000   0x000001ac   Data   RO            3    RESET               startup_stm32f429_439xx.o
    0x080001ac   0x00000000   Code   RO         6014  * .ARM.Collect$$$$00000000  mc_w.l(entry.o)
    0x080001ac   0x00000004   Code   RO         6313    .ARM.Collect$$$$00000001  mc_w.l(entry2.o)
    0x080001b0   0x00000004   Code   RO         6316    .ARM.Collect$$$$00000004  mc_w.l(entry5.o)
    0x080001b4   0x00000000   Code   RO         6318    .ARM.Collect$$$$00000008  mc_w.l(entry7b.o)
    0x080001b4   0x00000000   Code   RO         6320    .ARM.Collect$$$$0000000A  mc_w.l(entry8b.o)
    0x080001b4   0x00000008   Code   RO         6321    .ARM.Collect$$$$0000000B  mc_w.l(entry9a.o)
    0x080001bc   0x00000000   Code   RO         6323    .ARM.Collect$$$$0000000D  mc_w.l(entry10a.o)
    0x080001bc   0x00000000   Code   RO         6325    .ARM.Collect$$$$0000000F  mc_w.l(entry11a.o)
    0x080001bc   0x00000004   Code   RO         6314    .ARM.Collect$$$$00002712  mc_w.l(entry2.o)
    0x080001c0   0x00000024   Code   RO            4    .text               startup_stm32f429_439xx.o
    0x080001e4   0x00000024   Code   RO         6017    .text               mc_w.l(memcpya.o)
    0x08000208   0x0000000e   Code   RO         6019    .text               mc_w.l(strlen.o)
    0x08000216   0x0000001c   Code   RO         6021    .text               mc_w.l(strcmp.o)
    0x08000232   0x00000002   PAD
    0x08000234   0x00000024   Code   RO         6345    .text               mc_w.l(init.o)
    0x08000258   0x00000056   Code   RO         6363    .text               mc_w.l(__dczerorl2.o)
    0x080002ae   0x00000004   Code   RO         5366    i.BusFault_Handler  stm32f4xx_it.o
    0x080002b2   0x00000032   Code   RO         5873    i.Cylinder_GPIO_Config  cylinder.o
    0x080002e4   0x0000000a   Code   RO         5874    i.Cylinder_OFF      cylinder.o
    0x080002ee   0x0000000a   Code   RO         5875    i.Cylinder_ON       cylinder.o
    0x080002f8   0x0000010c   Code   RO         5468    i.DealSerialData    dealserialdata.o
    0x08000404   0x00000002   Code   RO         5367    i.DebugMon_Handler  stm32f4xx_it.o
    0x08000406   0x00000010   Code   RO         5609    i.Delay             order.o
    0x08000416   0x00000002   PAD
    0x08000418   0x00000054   Code   RO         5368    i.EXTI0_IRQHandler  stm32f4xx_it.o
    0x0800046c   0x00000058   Code   RO         5369    i.EXTI15_10_IRQHandler  stm32f4xx_it.o
    0x080004c4   0x0000000c   Code   RO         1464    i.EXTI_ClearITPendingBit  stm32f4xx_exti.o
    0x080004d0   0x00000018   Code   RO         1468    i.EXTI_GetITStatus  stm32f4xx_exti.o
    0x080004e8   0x00000094   Code   RO         1469    i.EXTI_Init         stm32f4xx_exti.o
    0x0800057c   0x00000090   Code   RO         1971    i.GPIO_Init         stm32f4xx_gpio.o
    0x0800060c   0x00000046   Code   RO         1972    i.GPIO_PinAFConfig  stm32f4xx_gpio.o
    0x08000652   0x00000004   Code   RO         1978    i.GPIO_ResetBits    stm32f4xx_gpio.o
    0x08000656   0x00000004   Code   RO         1979    i.GPIO_SetBits      stm32f4xx_gpio.o
    0x0800065a   0x00000004   Code   RO         5370    i.HardFault_Handler  stm32f4xx_it.o
    0x0800065e   0x0000001c   Code   RO         5045    i.InitAll           main.o
    0x0800067a   0x00000002   PAD
    0x0800067c   0x00000018   Code   RO         5546    i.InitAll_Cylinder  initall.o
    0x08000694   0x00000018   Code   RO         5547    i.InitAll_KEY       initall.o
    0x080006ac   0x00000030   Code   RO         5548    i.InitAll_LED       initall.o
    0x080006dc   0x00000018   Code   RO         5549    i.InitAll_MSD       initall.o
    0x080006f4   0x0000019c   Code   RO         5550    i.InitAll_Order     initall.o
    0x08000890   0x00000010   Code   RO         5551    i.InitAll_USART     initall.o
    0x080008a0   0x00000012   Code   RO         5877    i.InitCylinder      cylinder.o
    0x080008b2   0x00000012   Code   RO         5175    i.InitKEY           key.o
    0x080008c4   0x00000032   Code   RO         5118    i.InitLED           led.o
    0x080008f6   0x00000018   Code   RO         5289    i.InitMSD           microstepdriver.o
    0x0800090e   0x0000000c   Code   RO         5217    i.InitUsart         usart.o
    0x0800091a   0x00000002   Code   RO         5610    i.InvokerClear      order.o
    0x0800091c   0x0000000a   Code   RO         5611    i.InvokerDoOrder    order.o
    0x08000926   0x0000000c   Code   RO         5612    i.InvokerSetOrder   order.o
    0x08000932   0x00000038   Code   RO         5176    i.KEY_EXTI_Config   key.o
    0x0800096a   0x00000024   Code   RO         5177    i.KEY_GPIO_Config   key.o
    0x0800098e   0x0000002c   Code   RO         5178    i.KEY_NVIC_Config   key.o
    0x080009ba   0x0000000a   Code   RO         5119    i.LED_OFF           led.o
    0x080009c4   0x0000000a   Code   RO         5120    i.LED_ON            led.o
    0x080009ce   0x00000002   PAD
    0x080009d0   0x00000024   Code   RO         5121    i.LED_RGB_OFF       led.o
    0x080009f4   0x0000000e   Code   RO         5122    i.LED_Toggle        led.o
    0x08000a02   0x00000002   PAD
    0x08000a04   0x00000088   Code   RO         5290    i.MSD_ENA           microstepdriver.o
    0x08000a8c   0x000000ac   Code   RO         5291    i.MSD_GPIO_Config   microstepdriver.o
    0x08000b38   0x000000d8   Code   RO         5292    i.MSD_IRQHandler    microstepdriver.o
    0x08000c10   0x00000090   Code   RO         5293    i.MSD_Mode_Config   microstepdriver.o
    0x08000ca0   0x00000054   Code   RO         5294    i.MSD_Move          microstepdriver.o
    0x08000cf4   0x00000028   Code   RO         5295    i.MSD_NVIC_Config   microstepdriver.o
    0x08000d1c   0x00000014   Code   RO         5296    i.MSD_waitStop      microstepdriver.o
    0x08000d30   0x00000004   Code   RO         5371    i.MemManage_Handler  stm32f4xx_it.o
    0x08000d34   0x00000002   Code   RO         5372    i.NMI_Handler       stm32f4xx_it.o
    0x08000d36   0x00000002   PAD
    0x08000d38   0x00000078   Code   RO          164    i.NVIC_Init         misc.o
    0x08000db0   0x00000014   Code   RO          165    i.NVIC_PriorityGroupConfig  misc.o
    0x08000dc4   0x0000003c   Code   RO         5613    i.NewInvoker        order.o
    0x08000e00   0x00000020   Code   RO         5614    i.NewOrder          order.o
    0x08000e20   0x0000001c   Code   RO         5615    i.NewOrderACA       order.o
    0x08000e3c   0x0000001c   Code   RO         5616    i.NewOrderACS       order.o
    0x08000e58   0x0000001c   Code   RO         5617    i.NewOrderDCA       order.o
    0x08000e74   0x0000001c   Code   RO         5618    i.NewOrderDCS       order.o
    0x08000e90   0x0000001c   Code   RO         5619    i.NewOrderDM2       order.o
    0x08000eac   0x0000001c   Code   RO         5620    i.NewOrderDMA       order.o
    0x08000ec8   0x0000001c   Code   RO         5621    i.NewOrderDMF       order.o
    0x08000ee4   0x0000001c   Code   RO         5622    i.NewOrderDMR       order.o
    0x08000f00   0x0000001c   Code   RO         5623    i.NewOrderDMS       order.o
    0x08000f1c   0x0000001c   Code   RO         5624    i.NewOrderERR       order.o
    0x08000f38   0x0000001c   Code   RO         5625    i.NewOrderLCA       order.o
    0x08000f54   0x0000001c   Code   RO         5626    i.NewOrderLCS       order.o
    0x08000f70   0x0000001c   Code   RO         5627    i.NewOrderLM2       order.o
    0x08000f8c   0x0000001c   Code   RO         5628    i.NewOrderLMA       order.o
    0x08000fa8   0x0000001c   Code   RO         5629    i.NewOrderLMF       order.o
    0x08000fc4   0x0000001c   Code   RO         5630    i.NewOrderLMR       order.o
    0x08000fe0   0x0000001c   Code   RO         5631    i.NewOrderLMS       order.o
    0x08000ffc   0x00000044   Code   RO         5934    i.NewVectorOrder    orders.o
    0x08001040   0x00000030   Code   RO         5632    i.OrderACADo        order.o
    0x08001070   0x00000030   Code   RO         5633    i.OrderACSDo        order.o
    0x080010a0   0x00000028   Code   RO         5634    i.OrderDCADo        order.o
    0x080010c8   0x00000028   Code   RO         5635    i.OrderDCSDo        order.o
    0x080010f0   0x00000050   Code   RO         5636    i.OrderDM2Do        order.o
    0x08001140   0x00000034   Code   RO         5637    i.OrderDMADo        order.o
    0x08001174   0x00000028   Code   RO         5638    i.OrderDMFDo        order.o
    0x0800119c   0x0000002c   Code   RO         5639    i.OrderDMRDo        order.o
    0x080011c8   0x00000034   Code   RO         5640    i.OrderDMSDo        order.o
    0x080011fc   0x00000018   Code   RO         5641    i.OrderDo           order.o
    0x08001214   0x00000014   Code   RO         5642    i.OrderERRDo        order.o
    0x08001228   0x00000028   Code   RO         5643    i.OrderLCADo        order.o
    0x08001250   0x00000028   Code   RO         5644    i.OrderLCSDo        order.o
    0x08001278   0x00000050   Code   RO         5645    i.OrderLM2Do        order.o
    0x080012c8   0x00000034   Code   RO         5646    i.OrderLMADo        order.o
    0x080012fc   0x00000028   Code   RO         5647    i.OrderLMFDo        order.o
    0x08001324   0x0000002c   Code   RO         5648    i.OrderLMRDo        order.o
    0x08001350   0x00000034   Code   RO         5649    i.OrderLMSDo        order.o
    0x08001384   0x00000002   Code   RO         5373    i.PendSV_Handler    stm32f4xx_it.o
    0x08001386   0x00000002   PAD
    0x08001388   0x00000020   Code   RO         2864    i.RCC_AHB1PeriphClockCmd  stm32f4xx_rcc.o
    0x080013a8   0x00000020   Code   RO         2873    i.RCC_APB1PeriphClockCmd  stm32f4xx_rcc.o
    0x080013c8   0x00000020   Code   RO         2876    i.RCC_APB2PeriphClockCmd  stm32f4xx_rcc.o
    0x080013e8   0x000000e8   Code   RO         2885    i.RCC_GetClocksFreq  stm32f4xx_rcc.o
    0x080014d0   0x00000002   Code   RO         5374    i.SVC_Handler       stm32f4xx_it.o
    0x080014d2   0x00000002   PAD
    0x080014d4   0x00000040   Code   RO         4163    i.SYSCFG_EXTILineConfig  stm32f4xx_syscfg.o
    0x08001514   0x00000120   Code   RO           13    i.SetSysClock       system_stm32f4xx.o
    0x08001634   0x00000002   Code   RO         5375    i.SysTick_Handler   stm32f4xx_it.o
    0x08001636   0x00000002   PAD
    0x08001638   0x00000068   Code   RO           15    i.SystemInit        system_stm32f4xx.o
    0x080016a0   0x00000010   Code   RO         5376    i.TIM2_IRQHandler   stm32f4xx_it.o
    0x080016b0   0x00000010   Code   RO         5377    i.TIM3_IRQHandler   stm32f4xx_it.o
    0x080016c0   0x00000018   Code   RO         4224    i.TIM_ARRPreloadConfig  stm32f4xx_tim.o
    0x080016d8   0x00000006   Code   RO         4231    i.TIM_ClearITPendingBit  stm32f4xx_tim.o
    0x080016de   0x00000018   Code   RO         4236    i.TIM_Cmd           stm32f4xx_tim.o
    0x080016f6   0x00000022   Code   RO         4257    i.TIM_GetITStatus   stm32f4xx_tim.o
    0x08001718   0x00000012   Code   RO         4261    i.TIM_ITConfig      stm32f4xx_tim.o
    0x0800172a   0x00000002   PAD
    0x0800172c   0x00000078   Code   RO         4280    i.TIM_OC4Init       stm32f4xx_tim.o
    0x080017a4   0x0000001a   Code   RO         4282    i.TIM_OC4PreloadConfig  stm32f4xx_tim.o
    0x080017be   0x00000004   Code   RO         4296    i.TIM_SetAutoreload  stm32f4xx_tim.o
    0x080017c2   0x00000004   Code   RO         4301    i.TIM_SetCompare4   stm32f4xx_tim.o
    0x080017c6   0x00000002   PAD
    0x080017c8   0x00000084   Code   RO         4308    i.TIM_TimeBaseInit  stm32f4xx_tim.o
    0x0800184c   0x00000012   Code   RO         4309    i.TIM_TimeBaseStructInit  stm32f4xx_tim.o
    0x0800185e   0x00000018   Code   RO         4311    i.TIM_UpdateRequestConfig  stm32f4xx_tim.o
    0x08001876   0x00000002   PAD
    0x08001878   0x00000108   Code   RO         5378    i.USART1_IRQHandler  stm32f4xx_it.o
    0x08001980   0x00000018   Code   RO         4790    i.USART_Cmd         stm32f4xx_usart.o
    0x08001998   0x0000001a   Code   RO         4793    i.USART_GetFlagStatus  stm32f4xx_usart.o
    0x080019b2   0x00000054   Code   RO         4794    i.USART_GetITStatus  stm32f4xx_usart.o
    0x08001a06   0x0000004a   Code   RO         4796    i.USART_ITConfig    stm32f4xx_usart.o
    0x08001a50   0x000000d4   Code   RO         4797    i.USART_Init        stm32f4xx_usart.o
    0x08001b24   0x0000000a   Code   RO         4804    i.USART_ReceiveData  stm32f4xx_usart.o
    0x08001b2e   0x00000008   Code   RO         4807    i.USART_SendData    stm32f4xx_usart.o
    0x08001b36   0x00000004   Code   RO         5379    i.UsageFault_Handler  stm32f4xx_it.o
    0x08001b3a   0x000000a8   Code   RO         5218    i.Usart_Config      usart.o
    0x08001be2   0x00000014   Code   RO         5219    i.Usart_FlushRxBuffer  usart.o
    0x08001bf6   0x0000002e   Code   RO         5220    i.Usart_NVIC_Config  usart.o
    0x08001c24   0x0000001e   Code   RO         5221    i.Usart_SendByte    usart.o
    0x08001c42   0x00000014   Code   RO         5935    i.VectorOrderClear  orders.o
    0x08001c56   0x0000004c   Code   RO         5936    i.VectorOrderFind   orders.o
    0x08001ca2   0x0000005a   Code   RO         5937    i.VectorOrderPushBack  orders.o
    0x08001cfc   0x0000004e   Code   RO         5938    i.VectorOrderSetData  orders.o
    0x08001d4a   0x00000006   Code   RO         5939    i.VectorOrderSize   orders.o
    0x08001d50   0x00000010   Code   RO         6026    i.__0printf$bare    mc_w.l(printfb.o)
    0x08001d60   0x0000000e   Code   RO         6357    i.__scatterload_copy  mc_w.l(handlers.o)
    0x08001d6e   0x00000002   Code   RO         6358    i.__scatterload_null  mc_w.l(handlers.o)
    0x08001d70   0x0000000e   Code   RO         6359    i.__scatterload_zeroinit  mc_w.l(handlers.o)
    0x08001d7e   0x00000022   Code   RO         6033    i._printf_core      mc_w.l(printfb.o)
    0x08001da0   0x00000028   Code   RO         5225    i.fputc             usart.o
    0x08001dc8   0x00000050   Code   RO         6285    i.free              mc_w.l(malloc.o)
    0x08001e18   0x0000000c   Code   RO         5046    i.main              main.o
    0x08001e24   0x0000006c   Code   RO         6286    i.malloc            mc_w.l(malloc.o)
    0x08001e90   0x00000040   Data   RO         5510    .constdata          config.o
    0x08001ed0   0x00000020   Data   RO         6355    Region$$Table       anon$$obj.o


    Execution Region RW_IRAM1 (Base: 0x20000000, Size: 0x0000f650, Max: 0x00030000, ABSOLUTE, COMPRESSED[0x000005b0])

    Base Addr    Size         Type   Attr      Idx    E Section Name        Object

    0x20000000   0x00000010   Data   RW         2917    .data               stm32f4xx_rcc.o
    0x20000010   0x0000eac8   Data   RW         5297    .data               microstepdriver.o
    0x2000ead8   0x00000001   Data   RW         5469    .data               dealserialdata.o
    0x2000ead9   0x00000003   PAD
    0x2000eadc   0x00000544   Data   RW         5511    .data               config.o
    0x2000f020   0x00000004   Data   RW         6327    .data               mc_w.l(stdout.o)
    0x2000f024   0x00000004   Data   RW         6332    .data               mc_w.l(mvars.o)
    0x2000f028   0x00000004   Data   RW         6333    .data               mc_w.l(mvars.o)
    0x2000f02c   0x00000020   Zero   RW         5940    .bss                orders.o
    0x2000f04c   0x00000004   PAD
    0x2000f050   0x00000200   Zero   RW            2    HEAP                startup_stm32f429_439xx.o
    0x2000f250   0x00000400   Zero   RW            1    STACK               startup_stm32f429_439xx.o


==============================================================================

Image component sizes


      Code (inc. data)   RO Data    RW Data    ZI Data      Debug   Object Name

         0          0         64       1348          0       2637   config.o
        88          0          0          0          0       3395   cylinder.o
       268         54          0          1          0       3729   dealserialdata.o
       548         50          0          0          0       3245   initall.o
       154          0          0          0          0       2584   key.o
       120         14          0          0          0       4080   led.o
        40          0          0          0          0       6088   main.o
       836        102          0      60104          0       6011   microstepdriver.o
       140         24          0          0          0       1815   misc.o
      1444        444          0          0          0      23011   order.o
       338         20          0          0         32       6874   orders.o
        36          8        428          0       1536        988   startup_stm32f429_439xx.o
       184         16          0          0          0       2456   stm32f4xx_exti.o
       222          0          0          0          0       3315   stm32f4xx_gpio.o
       494         60          0          0          0       7188   stm32f4xx_it.o
       328         36          0         16          0       5099   stm32f4xx_rcc.o
        64          4          0          0          0        732   stm32f4xx_syscfg.o
       434         36          0          0          0       8923   stm32f4xx_tim.o
       438          8          0          0          0       6161   stm32f4xx_usart.o
       392         32          0          0          0     298745   system_stm32f4xx.o
       316          6          0          0          0       3998   usart.o

    ----------------------------------------------------------------------
      6906        914        524      61472       1572     401074   Object Totals
         0          0         32          0          0          0   (incl. Generated)
        22          0          0          3          4          0   (incl. Padding)

    ----------------------------------------------------------------------

      Code (inc. data)   RO Data    RW Data    ZI Data      Debug   Library Member Name

        86          0          0          0          0          0   __dczerorl2.o
         0          0          0          0          0          0   entry.o
         0          0          0          0          0          0   entry10a.o
         0          0          0          0          0          0   entry11a.o
         8          4          0          0          0          0   entry2.o
         4          0          0          0          0          0   entry5.o
         0          0          0          0          0          0   entry7b.o
         0          0          0          0          0          0   entry8b.o
         8          4          0          0          0          0   entry9a.o
        30          0          0          0          0          0   handlers.o
        36          8          0          0          0         68   init.o
       188         20          0          0          0        160   malloc.o
        36          0          0          0          0         68   memcpya.o
         0          0          0          8          0          0   mvars.o
        50          8          0          0          0        152   printfb.o
         0          0          0          4          0          0   stdout.o
        28          0          0          0          0         76   strcmp.o
        14          0          0          0          0         68   strlen.o

    ----------------------------------------------------------------------
       490         44          0         12          0        592   Library Totals
         2          0          0          0          0          0   (incl. Padding)

    ----------------------------------------------------------------------

      Code (inc. data)   RO Data    RW Data    ZI Data      Debug   Library Name

       488         44          0         12          0        592   mc_w.l

    ----------------------------------------------------------------------
       490         44          0         12          0        592   Library Totals

    ----------------------------------------------------------------------

==============================================================================


      Code (inc. data)   RO Data    RW Data    ZI Data      Debug   

      7396        958        524      61484       1572     389242   Grand Totals
      7396        958        524       1456       1572     389242   ELF Image Totals (compressed)
      7396        958        524       1456          0          0   ROM Totals

==============================================================================

    Total RO  Size (Code + RO Data)                 7920 (   7.73kB)
    Total RW  Size (RW Data + ZI Data)             63056 (  61.58kB)
    Total ROM Size (Code + RO Data + RW Data)       9376 (   9.16kB)

==============================================================================

