Component: ARM Compiler 5.06 update 1 (build 61) Tool: armlink [4d35a8]

==============================================================================

Section Cross References

    startup_stm32f429_439xx.o(RESET) refers to startup_stm32f429_439xx.o(STACK) for __initial_sp
    startup_stm32f429_439xx.o(RESET) refers to startup_stm32f429_439xx.o(.text) for Reset_Handler
    startup_stm32f429_439xx.o(RESET) refers to stm32f4xx_it.o(i.NMI_Handler) for NMI_Handler
    startup_stm32f429_439xx.o(RESET) refers to stm32f4xx_it.o(i.HardFault_Handler) for HardFault_Handler
    startup_stm32f429_439xx.o(RESET) refers to stm32f4xx_it.o(i.MemManage_Handler) for MemManage_Handler
    startup_stm32f429_439xx.o(RESET) refers to stm32f4xx_it.o(i.BusFault_Handler) for BusFault_Handler
    startup_stm32f429_439xx.o(RESET) refers to stm32f4xx_it.o(i.UsageFault_Handler) for UsageFault_Handler
    startup_stm32f429_439xx.o(RESET) refers to stm32f4xx_it.o(i.SVC_Handler) for SVC_Handler
    startup_stm32f429_439xx.o(RESET) refers to stm32f4xx_it.o(i.DebugMon_Handler) for DebugMon_Handler
    startup_stm32f429_439xx.o(RESET) refers to stm32f4xx_it.o(i.PendSV_Handler) for PendSV_Handler
    startup_stm32f429_439xx.o(RESET) refers to stm32f4xx_it.o(i.SysTick_Handler) for SysTick_Handler
    startup_stm32f429_439xx.o(RESET) refers to stm32f4xx_it.o(i.EXTI0_IRQHandler) for EXTI0_IRQHandler
    startup_stm32f429_439xx.o(RESET) refers to stm32f4xx_it.o(i.TIM1_UP_TIM10_IRQHandler) for TIM1_UP_TIM10_IRQHandler
    startup_stm32f429_439xx.o(RESET) refers to stm32f4xx_it.o(i.TIM2_IRQHandler) for TIM2_IRQHandler
    startup_stm32f429_439xx.o(RESET) refers to stm32f4xx_it.o(i.TIM3_IRQHandler) for TIM3_IRQHandler
    startup_stm32f429_439xx.o(RESET) refers to stm32f4xx_it.o(i.USART1_IRQHandler) for USART1_IRQHandler
    startup_stm32f429_439xx.o(RESET) refers to stm32f4xx_it.o(i.EXTI15_10_IRQHandler) for EXTI15_10_IRQHandler
    startup_stm32f429_439xx.o(.text) refers to system_stm32f4xx.o(i.SystemInit) for SystemInit
    startup_stm32f429_439xx.o(.text) refers to entry.o(.ARM.Collect$$$$00000000) for __main
    system_stm32f4xx.o(i.SystemCoreClockUpdate) refers to system_stm32f4xx.o(.data) for SystemCoreClock
    system_stm32f4xx.o(i.SystemInit) refers to system_stm32f4xx.o(i.SetSysClock) for SetSysClock
    stm32f4xx_adc.o(i.ADC_DeInit) refers to stm32f4xx_rcc.o(i.RCC_APB2PeriphResetCmd) for RCC_APB2PeriphResetCmd
    stm32f4xx_can.o(i.CAN_DeInit) refers to stm32f4xx_rcc.o(i.RCC_APB1PeriphResetCmd) for RCC_APB1PeriphResetCmd
    stm32f4xx_can.o(i.CAN_GetITStatus) refers to stm32f4xx_can.o(i.CheckITStatus) for CheckITStatus
    stm32f4xx_cryp.o(i.CRYP_DeInit) refers to stm32f4xx_rcc.o(i.RCC_AHB2PeriphResetCmd) for RCC_AHB2PeriphResetCmd
    stm32f4xx_cryp_aes.o(i.CRYP_AES_CBC) refers to stm32f4xx_cryp.o(i.CRYP_KeyStructInit) for CRYP_KeyStructInit
    stm32f4xx_cryp_aes.o(i.CRYP_AES_CBC) refers to stm32f4xx_cryp.o(i.CRYP_FIFOFlush) for CRYP_FIFOFlush
    stm32f4xx_cryp_aes.o(i.CRYP_AES_CBC) refers to stm32f4xx_cryp.o(i.CRYP_Init) for CRYP_Init
    stm32f4xx_cryp_aes.o(i.CRYP_AES_CBC) refers to stm32f4xx_cryp.o(i.CRYP_KeyInit) for CRYP_KeyInit
    stm32f4xx_cryp_aes.o(i.CRYP_AES_CBC) refers to stm32f4xx_cryp.o(i.CRYP_Cmd) for CRYP_Cmd
    stm32f4xx_cryp_aes.o(i.CRYP_AES_CBC) refers to stm32f4xx_cryp.o(i.CRYP_GetFlagStatus) for CRYP_GetFlagStatus
    stm32f4xx_cryp_aes.o(i.CRYP_AES_CBC) refers to stm32f4xx_cryp.o(i.CRYP_IVInit) for CRYP_IVInit
    stm32f4xx_cryp_aes.o(i.CRYP_AES_CBC) refers to stm32f4xx_cryp.o(i.CRYP_GetCmdStatus) for CRYP_GetCmdStatus
    stm32f4xx_cryp_aes.o(i.CRYP_AES_CBC) refers to stm32f4xx_cryp.o(i.CRYP_DataIn) for CRYP_DataIn
    stm32f4xx_cryp_aes.o(i.CRYP_AES_CBC) refers to stm32f4xx_cryp.o(i.CRYP_DataOut) for CRYP_DataOut
    stm32f4xx_cryp_aes.o(i.CRYP_AES_CCM) refers to stm32f4xx_cryp.o(i.CRYP_KeyStructInit) for CRYP_KeyStructInit
    stm32f4xx_cryp_aes.o(i.CRYP_AES_CCM) refers to stm32f4xx_cryp.o(i.CRYP_FIFOFlush) for CRYP_FIFOFlush
    stm32f4xx_cryp_aes.o(i.CRYP_AES_CCM) refers to stm32f4xx_cryp.o(i.CRYP_KeyInit) for CRYP_KeyInit
    stm32f4xx_cryp_aes.o(i.CRYP_AES_CCM) refers to stm32f4xx_cryp.o(i.CRYP_IVInit) for CRYP_IVInit
    stm32f4xx_cryp_aes.o(i.CRYP_AES_CCM) refers to stm32f4xx_cryp.o(i.CRYP_Init) for CRYP_Init
    stm32f4xx_cryp_aes.o(i.CRYP_AES_CCM) refers to stm32f4xx_cryp.o(i.CRYP_PhaseConfig) for CRYP_PhaseConfig
    stm32f4xx_cryp_aes.o(i.CRYP_AES_CCM) refers to stm32f4xx_cryp.o(i.CRYP_DataIn) for CRYP_DataIn
    stm32f4xx_cryp_aes.o(i.CRYP_AES_CCM) refers to stm32f4xx_cryp.o(i.CRYP_Cmd) for CRYP_Cmd
    stm32f4xx_cryp_aes.o(i.CRYP_AES_CCM) refers to stm32f4xx_cryp.o(i.CRYP_GetCmdStatus) for CRYP_GetCmdStatus
    stm32f4xx_cryp_aes.o(i.CRYP_AES_CCM) refers to stm32f4xx_cryp.o(i.CRYP_GetFlagStatus) for CRYP_GetFlagStatus
    stm32f4xx_cryp_aes.o(i.CRYP_AES_CCM) refers to stm32f4xx_cryp.o(i.CRYP_DataOut) for CRYP_DataOut
[...]
    Removing orders.o(.rrx_text), (6 bytes).
    Removing orders.o(i.ArrayOrderClear), (18 bytes).
    Removing orders.o(i.ArrayOrderFind), (76 bytes).
    Removing orders.o(i.ArrayOrderSet), (16 bytes).
    Removing orders.o(i.NewArrayOrder), (56 bytes).
    Removing nuxietube.o(.rev16_text), (4 bytes).
    Removing nuxietube.o(.revsh_text), (4 bytes).
    Removing nuxietube.o(.rrx_text), (6 bytes).
    Removing clock.o(.rev16_text), (4 bytes).
    Removing clock.o(.revsh_text), (4 bytes).
    Removing clock.o(.rrx_text), (6 bytes).
    Removing dadd.o(.text), (334 bytes).
    Removing dmul.o(.text), (228 bytes).
    Removing ddiv.o(.text), (222 bytes).
    Removing dfixul.o(.text), (48 bytes).
    Removing cdrcmple.o(.text), (48 bytes).
    Removing depilogue.o(.text), (186 bytes).

844 unused section(s) (total 37046 bytes) removed from the image.

==============================================================================

Image Symbol Table

    Local Symbols

    Symbol Name                              Value     Ov Type        Size  Object(Section)

    ../clib/../cmprslib/zerorunl2.c          0x00000000   Number         0  __dczerorl2.o ABSOLUTE
    ../clib/microlib/division.c              0x00000000   Number         0  uidiv.o ABSOLUTE
    ../clib/microlib/division.c              0x00000000   Number         0  uldiv.o ABSOLUTE
    ../clib/microlib/init/entry.s            0x00000000   Number         0  entry.o ABSOLUTE
    ../clib/microlib/init/entry.s            0x00000000   Number         0  entry9a.o ABSOLUTE
    ../clib/microlib/init/entry.s            0x00000000   Number         0  entry10a.o ABSOLUTE
    ../clib/microlib/init/entry.s            0x00000000   Number         0  entry11b.o ABSOLUTE
    ../clib/microlib/init/entry.s            0x00000000   Number         0  entry5.o ABSOLUTE
    ../clib/microlib/init/entry.s            0x00000000   Number         0  entry2.o ABSOLUTE
    ../clib/microlib/init/entry.s            0x00000000   Number         0  entry7a.o ABSOLUTE
    ../clib/microlib/init/entry.s            0x00000000   Number         0  entry11a.o ABSOLUTE
    ../clib/microlib/init/entry.s            0x00000000   Number         0  entry10b.o ABSOLUTE
    ../clib/microlib/init/entry.s            0x00000000   Number         0  entry7b.o ABSOLUTE
    ../clib/microlib/init/entry.s            0x00000000   Number         0  entry9b.o ABSOLUTE
    ../clib/microlib/init/entry.s            0x00000000   Number         0  entry8a.o ABSOLUTE
    ../clib/microlib/init/entry.s            0x00000000   Number         0  entry8b.o ABSOLUTE
    ../clib/microlib/longlong.c              0x00000000   Number         0  llsshr.o ABSOLUTE
    ../clib/microlib/longlong.c              0x00000000   Number         0  llshl.o ABSOLUTE
    ../clib/microlib/longlong.c              0x00000000   Number         0  llushr.o ABSOLUTE
    ../clib/microlib/malloc/malloc.c         0x00000000   Number         0  malloca.o ABSOLUTE
    ../clib/microlib/malloc/malloc.c         0x00000000   Number         0  mallocr.o ABSOLUTE
    ../clib/microlib/malloc/malloc.c         0x00000000   Number         0  malloc.o ABSOLUTE
    ../clib/microlib/malloc/malloc.c         0x00000000   Number         0  mallocra.o ABSOLUTE
    ../clib/microlib/malloc/mvars.c          0x00000000   Number         0  mvars.o ABSOLUTE
    ../clib/microlib/printf/printf.c         0x00000000   Number         0  printf4.o ABSOLUTE
    ../clib/microlib/printf/printf.c         0x00000000   Number         0  printfb.o ABSOLUTE
    ../clib/microlib/printf/printf.c         0x00000000   Number         0  printf7.o ABSOLUTE
    ../clib/microlib/printf/printf.c         0x00000000   Number         0  printf8.o ABSOLUTE
    ../clib/microlib/printf/printf.c         0x00000000   Number         0  printfa.o ABSOLUTE
    ../clib/microlib/printf/printf.c         0x00000000   Number         0  printf0.o ABSOLUTE
    ../clib/microlib/printf/printf.c         0x00000000   Number         0  printf1.o ABSOLUTE
    ../clib/microlib/printf/printf.c         0x00000000   Number         0  printf3.o ABSOLUTE
    ../clib/microlib/printf/printf.c         0x00000000   Number         0  printf5.o ABSOLUTE
    ../clib/microlib/printf/printf.c         0x00000000   Number         0  printf6.o ABSOLUTE
    ../clib/microlib/printf/printf.c         0x00000000   Number         0  printf2.o ABSOLUTE
    ../clib/microlib/stdio/streams.c         0x00000000   Number         0  stdout.o ABSOLUTE
    ../clib/microlib/string/memcpy.c         0x00000000   Number         0  memcpya.o ABSOLUTE
    ../clib/microlib/string/memcpy.c         0x00000000   Number         0  memcpyb.o ABSOLUTE
    ../clib/microlib/string/memset.c         0x00000000   Number         0  memseta.o ABSOLUTE
    ../clib/microlib/string/strcmp.c         0x00000000   Number         0  strcmp.o ABSOLUTE
    ../clib/microlib/string/strlen.c         0x00000000   Number         0  strlen.o ABSOLUTE
    ../clib/microlib/stubs.s                 0x00000000   Number         0  iusefp.o ABSOLUTE
    ../fplib/microlib/fpadd.c                0x00000000   Number         0  dadd.o ABSOLUTE
    ../fplib/microlib/fpdiv.c                0x00000000   Number         0  ddiv.o ABSOLUTE
    ../fplib/microlib/fpepilogue.c           0x00000000   Number         0  depilogue.o ABSOLUTE
    ../fplib/microlib/fpfix.c                0x00000000   Number         0  dfixul.o ABSOLUTE
    ../fplib/microlib/fpmul.c                0x00000000   Number         0  dmul.o ABSOLUTE
    ..\..\Libraries\CMSIS\Device\ST\STM32F4xx\Source\Templates\arm\startup_stm32f429_439xx.s 0x00000000   Number         0  startup_stm32f429_439xx.o ABSOLUTE
    ..\..\Libraries\CMSIS\Device\ST\STM32F4xx\Source\Templates\system_stm32f4xx.c 0x00000000   Number         0  system_stm32f4xx.o ABSOLUTE
    ..\..\Libraries\STM32F4xx_StdPeriph_Driver\src\misc.c 0x00000000   Number         0  misc.o ABSOLUTE
    ..\..\Libraries\STM32F4xx_StdPeriph_Driver\src\stm32f4xx_adc.c 0x00000000   Number         0  stm32f4xx_adc.o ABSOLUTE
    ..\..\Libraries\STM32F4xx_StdPeriph_Driver\src\stm32f4xx_can.c 0x00000000   Number         0  stm32f4xx_can.o ABSOLUTE
    ..\..\Libraries\STM32F4xx_StdPeriph_Driver\src\stm32f4xx_crc.c 0x00000000   Number         0  stm32f4xx_crc.o ABSOLUTE
    ..\..\Libraries\STM32F4xx_StdPeriph_Driver\src\stm32f4xx_cryp.c 0x00000000   Number         0  stm32f4xx_cryp.o ABSOLUTE
    ..\..\Libraries\STM32F4xx_StdPeriph_Driver\src\stm32f4xx_cryp_aes.c 0x00000000   Number         0  stm32f4xx_cryp_aes.o ABSOLUTE
    ..\..\Libraries\STM32F4xx_StdPeriph_Driver\src\stm32f4xx_cryp_des.c 0x00000000   Number         0  stm32f4xx_cryp_des.o ABSOLUTE
    ..\..\Libraries\STM32F4xx_StdPeriph_Driver\src\stm32f4xx_cryp_tdes.c 0x00000000   Number         0  stm32f4xx_cryp_tdes.o ABSOLUTE
    ..\..\Libraries\STM32F4xx_StdPeriph_Driver\src\stm32f4xx_dac.c 0x00000000   Number         0  stm32f4xx_dac.o ABSOLUTE
    ..\..\Libraries\STM32F4xx_StdPeriph_Driver\src\stm32f4xx_dbgmcu.c 0x00000000   Number         0  stm32f4xx_dbgmcu.o ABSOLUTE
    ..\..\Libraries\STM32F4xx_StdPeriph_Driver\src\stm32f4xx_dcmi.c 0x00000000   Number         0  stm32f4xx_dcmi.o ABSOLUTE
    ..\..\Libraries\STM32F4xx_StdPeriph_Driver\src\stm32f4xx_dma.c 0x00000000   Number         0  stm32f4xx_dma.o ABSOLUTE
    ..\..\Libraries\STM32F4xx_StdPeriph_Driver\src\stm32f4xx_dma2d.c 0x00000000   Number         0  stm32f4xx_dma2d.o ABSOLUTE
    ..\..\Libraries\STM32F4xx_StdPeriph_Driver\src\stm32f4xx_exti.c 0x00000000   Number         0  stm32f4xx_exti.o ABSOLUTE
    ..\..\Libraries\STM32F4xx_StdPeriph_Driver\src\stm32f4xx_flash.c 0x00000000   Number         0  stm32f4xx_flash.o ABSOLUTE
    ..\..\Libraries\STM32F4xx_StdPeriph_Driver\src\stm32f4xx_fmc.c 0x00000000   Number         0  stm32f4xx_fmc.o ABSOLUTE
    ..\..\Libraries\STM32F4xx_StdPeriph_Driver\src\stm32f4xx_gpio.c 0x00000000   Number         0  stm32f4xx_gpio.o ABSOLUTE
    ..\..\Libraries\STM32F4xx_StdPeriph_Driver\src\stm32f4xx_hash.c 0x00000000   Number         0  stm32f4xx_hash.o ABSOLUTE
    ..\..\Libraries\STM32F4xx_StdPeriph_Driver\src\stm32f4xx_hash_md5.c 0x00000000   Number         0  stm32f4xx_hash_md5.o ABSOLUTE
    ..\..\Libraries\STM32F4xx_StdPeriph_Driver\src\stm32f4xx_hash_sha1.c 0x00000000   Number         0  stm32f4xx_hash_sha1.o ABSOLUTE
    ..\..\Libraries\STM32F4xx_StdPeriph_Driver\src\stm32f4xx_i2c.c 0x00000000   Number         0  stm32f4xx_i2c.o ABSOLUTE
    ..\..\Libraries\STM32F4xx_StdPeriph_Driver\src\stm32f4xx_iwdg.c 0x00000000   Number         0  stm32f4xx_iwdg.o ABSOLUTE
    ..\..\Libraries\STM32F4xx_StdPeriph_Driver\src\stm32f4xx_ltdc.c 0x00000000   Number         0  stm32f4xx_ltdc.o ABSOLUTE
    ..\..\Libraries\STM32F4xx_StdPeriph_Driver\src\stm32f4xx_pwr.c 0x00000000   Number         0  stm32f4xx_pwr.o ABSOLUTE
    ..\..\Libraries\STM32F4xx_StdPeriph_Driver\src\stm32f4xx_rcc.c 0x00000000   Number         0  stm32f4xx_rcc.o ABSOLUTE
    ..\..\Libraries\STM32F4xx_StdPeriph_Driver\src\stm32f4xx_rng.c 0x00000000   Number         0  stm32f4xx_rng.o ABSOLUTE
    ..\..\Libraries\STM32F4xx_StdPeriph_Driver\src\stm32f4xx_rtc.c 0x00000000   Number         0  stm32f4xx_rtc.o ABSOLUTE
    ..\..\Libraries\STM32F4xx_StdPeriph_Driver\src\stm32f4xx_sai.c 0x00000000   Number         0  stm32f4xx_sai.o ABSOLUTE
    ..\..\Libraries\STM32F4xx_StdPeriph_Driver\src\stm32f4xx_sdio.c 0x00000000   Number         0  stm32f4xx_sdio.o ABSOLUTE
    ..\..\Libraries\STM32F4xx_StdPeriph_Driver\src\stm32f4xx_spi.c 0x00000000   Number         0  stm32f4xx_spi.o ABSOLUTE
    ..\..\Libraries\STM32F4xx_StdPeriph_Driver\src\stm32f4xx_syscfg.c 0x00000000   Number         0  stm32f4xx_syscfg.o ABSOLUTE
    ..\..\Libraries\STM32F4xx_StdPeriph_Driver\src\stm32f4xx_tim.c 0x00000000   Number         0  stm32f4xx_tim.o ABSOLUTE
    ..\..\Libraries\STM32F4xx_StdPeriph_Driver\src\stm32f4xx_usart.c 0x00000000   Number         0  stm32f4xx_usart.o ABSOLUTE
    ..\..\Libraries\STM32F4xx_StdPeriph_Driver\src\stm32f4xx_wwdg.c 0x00000000   Number         0  stm32f4xx_wwdg.o ABSOLUTE
    ..\..\User\Clock\Clock.c                 0x00000000   Number         0  clock.o ABSOLUTE
    ..\..\User\DealSerialData\DealSerialData.c 0x00000000   Number         0  dealserialdata.o ABSOLUTE
    ..\..\User\MSD\MicroStepDriver.c         0x00000000   Number         0  microstepdriver.o ABSOLUTE
    ..\..\User\NuxieTube\NuxieTube.c         0x00000000   Number         0  nuxietube.o ABSOLUTE
    ..\..\User\config\config.c               0x00000000   Number         0  config.o ABSOLUTE
    ..\..\User\cylinder\cylinder.c           0x00000000   Number         0  cylinder.o ABSOLUTE
    ..\..\User\initAll\initAll.c             0x00000000   Number         0  initall.o ABSOLUTE
    ..\..\User\key\key.c                     0x00000000   Number         0  key.o ABSOLUTE
    ..\..\User\led\led.c                     0x00000000   Number         0  led.o ABSOLUTE
    ..\..\User\main.c                        0x00000000   Number         0  main.o ABSOLUTE
    ..\..\User\order\Orders.c                0x00000000   Number         0  orders.o ABSOLUTE
    ..\..\User\order\order.c                 0x00000000   Number         0  order.o ABSOLUTE
    ..\..\User\stm32f4xx_it.c                0x00000000   Number         0  stm32f4xx_it.o ABSOLUTE
    ..\..\User\usart\usart.c                 0x00000000   Number         0  usart.o ABSOLUTE
    ..\\..\\Libraries\\CMSIS\\Device\\ST\\STM32F4xx\\Source\\Templates\\system_stm32f4xx.c 0x00000000   Number         0  system_stm32f4xx.o ABSOLUTE
    ..\\..\\Libraries\\STM32F4xx_StdPeriph_Driver\\src\\misc.c 0x00000000   Number         0  misc.o ABSOLUTE
    ..\\..\\Libraries\\STM32F4xx_StdPeriph_Driver\\src\\stm32f4xx_adc.c 0x00000000   Number         0  stm32f4xx_adc.o ABSOLUTE
    ..\\..\\Libraries\\STM32F4xx_StdPeriph_Driver\\src\\stm32f4xx_can.c 0x00000000   Number         0  stm32f4xx_can.o ABSOLUTE
    ..\\..\\Libraries\\STM32F4xx_StdPeriph_Driver\\src\\stm32f4xx_crc.c 0x00000000   Number         0  stm32f4xx_crc.o ABSOLUTE
    ..\\..\\Libraries\\STM32F4xx_StdPeriph_Driver\\src\\stm32f4xx_cryp.c 0x00000000   Number         0  stm32f4xx_cryp.o ABSOLUTE
    ..\\..\\Libraries\\STM32F4xx_StdPeriph_Driver\\src\\stm32f4xx_cryp_aes.c 0x00000000   Number         0  stm32f4xx_cryp_aes.o ABSOLUTE
    ..\\..\\Libraries\\STM32F4xx_StdPeriph_Driver\\src\\stm32f4xx_cryp_des.c 0x00000000   Number         0  stm32f4xx_cryp_des.o ABSOLUTE
    ..\\..\\Libraries\\STM32F4xx_StdPeriph_Driver\\src\\stm32f4xx_cryp_tdes.c 0x00000000   Number         0  stm32f4xx_cryp_tdes.o ABSOLUTE
    ..\\..\\Libraries\\STM32F4xx_StdPeriph_Driver\\src\\stm32f4xx_dac.c 0x00000000   Number         0  stm32f4xx_dac.o ABSOLUTE
    ..\\..\\Libraries\\STM32F4xx_StdPeriph_Driver\\src\\stm32f4xx_dbgmcu.c 0x00000000   Number         0  stm32f4xx_dbgmcu.o ABSOLUTE
    ..\\..\\Libraries\\STM32F4xx_StdPeriph_Driver\\src\\stm32f4xx_dcmi.c 0x00000000   Number         0  stm32f4xx_dcmi.o ABSOLUTE
    ..\\..\\Libraries\\STM32F4xx_StdPeriph_Driver\\src\\stm32f4xx_dma.c 0x00000000   Number         0  stm32f4xx_dma.o ABSOLUTE
    ..\\..\\Libraries\\STM32F4xx_StdPeriph_Driver\\src\\stm32f4xx_dma2d.c 0x00000000   Number         0  stm32f4xx_dma2d.o ABSOLUTE
    ..\\..\\Libraries\\STM32F4xx_StdPeriph_Driver\\src\\stm32f4xx_exti.c 0x00000000   Number         0  stm32f4xx_exti.o ABSOLUTE
    ..\\..\\Libraries\\STM32F4xx_StdPeriph_Driver\\src\\stm32f4xx_flash.c 0x00000000   Number         0  stm32f4xx_flash.o ABSOLUTE
    ..\\..\\Libraries\\STM32F4xx_StdPeriph_Driver\\src\\stm32f4xx_fmc.c 0x00000000   Number         0  stm32f4xx_fmc.o ABSOLUTE
    ..\\..\\Libraries\\STM32F4xx_StdPeriph_Driver\\src\\stm32f4xx_gpio.c 0x00000000   Number         0  stm32f4xx_gpio.o ABSOLUTE
    ..\\..\\Libraries\\STM32F4xx_StdPeriph_Driver\\src\\stm32f4xx_hash.c 0x00000000   Number         0  stm32f4xx_hash.o ABSOLUTE
    ..\\..\\Libraries\\STM32F4xx_StdPeriph_Driver\\src\\stm32f4xx_hash_md5.c 0x00000000   Number         0  stm32f4xx_hash_md5.o ABSOLUTE
    ..\\..\\Libraries\\STM32F4xx_StdPeriph_Driver\\src\\stm32f4xx_hash_sha1.c 0x00000000   Number         0  stm32f4xx_hash_sha1.o ABSOLUTE
    ..\\..\\Libraries\\STM32F4xx_StdPeriph_Driver\\src\\stm32f4xx_i2c.c 0x00000000   Number         0  stm32f4xx_i2c.o ABSOLUTE
    ..\\..\\Libraries\\STM32F4xx_StdPeriph_Driver\\src\\stm32f4xx_iwdg.c 0x00000000   Number         0  stm32f4xx_iwdg.o ABSOLUTE
    ..\\..\\Libraries\\STM32F4xx_StdPeriph_Driver\\src\\stm32f4xx_ltdc.c 0x00000000   Number         0  stm32f4xx_ltdc.o ABSOLUTE
    ..\\..\\Libraries\\STM32F4xx_StdPeriph_Driver\\src\\stm32f4xx_pwr.c 0x00000000   Number         0  stm32f4xx_pwr.o ABSOLUTE
    ..\\..\\Libraries\\STM32F4xx_StdPeriph_Driver\\src\\stm32f4xx_rcc.c 0x00000000   Number         0  stm32f4xx_rcc.o ABSOLUTE
    ..\\..\\Libraries\\STM32F4xx_StdPeriph_Driver\\src\\stm32f4xx_rng.c 0x00000000   Number         0  stm32f4xx_rng.o ABSOLUTE
    ..\\..\\Libraries\\STM32F4xx_StdPeriph_Driver\\src\\stm32f4xx_rtc.c 0x00000000   Number         0  stm32f4xx_rtc.o ABSOLUTE
    ..\\..\\Libraries\\STM32F4xx_StdPeriph_Driver\\src\\stm32f4xx_sai.c 0x00000000   Number         0  stm32f4xx_sai.o ABSOLUTE
    ..\\..\\Libraries\\STM32F4xx_StdPeriph_Driver\\src\\stm32f4xx_sdio.c 0x00000000   Number         0  stm32f4xx_sdio.o ABSOLUTE
    ..\\..\\Libraries\\STM32F4xx_StdPeriph_Driver\\src\\stm32f4xx_spi.c 0x00000000   Number         0  stm32f4xx_spi.o ABSOLUTE
    ..\\..\\Libraries\\STM32F4xx_StdPeriph_Driver\\src\\stm32f4xx_syscfg.c 0x00000000   Number         0  stm32f4xx_syscfg.o ABSOLUTE
    ..\\..\\Libraries\\STM32F4xx_StdPeriph_Driver\\src\\stm32f4xx_tim.c 0x00000000   Number         0  stm32f4xx_tim.o ABSOLUTE
    ..\\..\\Libraries\\STM32F4xx_StdPeriph_Driver\\src\\stm32f4xx_usart.c 0x00000000   Number         0  stm32f4xx_usart.o ABSOLUTE
    ..\\..\\Libraries\\STM32F4xx_StdPeriph_Driver\\src\\stm32f4xx_wwdg.c 0x00000000   Number         0  stm32f4xx_wwdg.o ABSOLUTE
    ..\\..\\User\\Clock\\Clock.c             0x00000000   Number         0  clock.o ABSOLUTE
    ..\\..\\User\\DealSerialData\\DealSerialData.c 0x00000000   Number         0  dealserialdata.o ABSOLUTE
    ..\\..\\User\\MSD\\MicroStepDriver.c     0x00000000   Number         0  microstepdriver.o ABSOLUTE
    ..\\..\\User\\NuxieTube\\NuxieTube.c     0x00000000   Number         0  nuxietube.o ABSOLUTE
    ..\\..\\User\\config\\config.c           0x00000000   Number         0  config.o ABSOLUTE
    ..\\..\\User\\cylinder\\cylinder.c       0x00000000   Number         0  cylinder.o ABSOLUTE
    ..\\..\\User\\initAll\\initAll.c         0x00000000   Number         0  initall.o ABSOLUTE
    ..\\..\\User\\key\\key.c                 0x00000000   Number         0  key.o ABSOLUTE
    ..\\..\\User\\led\\led.c                 0x00000000   Number         0  led.o ABSOLUTE
    ..\\..\\User\\main.c                     0x00000000   Number         0  main.o ABSOLUTE
    ..\\..\\User\\order\\Orders.c            0x00000000   Number         0  orders.o ABSOLUTE
    ..\\..\\User\\order\\order.c             0x00000000   Number         0  order.o ABSOLUTE
    ..\\..\\User\\stm32f4xx_it.c             0x00000000   Number         0  stm32f4xx_it.o ABSOLUTE
    ..\\..\\User\\usart\\usart.c             0x00000000   Number         0  usart.o ABSOLUTE
    cdrcmple.s                               0x00000000   Number         0  cdrcmple.o ABSOLUTE
    dc.s                                     0x00000000   Number         0  dc.o ABSOLUTE
    handlers.s                               0x00000000   Number         0  handlers.o ABSOLUTE
    init.s                                   0x00000000   Number         0  init.o ABSOLUTE
    RESET                                    0x08000000   Section      428  startup_stm32f429_439xx.o(RESET)
    .ARM.Collect$$$$00000000                 0x080001ac   Section        0  entry.o(.ARM.Collect$$$$00000000)
    .ARM.Collect$$$$00000001                 0x080001ac   Section        4  entry2.o(.ARM.Collect$$$$00000001)
    .ARM.Collect$$$$00000004                 0x080001b0   Section        4  entry5.o(.ARM.Collect$$$$00000004)
    .ARM.Collect$$$$00000008                 0x080001b4   Section        0  entry7b.o(.ARM.Collect$$$$00000008)
    .ARM.Collect$$$$0000000A                 0x080001b4   Section        0  entry8b.o(.ARM.Collect$$$$0000000A)
    .ARM.Collect$$$$0000000B                 0x080001b4   Section        8  entry9a.o(.ARM.Collect$$$$0000000B)
    .ARM.Collect$$$$0000000D                 0x080001bc   Section        0  entry10a.o(.ARM.Collect$$$$0000000D)
    .ARM.Collect$$$$0000000F                 0x080001bc   Section        0  entry11a.o(.ARM.Collect$$$$0000000F)
    .ARM.Collect$$$$00002712                 0x080001bc   Section        4  entry2.o(.ARM.Collect$$$$00002712)
    __lit__00000000                          0x080001bc   Data           4  entry2.o(.ARM.Collect$$$$00002712)
    .text                                    0x080001c0   Section       36  startup_stm32f429_439xx.o(.text)
    $v0                                      0x080001c0   Number         0  startup_stm32f429_439xx.o(.text)
    .text                                    0x080001e4   Section        0  memcpya.o(.text)
    .text                                    0x08000208   Section        0  memseta.o(.text)
    .text                                    0x0800022c   Section        0  strlen.o(.text)
    .text                                    0x0800023a   Section        0  strcmp.o(.text)
    .text                                    0x08000258   Section       36  init.o(.text)
    .text                                    0x0800027c   Section        0  __dczerorl2.o(.text)
    i.Bit_OFF                                0x080002d2   Section        0  nuxietube.o(i.Bit_OFF)
    i.Bit_ON                                 0x080002de   Section        0  nuxietube.o(i.Bit_ON)
    i.BusFault_Handler                       0x080002ea   Section        0  stm32f4xx_it.o(i.BusFault_Handler)
    i.Clock_IRQHandler                       0x080002f0   Section        0  clock.o(i.Clock_IRQHandler)
    i.Cylinder_GPIO_Config                   0x08000398   Section        0  cylinder.o(i.Cylinder_GPIO_Config)
    i.Cylinder_OFF                           0x080003ca   Section        0  cylinder.o(i.Cylinder_OFF)
    i.Cylinder_ON                            0x080003d4   Section        0  cylinder.o(i.Cylinder_ON)
    i.DealSerialData                         0x080003e0   Section        0  dealserialdata.o(i.DealSerialData)
    i.DebugMon_Handler                       0x080004ec   Section        0  stm32f4xx_it.o(i.DebugMon_Handler)
    i.Delay                                  0x080004ee   Section        0  order.o(i.Delay)
    i.EXTI0_IRQHandler                       0x08000500   Section        0  stm32f4xx_it.o(i.EXTI0_IRQHandler)
    i.EXTI15_10_IRQHandler                   0x0800055c   Section        0  stm32f4xx_it.o(i.EXTI15_10_IRQHandler)
    i.EXTI_ClearITPendingBit                 0x080005bc   Section        0  stm32f4xx_exti.o(i.EXTI_ClearITPendingBit)
    i.EXTI_GetITStatus                       0x080005c8   Section        0  stm32f4xx_exti.o(i.EXTI_GetITStatus)
    i.EXTI_Init                              0x080005e0   Section        0  stm32f4xx_exti.o(i.EXTI_Init)
    i.EndClock                               0x08000674   Section        0  clock.o(i.EndClock)
    i.GPIO_Init                              0x0800067c   Section        0  stm32f4xx_gpio.o(i.GPIO_Init)
    i.GPIO_PinAFConfig                       0x0800070c   Section        0  stm32f4xx_gpio.o(i.GPIO_PinAFConfig)
    i.GPIO_ResetBits                         0x08000752   Section        0  stm32f4xx_gpio.o(i.GPIO_ResetBits)
    i.GPIO_SetBits                           0x08000756   Section        0  stm32f4xx_gpio.o(i.GPIO_SetBits)
    i.HardFault_Handler                      0x0800075a   Section        0  stm32f4xx_it.o(i.HardFault_Handler)
    i.InitAll                                0x0800075e   Section        0  main.o(i.InitAll)
    i.InitAll_Clock                          0x08000780   Section        0  initall.o(i.InitAll_Clock)
    i.InitAll_Cylinder                       0x08000790   Section        0  initall.o(i.InitAll_Cylinder)
    i.InitAll_KEY                            0x080007a8   Section        0  initall.o(i.InitAll_KEY)
    i.InitAll_LED                            0x080007c0   Section        0  initall.o(i.InitAll_LED)
    i.InitAll_MSD                            0x080007c4   Section        0  initall.o(i.InitAll_MSD)
    i.InitAll_Order                          0x080007dc   Section        0  initall.o(i.InitAll_Order)
    i.InitAll_USART                          0x080009c0   Section        0  initall.o(i.InitAll_USART)
    i.InitBit                                0x080009d0   Section        0  nuxietube.o(i.InitBit)
    i.InitClock                              0x080009dc   Section        0  clock.o(i.InitClock)
    i.InitCylinder                           0x08000a0e   Section        0  cylinder.o(i.InitCylinder)
    i.InitKEY                                0x08000a20   Section        0  key.o(i.InitKEY)
    i.InitLED                                0x08000a32   Section        0  led.o(i.InitLED)
    i.InitMSD                                0x08000a64   Section        0  microstepdriver.o(i.InitMSD)
    i.InitNuxieTube                          0x08000a7c   Section        0  nuxietube.o(i.InitNuxieTube)
    i.InitUsart                              0x08000ad0   Section        0  usart.o(i.InitUsart)
    i.InvokerClear                           0x08000adc   Section        0  order.o(i.InvokerClear)
    i.InvokerDoOrder                         0x08000ade   Section        0  order.o(i.InvokerDoOrder)
    i.InvokerSetOrder                        0x08000ae8   Section        0  order.o(i.InvokerSetOrder)
    i.KEY_EXTI_Config                        0x08000af4   Section        0  key.o(i.KEY_EXTI_Config)
    i.KEY_GPIO_Config                        0x08000b2c   Section        0  key.o(i.KEY_GPIO_Config)
    i.KEY_NVIC_Config                        0x08000b52   Section        0  key.o(i.KEY_NVIC_Config)
    i.LED_OFF                                0x08000b82   Section        0  led.o(i.LED_OFF)
    i.LED_ON                                 0x08000b8c   Section        0  led.o(i.LED_ON)
    i.LED_Toggle                             0x08000b96   Section        0  led.o(i.LED_Toggle)
    i.MSD_ENA                                0x08000ba4   Section        0  microstepdriver.o(i.MSD_ENA)
    i.MSD_GPIO_Config                        0x08000c2c   Section        0  microstepdriver.o(i.MSD_GPIO_Config)
    i.MSD_IRQHandler                         0x08000cd8   Section        0  microstepdriver.o(i.MSD_IRQHandler)
    i.MSD_Mode_Config                        0x08000db4   Section        0  microstepdriver.o(i.MSD_Mode_Config)
    i.MSD_Move                               0x08000e44   Section        0  microstepdriver.o(i.MSD_Move)
    i.MSD_NVIC_Config                        0x08000e98   Section        0  microstepdriver.o(i.MSD_NVIC_Config)
    i.MSD_waitStop                           0x08000ec0   Section        0  microstepdriver.o(i.MSD_waitStop)
    i.MemManage_Handler                      0x08000ed4   Section        0  stm32f4xx_it.o(i.MemManage_Handler)
    i.NMI_Handler                            0x08000ed8   Section        0  stm32f4xx_it.o(i.NMI_Handler)
    i.NVIC_Init                              0x08000edc   Section        0  misc.o(i.NVIC_Init)
    i.NVIC_PriorityGroupConfig               0x08000f54   Section        0  misc.o(i.NVIC_PriorityGroupConfig)
    i.NewInvoker                             0x08000f68   Section        0  order.o(i.NewInvoker)
    i.NewOrder                               0x08000fa4   Section        0  order.o(i.NewOrder)
    i.NewOrderACA                            0x08000fc4   Section        0  order.o(i.NewOrderACA)
    i.NewOrderACS                            0x08000fe0   Section        0  order.o(i.NewOrderACS)
    i.NewOrderDCA                            0x08000ffc   Section        0  order.o(i.NewOrderDCA)
    i.NewOrderDCS                            0x08001018   Section        0  order.o(i.NewOrderDCS)
    i.NewOrderDM2                            0x08001034   Section        0  order.o(i.NewOrderDM2)
    i.NewOrderDMA                            0x08001050   Section        0  order.o(i.NewOrderDMA)
    i.NewOrderDMF                            0x0800106c   Section        0  order.o(i.NewOrderDMF)
    i.NewOrderDMR                            0x08001088   Section        0  order.o(i.NewOrderDMR)
    i.NewOrderDMS                            0x080010a4   Section        0  order.o(i.NewOrderDMS)
    i.NewOrderEND                            0x080010c0   Section        0  order.o(i.NewOrderEND)
    i.NewOrderERR                            0x080010dc   Section        0  order.o(i.NewOrderERR)
    i.NewOrderLCA                            0x080010f8   Section        0  order.o(i.NewOrderLCA)
    i.NewOrderLCS                            0x08001114   Section        0  order.o(i.NewOrderLCS)
    i.NewOrderLM2                            0x08001130   Section        0  order.o(i.NewOrderLM2)
    i.NewOrderLMA                            0x0800114c   Section        0  order.o(i.NewOrderLMA)
    i.NewOrderLMF                            0x08001168   Section        0  order.o(i.NewOrderLMF)
    i.NewOrderLMR                            0x08001184   Section        0  order.o(i.NewOrderLMR)
    i.NewOrderLMS                            0x080011a0   Section        0  order.o(i.NewOrderLMS)
    i.NewOrderRES                            0x080011bc   Section        0  order.o(i.NewOrderRES)
    i.NewOrderSTA                            0x080011d8   Section        0  order.o(i.NewOrderSTA)
    i.NewVectorOrder                         0x080011f4   Section        0  orders.o(i.NewVectorOrder)
    i.OrderACADo                             0x08001238   Section        0  order.o(i.OrderACADo)
    i.OrderACSDo                             0x08001268   Section        0  order.o(i.OrderACSDo)
    i.OrderDCADo                             0x08001298   Section        0  order.o(i.OrderDCADo)
    i.OrderDCSDo                             0x080012c0   Section        0  order.o(i.OrderDCSDo)
    i.OrderDM2Do                             0x080012e8   Section        0  order.o(i.OrderDM2Do)
    i.OrderDMADo                             0x08001338   Section        0  order.o(i.OrderDMADo)
    i.OrderDMFDo                             0x0800136c   Section        0  order.o(i.OrderDMFDo)
    i.OrderDMRDo                             0x08001394   Section        0  order.o(i.OrderDMRDo)
    i.OrderDMSDo                             0x080013c0   Section        0  order.o(i.OrderDMSDo)
    i.OrderDo                                0x080013f4   Section        0  order.o(i.OrderDo)
    i.OrderENDDo                             0x0800140c   Section        0  order.o(i.OrderENDDo)
    i.OrderERRDo                             0x08001428   Section        0  order.o(i.OrderERRDo)
    i.OrderLCADo                             0x0800143c   Section        0  order.o(i.OrderLCADo)
    i.OrderLCSDo                             0x08001464   Section        0  order.o(i.OrderLCSDo)
    i.OrderLM2Do                             0x0800148c   Section        0  order.o(i.OrderLM2Do)
    i.OrderLMADo                             0x080014dc   Section        0  order.o(i.OrderLMADo)
    i.OrderLMFDo                             0x08001510   Section        0  order.o(i.OrderLMFDo)
    i.OrderLMRDo                             0x08001538   Section        0  order.o(i.OrderLMRDo)
    i.OrderLMSDo                             0x08001564   Section        0  order.o(i.OrderLMSDo)
    i.OrderRESDo                             0x08001598   Section        0  order.o(i.OrderRESDo)
    i.OrderSTADo                             0x080015b4   Section        0  order.o(i.OrderSTADo)
    i.PendSV_Handler                         0x080015d0   Section        0  stm32f4xx_it.o(i.PendSV_Handler)
    i.RCC_AHB1PeriphClockCmd                 0x080015d4   Section        0  stm32f4xx_rcc.o(i.RCC_AHB1PeriphClockCmd)
    i.RCC_APB1PeriphClockCmd                 0x080015f4   Section        0  stm32f4xx_rcc.o(i.RCC_APB1PeriphClockCmd)
    i.RCC_APB2PeriphClockCmd                 0x08001614   Section        0  stm32f4xx_rcc.o(i.RCC_APB2PeriphClockCmd)
    i.RCC_GetClocksFreq                      0x08001634   Section        0  stm32f4xx_rcc.o(i.RCC_GetClocksFreq)
    i.ResetClock                             0x0800171c   Section        0  clock.o(i.ResetClock)
    i.SVC_Handler                            0x08001748   Section        0  stm32f4xx_it.o(i.SVC_Handler)
    i.SYSCFG_EXTILineConfig                  0x0800174c   Section        0  stm32f4xx_syscfg.o(i.SYSCFG_EXTILineConfig)
    i.SetBit                                 0x0800178c   Section        0  nuxietube.o(i.SetBit)
    i.SetNuxieTube                           0x080017a4   Section        0  nuxietube.o(i.SetNuxieTube)
    i.SetSysClock                            0x080017c8   Section        0  system_stm32f4xx.o(i.SetSysClock)
    SetSysClock                              0x080017c9   Thumb Code   272  system_stm32f4xx.o(i.SetSysClock)
    i.ShowNuxieTube                          0x080018e8   Section        0  nuxietube.o(i.ShowNuxieTube)
    i.StartClock                             0x0800197c   Section        0  clock.o(i.StartClock)
    i.SysTick_Handler                        0x08001984   Section        0  stm32f4xx_it.o(i.SysTick_Handler)
    i.SystemInit                             0x08001988   Section        0  system_stm32f4xx.o(i.SystemInit)
    i.TIM1_UP_TIM10_IRQHandler               0x080019f0   Section        0  stm32f4xx_it.o(i.TIM1_UP_TIM10_IRQHandler)
    i.TIM2_IRQHandler                        0x08001a00   Section        0  stm32f4xx_it.o(i.TIM2_IRQHandler)
    i.TIM3_IRQHandler                        0x08001a10   Section        0  stm32f4xx_it.o(i.TIM3_IRQHandler)
    i.TIM_ARRPreloadConfig                   0x08001a20   Section        0  stm32f4xx_tim.o(i.TIM_ARRPreloadConfig)
    i.TIM_ClearFlag                          0x08001a38   Section        0  stm32f4xx_tim.o(i.TIM_ClearFlag)
    i.TIM_ClearITPendingBit                  0x08001a3e   Section        0  stm32f4xx_tim.o(i.TIM_ClearITPendingBit)
    i.TIM_Cmd                                0x08001a44   Section        0  stm32f4xx_tim.o(i.TIM_Cmd)
    i.TIM_GetITStatus                        0x08001a5c   Section        0  stm32f4xx_tim.o(i.TIM_GetITStatus)
    i.TIM_ITConfig                           0x08001a7e   Section        0  stm32f4xx_tim.o(i.TIM_ITConfig)
    i.TIM_Mode_Config                        0x08001a90   Section        0  clock.o(i.TIM_Mode_Config)
    TIM_Mode_Config                          0x08001a91   Thumb Code    80  clock.o(i.TIM_Mode_Config)
    i.TIM_NVIC_Configuration                 0x08001ae0   Section        0  clock.o(i.TIM_NVIC_Configuration)
    TIM_NVIC_Configuration                   0x08001ae1   Thumb Code    46  clock.o(i.TIM_NVIC_Configuration)
    i.TIM_OC4Init                            0x08001b10   Section        0  stm32f4xx_tim.o(i.TIM_OC4Init)
    i.TIM_OC4PreloadConfig                   0x08001b88   Section        0  stm32f4xx_tim.o(i.TIM_OC4PreloadConfig)
    i.TIM_SetAutoreload                      0x08001ba2   Section        0  stm32f4xx_tim.o(i.TIM_SetAutoreload)
    i.TIM_SetCompare4                        0x08001ba6   Section        0  stm32f4xx_tim.o(i.TIM_SetCompare4)
    i.TIM_TimeBaseInit                       0x08001bac   Section        0  stm32f4xx_tim.o(i.TIM_TimeBaseInit)
    i.TIM_TimeBaseStructInit                 0x08001c30   Section        0  stm32f4xx_tim.o(i.TIM_TimeBaseStructInit)
    i.TIM_UpdateRequestConfig                0x08001c42   Section        0  stm32f4xx_tim.o(i.TIM_UpdateRequestConfig)
    i.USART1_IRQHandler                      0x08001c5c   Section        0  stm32f4xx_it.o(i.USART1_IRQHandler)
    i.USART_Cmd                              0x08001d64   Section        0  stm32f4xx_usart.o(i.USART_Cmd)
    i.USART_GetFlagStatus                    0x08001d7c   Section        0  stm32f4xx_usart.o(i.USART_GetFlagStatus)
    i.USART_GetITStatus                      0x08001d96   Section        0  stm32f4xx_usart.o(i.USART_GetITStatus)
    i.USART_ITConfig                         0x08001dea   Section        0  stm32f4xx_usart.o(i.USART_ITConfig)
    i.USART_Init                             0x08001e34   Section        0  stm32f4xx_usart.o(i.USART_Init)
    i.USART_ReceiveData                      0x08001f08   Section        0  stm32f4xx_usart.o(i.USART_ReceiveData)
    i.USART_SendData                         0x08001f12   Section        0  stm32f4xx_usart.o(i.USART_SendData)
    i.UsageFault_Handler                     0x08001f1a   Section        0  stm32f4xx_it.o(i.UsageFault_Handler)
    i.Usart_Config                           0x08001f1e   Section        0  usart.o(i.Usart_Config)
    i.Usart_FlushRxBuffer                    0x08001fc6   Section        0  usart.o(i.Usart_FlushRxBuffer)
    i.Usart_NVIC_Config                      0x08001fda   Section        0  usart.o(i.Usart_NVIC_Config)
    i.Usart_SendByte                         0x08002008   Section        0  usart.o(i.Usart_SendByte)
    i.VectorOrderClear                       0x08002026   Section        0  orders.o(i.VectorOrderClear)
    i.VectorOrderFind                        0x0800203a   Section        0  orders.o(i.VectorOrderFind)
    i.VectorOrderPushBack                    0x08002086   Section        0  orders.o(i.VectorOrderPushBack)
    i.VectorOrderSetData                     0x080020e0   Section        0  orders.o(i.VectorOrderSetData)
    i.VectorOrderSize                        0x0800212e   Section        0  orders.o(i.VectorOrderSize)
    i.__0printf$bare                         0x08002134   Section        0  printfb.o(i.__0printf$bare)
    i.__scatterload_copy                     0x08002144   Section       14  handlers.o(i.__scatterload_copy)
    i.__scatterload_null                     0x08002152   Section        2  handlers.o(i.__scatterload_null)
    i.__scatterload_zeroinit                 0x08002154   Section       14  handlers.o(i.__scatterload_zeroinit)
    i._printf_core                           0x08002162   Section        0  printfb.o(i._printf_core)
    _printf_core                             0x08002163   Thumb Code    34  printfb.o(i._printf_core)
    i.fputc                                  0x08002184   Section        0  usart.o(i.fputc)
    i.free                                   0x080021ac   Section        0  malloc.o(i.free)
    i.main                                   0x080021fc   Section        0  main.o(i.main)
    i.malloc                                 0x08002208   Section        0  malloc.o(i.malloc)
    .constdata                               0x08002274   Section       80  config.o(.constdata)
    .constdata                               0x080022c4   Section       25  nuxietube.o(.constdata)
    .constdata                               0x080022e0   Section       64  clock.o(.constdata)
    pow                                      0x08002300   Data          32  clock.o(.constdata)
    .data                                    0x20000000   Section       16  stm32f4xx_rcc.o(.data)
    APBAHBPrescTable                         0x20000000   Data          16  stm32f4xx_rcc.o(.data)
    .data                                    0x20000010   Section    60104  microstepdriver.o(.data)
    .data                                    0x2000ead8   Section        1  dealserialdata.o(.data)
    initFlag                                 0x2000ead8   Data           1  dealserialdata.o(.data)
    .data                                    0x2000eadc   Section     1548  config.o(.data)
    .data                                    0x2000f0e8   Section        1  nuxietube.o(.data)
    now                                      0x2000f0e8   Data           1  nuxietube.o(.data)
    .data                                    0x2000f0ec   Section        4  clock.o(.data)
    time                                     0x2000f0ec   Data           4  clock.o(.data)
    .data                                    0x2000f0f0   Section        4  stdout.o(.data)
    .data                                    0x2000f0f4   Section        4  mvars.o(.data)
    .data                                    0x2000f0f8   Section        4  mvars.o(.data)
    .bss                                     0x2000f0fc   Section       32  orders.o(.bss)
    HEAP                                     0x2000f120   Section      512  startup_stm32f429_439xx.o(HEAP)
    STACK                                    0x2000f320   Section     1024  startup_stm32f429_439xx.o(STACK)

    Global Symbols

    Symbol Name                              Value     Ov Type        Size  Object(Section)

    BuildAttributes$$THM_ISAv4$E$P$D$K$B$S$7EM$VFPi3$EXTD16$VFPS$VFMA$PE$A:L22UL41UL21$X:L11$S22US41US21$IEEE1$IW$USESV6$~STKCKD$USESV7$~SHL$OSPACE$ROPI$EBA8$MICROLIB$REQ8$PRES8$EABIv2 0x00000000   Number         0  anon$$obj.o ABSOLUTE
    __ARM_use_no_argv                        0x00000000   Number         0  main.o ABSOLUTE
    __cpp_initialize__aeabi_                  - Undefined Weak Reference
    __cxa_finalize                            - Undefined Weak Reference
    _clock_init                               - Undefined Weak Reference
    _microlib_exit                            - Undefined Weak Reference
    __Vectors_Size                           0x000001ac   Number         0  startup_stm32f429_439xx.o ABSOLUTE
    __Vectors                                0x08000000   Data           4  startup_stm32f429_439xx.o(RESET)
    __Vectors_End                            0x080001ac   Data           0  startup_stm32f429_439xx.o(RESET)
    __main                                   0x080001ad   Thumb Code     0  entry.o(.ARM.Collect$$$$00000000)
    _main_stk                                0x080001ad   Thumb Code     0  entry2.o(.ARM.Collect$$$$00000001)
    _main_scatterload                        0x080001b1   Thumb Code     0  entry5.o(.ARM.Collect$$$$00000004)
    __main_after_scatterload                 0x080001b5   Thumb Code     0  entry5.o(.ARM.Collect$$$$00000004)
    _main_clock                              0x080001b5   Thumb Code     0  entry7b.o(.ARM.Collect$$$$00000008)
    _main_cpp_init                           0x080001b5   Thumb Code     0  entry8b.o(.ARM.Collect$$$$0000000A)
    _main_init                               0x080001b5   Thumb Code     0  entry9a.o(.ARM.Collect$$$$0000000B)
    __rt_final_cpp                           0x080001bd   Thumb Code     0  entry10a.o(.ARM.Collect$$$$0000000D)
    __rt_final_exit                          0x080001bd   Thumb Code     0  entry11a.o(.ARM.Collect$$$$0000000F)
    Reset_Handler                            0x080001c1   Thumb Code     8  startup_stm32f429_439xx.o(.text)
    ADC_IRQHandler                           0x080001db   Thumb Code     0  startup_stm32f429_439xx.o(.text)
    CAN1_RX0_IRQHandler                      0x080001db   Thumb Code     0  startup_stm32f429_439xx.o(.text)
    CAN1_RX1_IRQHandler                      0x080001db   Thumb Code     0  startup_stm32f429_439xx.o(.text)
    CAN1_SCE_IRQHandler                      0x080001db   Thumb Code     0  startup_stm32f429_439xx.o(.text)
    CAN1_TX_IRQHandler                       0x080001db   Thumb Code     0  startup_stm32f429_439xx.o(.text)
    CAN2_RX0_IRQHandler                      0x080001db   Thumb Code     0  startup_stm32f429_439xx.o(.text)
    CAN2_RX1_IRQHandler                      0x080001db   Thumb Code     0  startup_stm32f429_439xx.o(.text)
    CAN2_SCE_IRQHandler                      0x080001db   Thumb Code     0  startup_stm32f429_439xx.o(.text)
    CAN2_TX_IRQHandler                       0x080001db   Thumb Code     0  startup_stm32f429_439xx.o(.text)
    CRYP_IRQHandler                          0x080001db   Thumb Code     0  startup_stm32f429_439xx.o(.text)
    DCMI_IRQHandler                          0x080001db   Thumb Code     0  startup_stm32f429_439xx.o(.text)
    DMA1_Stream0_IRQHandler                  0x080001db   Thumb Code     0  startup_stm32f429_439xx.o(.text)
    DMA1_Stream1_IRQHandler                  0x080001db   Thumb Code     0  startup_stm32f429_439xx.o(.text)
    DMA1_Stream2_IRQHandler                  0x080001db   Thumb Code     0  startup_stm32f429_439xx.o(.text)
    DMA1_Stream3_IRQHandler                  0x080001db   Thumb Code     0  startup_stm32f429_439xx.o(.text)
    DMA1_Stream4_IRQHandler                  0x080001db   Thumb Code     0  startup_stm32f429_439xx.o(.text)
    DMA1_Stream5_IRQHandler                  0x080001db   Thumb Code     0  startup_stm32f429_439xx.o(.text)
    DMA1_Stream6_IRQHandler                  0x080001db   Thumb Code     0  startup_stm32f429_439xx.o(.text)
    DMA1_Stream7_IRQHandler                  0x080001db   Thumb Code     0  startup_stm32f429_439xx.o(.text)
    DMA2D_IRQHandler                         0x080001db   Thumb Code     0  startup_stm32f429_439xx.o(.text)
    DMA2_Stream0_IRQHandler                  0x080001db   Thumb Code     0  startup_stm32f429_439xx.o(.text)
    DMA2_Stream1_IRQHandler                  0x080001db   Thumb Code     0  startup_stm32f429_439xx.o(.text)
    DMA2_Stream2_IRQHandler                  0x080001db   Thumb Code     0  startup_stm32f429_439xx.o(.text)
    DMA2_Stream3_IRQHandler                  0x080001db   Thumb Code     0  startup_stm32f429_439xx.o(.text)
    DMA2_Stream4_IRQHandler                  0x080001db   Thumb Code     0  startup_stm32f429_439xx.o(.text)
    DMA2_Stream5_IRQHandler                  0x080001db   Thumb Code     0  startup_stm32f429_439xx.o(.text)
    DMA2_Stream6_IRQHandler                  0x080001db   Thumb Code     0  startup_stm32f429_439xx.o(.text)
    DMA2_Stream7_IRQHandler                  0x080001db   Thumb Code     0  startup_stm32f429_439xx.o(.text)
    ETH_IRQHandler                           0x080001db   Thumb Code     0  startup_stm32f429_439xx.o(.text)
    ETH_WKUP_IRQHandler                      0x080001db   Thumb Code     0  startup_stm32f429_439xx.o(.text)
    EXTI1_IRQHandler                         0x080001db   Thumb Code     0  startup_stm32f429_439xx.o(.text)
    EXTI2_IRQHandler                         0x080001db   Thumb Code     0  startup_stm32f429_439xx.o(.text)
    EXTI3_IRQHandler                         0x080001db   Thumb Code     0  startup_stm32f429_439xx.o(.text)
    EXTI4_IRQHandler                         0x080001db   Thumb Code     0  startup_stm32f429_439xx.o(.text)
    EXTI9_5_IRQHandler                       0x080001db   Thumb Code     0  startup_stm32f429_439xx.o(.text)
    FLASH_IRQHandler                         0x080001db   Thumb Code     0  startup_stm32f429_439xx.o(.text)
    FMC_IRQHandler                           0x080001db   Thumb Code     0  startup_stm32f429_439xx.o(.text)
    FPU_IRQHandler                           0x080001db   Thumb Code     0  startup_stm32f429_439xx.o(.text)
    HASH_RNG_IRQHandler                      0x080001db   Thumb Code     0  startup_stm32f429_439xx.o(.text)
    I2C1_ER_IRQHandler                       0x080001db   Thumb Code     0  startup_stm32f429_439xx.o(.text)
    I2C1_EV_IRQHandler                       0x080001db   Thumb Code     0  startup_stm32f429_439xx.o(.text)
    I2C2_ER_IRQHandler                       0x080001db   Thumb Code     0  startup_stm32f429_439xx.o(.text)
    I2C2_EV_IRQHandler                       0x080001db   Thumb Code     0  startup_stm32f429_439xx.o(.text)
    I2C3_ER_IRQHandler                       0x080001db   Thumb Code     0  startup_stm32f429_439xx.o(.text)
    I2C3_EV_IRQHandler                       0x080001db   Thumb Code     0  startup_stm32f429_439xx.o(.text)
    LTDC_ER_IRQHandler                       0x080001db   Thumb Code     0  startup_stm32f429_439xx.o(.text)
    LTDC_IRQHandler                          0x080001db   Thumb Code     0  startup_stm32f429_439xx.o(.text)
    OTG_FS_IRQHandler                        0x080001db   Thumb Code     0  startup_stm32f429_439xx.o(.text)
    OTG_FS_WKUP_IRQHandler                   0x080001db   Thumb Code     0  startup_stm32f429_439xx.o(.text)
    OTG_HS_EP1_IN_IRQHandler                 0x080001db   Thumb Code     0  startup_stm32f429_439xx.o(.text)
    OTG_HS_EP1_OUT_IRQHandler                0x080001db   Thumb Code     0  startup_stm32f429_439xx.o(.text)
    OTG_HS_IRQHandler                        0x080001db   Thumb Code     0  startup_stm32f429_439xx.o(.text)
    OTG_HS_WKUP_IRQHandler                   0x080001db   Thumb Code     0  startup_stm32f429_439xx.o(.text)
    PVD_IRQHandler                           0x080001db   Thumb Code     0  startup_stm32f429_439xx.o(.text)
    RCC_IRQHandler                           0x080001db   Thumb Code     0  startup_stm32f429_439xx.o(.text)
    RTC_Alarm_IRQHandler                     0x080001db   Thumb Code     0  startup_stm32f429_439xx.o(.text)
    RTC_WKUP_IRQHandler                      0x080001db   Thumb Code     0  startup_stm32f429_439xx.o(.text)
    SAI1_IRQHandler                          0x080001db   Thumb Code     0  startup_stm32f429_439xx.o(.text)
    SDIO_IRQHandler                          0x080001db   Thumb Code     0  startup_stm32f429_439xx.o(.text)
    SPI1_IRQHandler                          0x080001db   Thumb Code     0  startup_stm32f429_439xx.o(.text)
    SPI2_IRQHandler                          0x080001db   Thumb Code     0  startup_stm32f429_439xx.o(.text)
    SPI3_IRQHandler                          0x080001db   Thumb Code     0  startup_stm32f429_439xx.o(.text)
    SPI4_IRQHandler                          0x080001db   Thumb Code     0  startup_stm32f429_439xx.o(.text)
    SPI5_IRQHandler                          0x080001db   Thumb Code     0  startup_stm32f429_439xx.o(.text)
    SPI6_IRQHandler                          0x080001db   Thumb Code     0  startup_stm32f429_439xx.o(.text)
    TAMP_STAMP_IRQHandler                    0x080001db   Thumb Code     0  startup_stm32f429_439xx.o(.text)
    TIM1_BRK_TIM9_IRQHandler                 0x080001db   Thumb Code     0  startup_stm32f429_439xx.o(.text)
    TIM1_CC_IRQHandler                       0x080001db   Thumb Code     0  startup_stm32f429_439xx.o(.text)
    TIM1_TRG_COM_TIM11_IRQHandler            0x080001db   Thumb Code     0  startup_stm32f429_439xx.o(.text)
    TIM4_IRQHandler                          0x080001db   Thumb Code     0  startup_stm32f429_439xx.o(.text)
    TIM5_IRQHandler                          0x080001db   Thumb Code     0  startup_stm32f429_439xx.o(.text)
    TIM6_DAC_IRQHandler                      0x080001db   Thumb Code     0  startup_stm32f429_439xx.o(.text)
    TIM7_IRQHandler                          0x080001db   Thumb Code     0  startup_stm32f429_439xx.o(.text)
    TIM8_BRK_TIM12_IRQHandler                0x080001db   Thumb Code     0  startup_stm32f429_439xx.o(.text)
    TIM8_CC_IRQHandler                       0x080001db   Thumb Code     0  startup_stm32f429_439xx.o(.text)
    TIM8_TRG_COM_TIM14_IRQHandler            0x080001db   Thumb Code     0  startup_stm32f429_439xx.o(.text)
    TIM8_UP_TIM13_IRQHandler                 0x080001db   Thumb Code     0  startup_stm32f429_439xx.o(.text)
    UART4_IRQHandler                         0x080001db   Thumb Code     0  startup_stm32f429_439xx.o(.text)
    UART5_IRQHandler                         0x080001db   Thumb Code     0  startup_stm32f429_439xx.o(.text)
    UART7_IRQHandler                         0x080001db   Thumb Code     0  startup_stm32f429_439xx.o(.text)
    UART8_IRQHandler                         0x080001db   Thumb Code     0  startup_stm32f429_439xx.o(.text)
    USART2_IRQHandler                        0x080001db   Thumb Code     0  startup_stm32f429_439xx.o(.text)
    USART3_IRQHandler                        0x080001db   Thumb Code     0  startup_stm32f429_439xx.o(.text)
    USART6_IRQHandler                        0x080001db   Thumb Code     0  startup_stm32f429_439xx.o(.text)
    WWDG_IRQHandler                          0x080001db   Thumb Code     0  startup_stm32f429_439xx.o(.text)
    __aeabi_memcpy                           0x080001e5   Thumb Code    36  memcpya.o(.text)
    __aeabi_memcpy4                          0x080001e5   Thumb Code     0  memcpya.o(.text)
    __aeabi_memcpy8                          0x080001e5   Thumb Code     0  memcpya.o(.text)
    __aeabi_memset                           0x08000209   Thumb Code    14  memseta.o(.text)
    __aeabi_memset4                          0x08000209   Thumb Code     0  memseta.o(.text)
    __aeabi_memset8                          0x08000209   Thumb Code     0  memseta.o(.text)
    __aeabi_memclr                           0x08000217   Thumb Code     4  memseta.o(.text)
    __aeabi_memclr4                          0x08000217   Thumb Code     0  memseta.o(.text)
    __aeabi_memclr8                          0x08000217   Thumb Code     0  memseta.o(.text)
    _memset$wrapper                          0x0800021b   Thumb Code    18  memseta.o(.text)
    strlen                                   0x0800022d   Thumb Code    14  strlen.o(.text)
    strcmp                                   0x0800023b   Thumb Code    28  strcmp.o(.text)
    __scatterload                            0x08000259   Thumb Code    28  init.o(.text)
    __scatterload_rt2                        0x08000259   Thumb Code     0  init.o(.text)
    __decompress                             0x0800027d   Thumb Code     0  __dczerorl2.o(.text)
    __decompress1                            0x0800027d   Thumb Code    86  __dczerorl2.o(.text)
    Bit_OFF                                  0x080002d3   Thumb Code    12  nuxietube.o(i.Bit_OFF)
    Bit_ON                                   0x080002df   Thumb Code    12  nuxietube.o(i.Bit_ON)
    BusFault_Handler                         0x080002eb   Thumb Code     4  stm32f4xx_it.o(i.BusFault_Handler)
    Clock_IRQHandler                         0x080002f1   Thumb Code   160  clock.o(i.Clock_IRQHandler)
    Cylinder_GPIO_Config                     0x08000399   Thumb Code    50  cylinder.o(i.Cylinder_GPIO_Config)
    Cylinder_OFF                             0x080003cb   Thumb Code    10  cylinder.o(i.Cylinder_OFF)
    Cylinder_ON                              0x080003d5   Thumb Code    10  cylinder.o(i.Cylinder_ON)
    DealSerialData                           0x080003e1   Thumb Code   214  dealserialdata.o(i.DealSerialData)
    DebugMon_Handler                         0x080004ed   Thumb Code     2  stm32f4xx_it.o(i.DebugMon_Handler)
    Delay                                    0x080004ef   Thumb Code    16  order.o(i.Delay)
    EXTI0_IRQHandler                         0x08000501   Thumb Code    72  stm32f4xx_it.o(i.EXTI0_IRQHandler)
    EXTI15_10_IRQHandler                     0x0800055d   Thumb Code    76  stm32f4xx_it.o(i.EXTI15_10_IRQHandler)
    EXTI_ClearITPendingBit                   0x080005bd   Thumb Code     6  stm32f4xx_exti.o(i.EXTI_ClearITPendingBit)
    EXTI_GetITStatus                         0x080005c9   Thumb Code    20  stm32f4xx_exti.o(i.EXTI_GetITStatus)
    EXTI_Init                                0x080005e1   Thumb Code   142  stm32f4xx_exti.o(i.EXTI_Init)
    EndClock                                 0x08000675   Thumb Code     8  clock.o(i.EndClock)
    GPIO_Init                                0x0800067d   Thumb Code   144  stm32f4xx_gpio.o(i.GPIO_Init)
    GPIO_PinAFConfig                         0x0800070d   Thumb Code    70  stm32f4xx_gpio.o(i.GPIO_PinAFConfig)
    GPIO_ResetBits                           0x08000753   Thumb Code     4  stm32f4xx_gpio.o(i.GPIO_ResetBits)
    GPIO_SetBits                             0x08000757   Thumb Code     4  stm32f4xx_gpio.o(i.GPIO_SetBits)
    HardFault_Handler                        0x0800075b   Thumb Code     4  stm32f4xx_it.o(i.HardFault_Handler)
    InitAll                                  0x0800075f   Thumb Code    32  main.o(i.InitAll)
    InitAll_Clock                            0x08000781   Thumb Code    10  initall.o(i.InitAll_Clock)
    InitAll_Cylinder                         0x08000791   Thumb Code    16  initall.o(i.InitAll_Cylinder)
    InitAll_KEY                              0x080007a9   Thumb Code    16  initall.o(i.InitAll_KEY)
    InitAll_LED                              0x080007c1   Thumb Code     2  initall.o(i.InitAll_LED)
    InitAll_MSD                              0x080007c5   Thumb Code    16  initall.o(i.InitAll_MSD)
    InitAll_Order                            0x080007dd   Thumb Code   480  initall.o(i.InitAll_Order)
    InitAll_USART                            0x080009c1   Thumb Code    10  initall.o(i.InitAll_USART)
    InitBit                                  0x080009d1   Thumb Code    12  nuxietube.o(i.InitBit)
    InitClock                                0x080009dd   Thumb Code    50  clock.o(i.InitClock)
    InitCylinder                             0x08000a0f   Thumb Code    18  cylinder.o(i.InitCylinder)
    InitKEY                                  0x08000a21   Thumb Code    18  key.o(i.InitKEY)
    InitLED                                  0x08000a33   Thumb Code    50  led.o(i.InitLED)
    InitMSD                                  0x08000a65   Thumb Code    24  microstepdriver.o(i.InitMSD)
    InitNuxieTube                            0x08000a7d   Thumb Code    84  nuxietube.o(i.InitNuxieTube)
    InitUsart                                0x08000ad1   Thumb Code    12  usart.o(i.InitUsart)
    InvokerClear                             0x08000add   Thumb Code     2  order.o(i.InvokerClear)
    InvokerDoOrder                           0x08000adf   Thumb Code    10  order.o(i.InvokerDoOrder)
    InvokerSetOrder                          0x08000ae9   Thumb Code    12  order.o(i.InvokerSetOrder)
    KEY_EXTI_Config                          0x08000af5   Thumb Code    56  key.o(i.KEY_EXTI_Config)
    KEY_GPIO_Config                          0x08000b2d   Thumb Code    38  key.o(i.KEY_GPIO_Config)
    KEY_NVIC_Config                          0x08000b53   Thumb Code    48  key.o(i.KEY_NVIC_Config)
    LED_OFF                                  0x08000b83   Thumb Code    10  led.o(i.LED_OFF)
    LED_ON                                   0x08000b8d   Thumb Code    10  led.o(i.LED_ON)
    LED_Toggle                               0x08000b97   Thumb Code    14  led.o(i.LED_Toggle)
    MSD_ENA                                  0x08000ba5   Thumb Code    56  microstepdriver.o(i.MSD_ENA)
    MSD_GPIO_Config                          0x08000c2d   Thumb Code   172  microstepdriver.o(i.MSD_GPIO_Config)
    MSD_IRQHandler                           0x08000cd9   Thumb Code   204  microstepdriver.o(i.MSD_IRQHandler)
    MSD_Mode_Config                          0x08000db5   Thumb Code   144  microstepdriver.o(i.MSD_Mode_Config)
    MSD_Move                                 0x08000e45   Thumb Code    80  microstepdriver.o(i.MSD_Move)
    MSD_NVIC_Config                          0x08000e99   Thumb Code    40  microstepdriver.o(i.MSD_NVIC_Config)
    MSD_waitStop                             0x08000ec1   Thumb Code    20  microstepdriver.o(i.MSD_waitStop)
    MemManage_Handler                        0x08000ed5   Thumb Code     4  stm32f4xx_it.o(i.MemManage_Handler)
    NMI_Handler                              0x08000ed9   Thumb Code     2  stm32f4xx_it.o(i.NMI_Handler)
    NVIC_Init                                0x08000edd   Thumb Code   106  misc.o(i.NVIC_Init)
    NVIC_PriorityGroupConfig                 0x08000f55   Thumb Code    10  misc.o(i.NVIC_PriorityGroupConfig)
    NewInvoker                               0x08000f69   Thumb Code    46  order.o(i.NewInvoker)
    NewOrder                                 0x08000fa5   Thumb Code    20  order.o(i.NewOrder)
    NewOrderACA                              0x08000fc5   Thumb Code    20  order.o(i.NewOrderACA)
    NewOrderACS                              0x08000fe1   Thumb Code    20  order.o(i.NewOrderACS)
    NewOrderDCA                              0x08000ffd   Thumb Code    20  order.o(i.NewOrderDCA)
    NewOrderDCS                              0x08001019   Thumb Code    20  order.o(i.NewOrderDCS)
    NewOrderDM2                              0x08001035   Thumb Code    20  order.o(i.NewOrderDM2)
    NewOrderDMA                              0x08001051   Thumb Code    20  order.o(i.NewOrderDMA)
    NewOrderDMF                              0x0800106d   Thumb Code    20  order.o(i.NewOrderDMF)
    NewOrderDMR                              0x08001089   Thumb Code    20  order.o(i.NewOrderDMR)
    NewOrderDMS                              0x080010a5   Thumb Code    20  order.o(i.NewOrderDMS)
    NewOrderEND                              0x080010c1   Thumb Code    20  order.o(i.NewOrderEND)
    NewOrderERR                              0x080010dd   Thumb Code    20  order.o(i.NewOrderERR)
    NewOrderLCA                              0x080010f9   Thumb Code    20  order.o(i.NewOrderLCA)
    NewOrderLCS                              0x08001115   Thumb Code    20  order.o(i.NewOrderLCS)
    NewOrderLM2                              0x08001131   Thumb Code    20  order.o(i.NewOrderLM2)
    NewOrderLMA                              0x0800114d   Thumb Code    20  order.o(i.NewOrderLMA)
    NewOrderLMF                              0x08001169   Thumb Code    20  order.o(i.NewOrderLMF)
    NewOrderLMR                              0x08001185   Thumb Code    20  order.o(i.NewOrderLMR)
    NewOrderLMS                              0x080011a1   Thumb Code    20  order.o(i.NewOrderLMS)
    NewOrderRES                              0x080011bd   Thumb Code    20  order.o(i.NewOrderRES)
    NewOrderSTA                              0x080011d9   Thumb Code    20  order.o(i.NewOrderSTA)
    NewVectorOrder                           0x080011f5   Thumb Code    48  orders.o(i.NewVectorOrder)
    OrderACADo                               0x08001239   Thumb Code    28  order.o(i.OrderACADo)
    OrderACSDo                               0x08001269   Thumb Code    28  order.o(i.OrderACSDo)
    OrderDCADo                               0x08001299   Thumb Code    22  order.o(i.OrderDCADo)
    OrderDCSDo                               0x080012c1   Thumb Code    22  order.o(i.OrderDCSDo)
    OrderDM2Do                               0x080012e9   Thumb Code    62  order.o(i.OrderDM2Do)
    OrderDMADo                               0x08001339   Thumb Code    38  order.o(i.OrderDMADo)
    OrderDMFDo                               0x0800136d   Thumb Code    28  order.o(i.OrderDMFDo)
    OrderDMRDo                               0x08001395   Thumb Code    30  order.o(i.OrderDMRDo)
    OrderDMSDo                               0x080013c1   Thumb Code    36  order.o(i.OrderDMSDo)
    OrderDo                                  0x080013f5   Thumb Code    10  order.o(i.OrderDo)
    OrderENDDo                               0x0800140d   Thumb Code    16  order.o(i.OrderENDDo)
    OrderERRDo                               0x08001429   Thumb Code    10  order.o(i.OrderERRDo)
    OrderLCADo                               0x0800143d   Thumb Code    22  order.o(i.OrderLCADo)
    OrderLCSDo                               0x08001465   Thumb Code    22  order.o(i.OrderLCSDo)
    OrderLM2Do                               0x0800148d   Thumb Code    64  order.o(i.OrderLM2Do)
    OrderLMADo                               0x080014dd   Thumb Code    38  order.o(i.OrderLMADo)
    OrderLMFDo                               0x08001511   Thumb Code    28  order.o(i.OrderLMFDo)
    OrderLMRDo                               0x08001539   Thumb Code    30  order.o(i.OrderLMRDo)
    OrderLMSDo                               0x08001565   Thumb Code    36  order.o(i.OrderLMSDo)
    OrderRESDo                               0x08001599   Thumb Code    16  order.o(i.OrderRESDo)
    OrderSTADo                               0x080015b5   Thumb Code    16  order.o(i.OrderSTADo)
    PendSV_Handler                           0x080015d1   Thumb Code     2  stm32f4xx_it.o(i.PendSV_Handler)
    RCC_AHB1PeriphClockCmd                   0x080015d5   Thumb Code    26  stm32f4xx_rcc.o(i.RCC_AHB1PeriphClockCmd)
    RCC_APB1PeriphClockCmd                   0x080015f5   Thumb Code    26  stm32f4xx_rcc.o(i.RCC_APB1PeriphClockCmd)
    RCC_APB2PeriphClockCmd                   0x08001615   Thumb Code    26  stm32f4xx_rcc.o(i.RCC_APB2PeriphClockCmd)
    RCC_GetClocksFreq                        0x08001635   Thumb Code   214  stm32f4xx_rcc.o(i.RCC_GetClocksFreq)
    ResetClock                               0x0800171d   Thumb Code    40  clock.o(i.ResetClock)
    SVC_Handler                              0x08001749   Thumb Code     2  stm32f4xx_it.o(i.SVC_Handler)
    SYSCFG_EXTILineConfig                    0x0800174d   Thumb Code    60  stm32f4xx_syscfg.o(i.SYSCFG_EXTILineConfig)
    SetBit                                   0x0800178d   Thumb Code    24  nuxietube.o(i.SetBit)
    SetNuxieTube                             0x080017a5   Thumb Code    34  nuxietube.o(i.SetNuxieTube)
    ShowNuxieTube                            0x080018e9   Thumb Code   140  nuxietube.o(i.ShowNuxieTube)
    StartClock                               0x0800197d   Thumb Code     8  clock.o(i.StartClock)
    SysTick_Handler                          0x08001985   Thumb Code     2  stm32f4xx_it.o(i.SysTick_Handler)
    SystemInit                               0x08001989   Thumb Code    88  system_stm32f4xx.o(i.SystemInit)
    TIM1_UP_TIM10_IRQHandler                 0x080019f1   Thumb Code    10  stm32f4xx_it.o(i.TIM1_UP_TIM10_IRQHandler)
    TIM2_IRQHandler                          0x08001a01   Thumb Code    10  stm32f4xx_it.o(i.TIM2_IRQHandler)
    TIM3_IRQHandler                          0x08001a11   Thumb Code    10  stm32f4xx_it.o(i.TIM3_IRQHandler)
    TIM_ARRPreloadConfig                     0x08001a21   Thumb Code    24  stm32f4xx_tim.o(i.TIM_ARRPreloadConfig)
    TIM_ClearFlag                            0x08001a39   Thumb Code     6  stm32f4xx_tim.o(i.TIM_ClearFlag)
    TIM_ClearITPendingBit                    0x08001a3f   Thumb Code     6  stm32f4xx_tim.o(i.TIM_ClearITPendingBit)
    TIM_Cmd                                  0x08001a45   Thumb Code    24  stm32f4xx_tim.o(i.TIM_Cmd)
    TIM_GetITStatus                          0x08001a5d   Thumb Code    34  stm32f4xx_tim.o(i.TIM_GetITStatus)
    TIM_ITConfig                             0x08001a7f   Thumb Code    18  stm32f4xx_tim.o(i.TIM_ITConfig)
    TIM_OC4Init                              0x08001b11   Thumb Code   112  stm32f4xx_tim.o(i.TIM_OC4Init)
    TIM_OC4PreloadConfig                     0x08001b89   Thumb Code    26  stm32f4xx_tim.o(i.TIM_OC4PreloadConfig)
    TIM_SetAutoreload                        0x08001ba3   Thumb Code     4  stm32f4xx_tim.o(i.TIM_SetAutoreload)
    TIM_SetCompare4                          0x08001ba7   Thumb Code     4  stm32f4xx_tim.o(i.TIM_SetCompare4)
    TIM_TimeBaseInit                         0x08001bad   Thumb Code   104  stm32f4xx_tim.o(i.TIM_TimeBaseInit)
    TIM_TimeBaseStructInit                   0x08001c31   Thumb Code    18  stm32f4xx_tim.o(i.TIM_TimeBaseStructInit)
    TIM_UpdateRequestConfig                  0x08001c43   Thumb Code    24  stm32f4xx_tim.o(i.TIM_UpdateRequestConfig)
    USART1_IRQHandler                        0x08001c5d   Thumb Code   252  stm32f4xx_it.o(i.USART1_IRQHandler)
    USART_Cmd                                0x08001d65   Thumb Code    24  stm32f4xx_usart.o(i.USART_Cmd)
    USART_GetFlagStatus                      0x08001d7d   Thumb Code    26  stm32f4xx_usart.o(i.USART_GetFlagStatus)
    USART_GetITStatus                        0x08001d97   Thumb Code    84  stm32f4xx_usart.o(i.USART_GetITStatus)
    USART_ITConfig                           0x08001deb   Thumb Code    74  stm32f4xx_usart.o(i.USART_ITConfig)
    USART_Init                               0x08001e35   Thumb Code   204  stm32f4xx_usart.o(i.USART_Init)
    USART_ReceiveData                        0x08001f09   Thumb Code    10  stm32f4xx_usart.o(i.USART_ReceiveData)
    USART_SendData                           0x08001f13   Thumb Code     8  stm32f4xx_usart.o(i.USART_SendData)
    UsageFault_Handler                       0x08001f1b   Thumb Code     4  stm32f4xx_it.o(i.UsageFault_Handler)
    Usart_Config                             0x08001f1f   Thumb Code   168  usart.o(i.Usart_Config)
    Usart_FlushRxBuffer                      0x08001fc7   Thumb Code    20  usart.o(i.Usart_FlushRxBuffer)
    Usart_NVIC_Config                        0x08001fdb   Thumb Code    46  usart.o(i.Usart_NVIC_Config)
    Usart_SendByte                           0x08002009   Thumb Code    30  usart.o(i.Usart_SendByte)
    VectorOrderClear                         0x08002027   Thumb Code    20  orders.o(i.VectorOrderClear)
    VectorOrderFind                          0x0800203b   Thumb Code    76  orders.o(i.VectorOrderFind)
    VectorOrderPushBack                      0x08002087   Thumb Code    90  orders.o(i.VectorOrderPushBack)
    VectorOrderSetData                       0x080020e1   Thumb Code    78  orders.o(i.VectorOrderSetData)
    VectorOrderSize                          0x0800212f   Thumb Code     6  orders.o(i.VectorOrderSize)
    __0printf$bare                           0x08002135   Thumb Code     8  printfb.o(i.__0printf$bare)
    __1printf$bare                           0x08002135   Thumb Code     0  printfb.o(i.__0printf$bare)
    __2printf                                0x08002135   Thumb Code     0  printfb.o(i.__0printf$bare)
    __scatterload_copy                       0x08002145   Thumb Code    14  handlers.o(i.__scatterload_copy)
    __scatterload_null                       0x08002153   Thumb Code     2  handlers.o(i.__scatterload_null)
    __scatterload_zeroinit                   0x08002155   Thumb Code    14  handlers.o(i.__scatterload_zeroinit)
    fputc                                    0x08002185   Thumb Code    34  usart.o(i.fputc)
    free                                     0x080021ad   Thumb Code    76  malloc.o(i.free)
    main                                     0x080021fd   Thumb Code    12  main.o(i.main)
    malloc                                   0x08002209   Thumb Code    92  malloc.o(i.malloc)
    key_MSD_Enable                           0x08002274   Data          40  config.o(.constdata)
    key_MSD_Disable                          0x0800229c   Data          40  config.o(.constdata)
    SHOW                                     0x080022c4   Data          25  nuxietube.o(.constdata)
    Region$$Table$$Base                      0x08002320   Number         0  anon$$obj.o(Region$$Table)
    Region$$Table$$Limit                     0x08002340   Number         0  anon$$obj.o(Region$$Table)
    delayTime_180                            0x20000010   Data       40000  microstepdriver.o(.data)
    delayTime_90                             0x20009c50   Data       20000  microstepdriver.o(.data)
    delayTime_trim                           0x2000ea70   Data         100  microstepdriver.o(.data)
    delayTime_Idx                            0x2000ead4   Data           4  microstepdriver.o(.data)
    g_LED_R                                  0x2000eadc   Data          12  config.o(.data)
    g_LED_G                                  0x2000eae8   Data          12  config.o(.data)
    g_LED_B                                  0x2000eaf4   Data          12  config.o(.data)
    g_LED_Flag                               0x2000eb00   Data          12  config.o(.data)
    clock                                    0x2000eb0c   Data         200  config.o(.data)
    usart1                                   0x2000ebd4   Data        1084  config.o(.data)
    cylinder_D                               0x2000f010   Data          12  config.o(.data)
    cylinder_L                               0x2000f01c   Data          12  config.o(.data)
    MSD_D                                    0x2000f028   Data          96  config.o(.data)
    MSD_L                                    0x2000f088   Data          96  config.o(.data)
    __stdout                                 0x2000f0f0   Data           4  stdout.o(.data)
    __microlib_freelist                      0x2000f0f4   Data           4  mvars.o(.data)
    __microlib_freelist_initialised          0x2000f0f8   Data           4  mvars.o(.data)
    g_orders                                 0x2000f0fc   Data          32  orders.o(.bss)
    __heap_base                              0x2000f120   Data           0  startup_stm32f429_439xx.o(HEAP)
    __heap_limit                             0x2000f320   Data           0  startup_stm32f429_439xx.o(HEAP)
    __initial_sp                             0x2000f720   Data           0  startup_stm32f429_439xx.o(STACK)



==============================================================================

Memory Map of the image

  Image Entry point : 0x080001ad

  Load Region LR_IROM1 (Base: 0x08000000, Size: 0x0001143c, Max: 0x00100000, ABSOLUTE, COMPRESSED[0x00002994])

    Execution Region ER_IROM1 (Base: 0x08000000, Size: 0x00002340, Max: 0x00100000, ABSOLUTE)

    Base Addr    Size         Type   Attr      Idx    E Section Name        Object

    0x08000000   0x000001ac   Data   RO            3    RESET               startup_stm32f429_439xx.o
    0x080001ac   0x00000000   Code   RO         6206  * .ARM.Collect$$$$00000000  mc_w.l(entry.o)
    0x080001ac   0x00000004   Code   RO         6507    .ARM.Collect$$$$00000001  mc_w.l(entry2.o)
    0x080001b0   0x00000004   Code   RO         6510    .ARM.Collect$$$$00000004  mc_w.l(entry5.o)
    0x080001b4   0x00000000   Code   RO         6512    .ARM.Collect$$$$00000008  mc_w.l(entry7b.o)
    0x080001b4   0x00000000   Code   RO         6514    .ARM.Collect$$$$0000000A  mc_w.l(entry8b.o)
    0x080001b4   0x00000008   Code   RO         6515    .ARM.Collect$$$$0000000B  mc_w.l(entry9a.o)
    0x080001bc   0x00000000   Code   RO         6517    .ARM.Collect$$$$0000000D  mc_w.l(entry10a.o)
    0x080001bc   0x00000000   Code   RO         6519    .ARM.Collect$$$$0000000F  mc_w.l(entry11a.o)
    0x080001bc   0x00000004   Code   RO         6508    .ARM.Collect$$$$00002712  mc_w.l(entry2.o)
    0x080001c0   0x00000024   Code   RO            4    .text               startup_stm32f429_439xx.o
    0x080001e4   0x00000024   Code   RO         6209    .text               mc_w.l(memcpya.o)
    0x08000208   0x00000024   Code   RO         6211    .text               mc_w.l(memseta.o)
    0x0800022c   0x0000000e   Code   RO         6213    .text               mc_w.l(strlen.o)
    0x0800023a   0x0000001c   Code   RO         6215    .text               mc_w.l(strcmp.o)
    0x08000256   0x00000002   PAD
    0x08000258   0x00000024   Code   RO         6539    .text               mc_w.l(init.o)
    0x0800027c   0x00000056   Code   RO         6557    .text               mc_w.l(__dczerorl2.o)
    0x080002d2   0x0000000c   Code   RO         6082    i.Bit_OFF           nuxietube.o
    0x080002de   0x0000000c   Code   RO         6083    i.Bit_ON            nuxietube.o
    0x080002ea   0x00000004   Code   RO         5373    i.BusFault_Handler  stm32f4xx_it.o
    0x080002ee   0x00000002   PAD
    0x080002f0   0x000000a8   Code   RO         6149    i.Clock_IRQHandler  clock.o
    0x08000398   0x00000032   Code   RO         5938    i.Cylinder_GPIO_Config  cylinder.o
    0x080003ca   0x0000000a   Code   RO         5939    i.Cylinder_OFF      cylinder.o
    0x080003d4   0x0000000a   Code   RO         5940    i.Cylinder_ON       cylinder.o
    0x080003de   0x00000002   PAD
    0x080003e0   0x0000010c   Code   RO         5484    i.DealSerialData    dealserialdata.o
    0x080004ec   0x00000002   Code   RO         5374    i.DebugMon_Handler  stm32f4xx_it.o
    0x080004ee   0x00000010   Code   RO         5638    i.Delay             order.o
    0x080004fe   0x00000002   PAD
    0x08000500   0x0000005c   Code   RO         5375    i.EXTI0_IRQHandler  stm32f4xx_it.o
    0x0800055c   0x00000060   Code   RO         5376    i.EXTI15_10_IRQHandler  stm32f4xx_it.o
    0x080005bc   0x0000000c   Code   RO         1464    i.EXTI_ClearITPendingBit  stm32f4xx_exti.o
    0x080005c8   0x00000018   Code   RO         1468    i.EXTI_GetITStatus  stm32f4xx_exti.o
    0x080005e0   0x00000094   Code   RO         1469    i.EXTI_Init         stm32f4xx_exti.o
    0x08000674   0x00000008   Code   RO         6150    i.EndClock          clock.o
    0x0800067c   0x00000090   Code   RO         1971    i.GPIO_Init         stm32f4xx_gpio.o
    0x0800070c   0x00000046   Code   RO         1972    i.GPIO_PinAFConfig  stm32f4xx_gpio.o
    0x08000752   0x00000004   Code   RO         1978    i.GPIO_ResetBits    stm32f4xx_gpio.o
    0x08000756   0x00000004   Code   RO         1979    i.GPIO_SetBits      stm32f4xx_gpio.o
    0x0800075a   0x00000004   Code   RO         5377    i.HardFault_Handler  stm32f4xx_it.o
    0x0800075e   0x00000020   Code   RO         5045    i.InitAll           main.o
    0x0800077e   0x00000002   PAD
    0x08000780   0x00000010   Code   RO         5569    i.InitAll_Clock     initall.o
    0x08000790   0x00000018   Code   RO         5570    i.InitAll_Cylinder  initall.o
    0x080007a8   0x00000018   Code   RO         5571    i.InitAll_KEY       initall.o
    0x080007c0   0x00000002   Code   RO         5572    i.InitAll_LED       initall.o
    0x080007c2   0x00000002   PAD
    0x080007c4   0x00000018   Code   RO         5573    i.InitAll_MSD       initall.o
    0x080007dc   0x000001e4   Code   RO         5574    i.InitAll_Order     initall.o
    0x080009c0   0x00000010   Code   RO         5575    i.InitAll_USART     initall.o
    0x080009d0   0x0000000c   Code   RO         6084    i.InitBit           nuxietube.o
    0x080009dc   0x00000032   Code   RO         6151    i.InitClock         clock.o
    0x08000a0e   0x00000012   Code   RO         5942    i.InitCylinder      cylinder.o
    0x08000a20   0x00000012   Code   RO         5182    i.InitKEY           key.o
    0x08000a32   0x00000032   Code   RO         5125    i.InitLED           led.o
    0x08000a64   0x00000018   Code   RO         5296    i.InitMSD           microstepdriver.o
    0x08000a7c   0x00000054   Code   RO         6085    i.InitNuxieTube     nuxietube.o
    0x08000ad0   0x0000000c   Code   RO         5224    i.InitUsart         usart.o
    0x08000adc   0x00000002   Code   RO         5639    i.InvokerClear      order.o
    0x08000ade   0x0000000a   Code   RO         5640    i.InvokerDoOrder    order.o
    0x08000ae8   0x0000000c   Code   RO         5641    i.InvokerSetOrder   order.o
    0x08000af4   0x00000038   Code   RO         5183    i.KEY_EXTI_Config   key.o
    0x08000b2c   0x00000026   Code   RO         5184    i.KEY_GPIO_Config   key.o
    0x08000b52   0x00000030   Code   RO         5185    i.KEY_NVIC_Config   key.o
    0x08000b82   0x0000000a   Code   RO         5126    i.LED_OFF           led.o
    0x08000b8c   0x0000000a   Code   RO         5127    i.LED_ON            led.o
    0x08000b96   0x0000000e   Code   RO         5129    i.LED_Toggle        led.o
    0x08000ba4   0x00000088   Code   RO         5297    i.MSD_ENA           microstepdriver.o
    0x08000c2c   0x000000ac   Code   RO         5298    i.MSD_GPIO_Config   microstepdriver.o
    0x08000cd8   0x000000dc   Code   RO         5299    i.MSD_IRQHandler    microstepdriver.o
    0x08000db4   0x00000090   Code   RO         5300    i.MSD_Mode_Config   microstepdriver.o
    0x08000e44   0x00000054   Code   RO         5301    i.MSD_Move          microstepdriver.o
    0x08000e98   0x00000028   Code   RO         5302    i.MSD_NVIC_Config   microstepdriver.o
    0x08000ec0   0x00000014   Code   RO         5303    i.MSD_waitStop      microstepdriver.o
    0x08000ed4   0x00000004   Code   RO         5378    i.MemManage_Handler  stm32f4xx_it.o
    0x08000ed8   0x00000002   Code   RO         5379    i.NMI_Handler       stm32f4xx_it.o
    0x08000eda   0x00000002   PAD
    0x08000edc   0x00000078   Code   RO          164    i.NVIC_Init         misc.o
    0x08000f54   0x00000014   Code   RO          165    i.NVIC_PriorityGroupConfig  misc.o
    0x08000f68   0x0000003c   Code   RO         5642    i.NewInvoker        order.o
    0x08000fa4   0x00000020   Code   RO         5643    i.NewOrder          order.o
    0x08000fc4   0x0000001c   Code   RO         5644    i.NewOrderACA       order.o
    0x08000fe0   0x0000001c   Code   RO         5645    i.NewOrderACS       order.o
    0x08000ffc   0x0000001c   Code   RO         5646    i.NewOrderDCA       order.o
    0x08001018   0x0000001c   Code   RO         5647    i.NewOrderDCS       order.o
    0x08001034   0x0000001c   Code   RO         5648    i.NewOrderDM2       order.o
    0x08001050   0x0000001c   Code   RO         5649    i.NewOrderDMA       order.o
    0x0800106c   0x0000001c   Code   RO         5650    i.NewOrderDMF       order.o
    0x08001088   0x0000001c   Code   RO         5651    i.NewOrderDMR       order.o
    0x080010a4   0x0000001c   Code   RO         5652    i.NewOrderDMS       order.o
    0x080010c0   0x0000001c   Code   RO         5653    i.NewOrderEND       order.o
    0x080010dc   0x0000001c   Code   RO         5654    i.NewOrderERR       order.o
    0x080010f8   0x0000001c   Code   RO         5655    i.NewOrderLCA       order.o
    0x08001114   0x0000001c   Code   RO         5656    i.NewOrderLCS       order.o
    0x08001130   0x0000001c   Code   RO         5657    i.NewOrderLM2       order.o
    0x0800114c   0x0000001c   Code   RO         5658    i.NewOrderLMA       order.o
    0x08001168   0x0000001c   Code   RO         5659    i.NewOrderLMF       order.o
    0x08001184   0x0000001c   Code   RO         5660    i.NewOrderLMR       order.o
    0x080011a0   0x0000001c   Code   RO         5661    i.NewOrderLMS       order.o
    0x080011bc   0x0000001c   Code   RO         5662    i.NewOrderRES       order.o
    0x080011d8   0x0000001c   Code   RO         5663    i.NewOrderSTA       order.o
    0x080011f4   0x00000044   Code   RO         5999    i.NewVectorOrder    orders.o
    0x08001238   0x00000030   Code   RO         5664    i.OrderACADo        order.o
    0x08001268   0x00000030   Code   RO         5665    i.OrderACSDo        order.o
    0x08001298   0x00000028   Code   RO         5666    i.OrderDCADo        order.o
    0x080012c0   0x00000028   Code   RO         5667    i.OrderDCSDo        order.o
    0x080012e8   0x00000050   Code   RO         5668    i.OrderDM2Do        order.o
    0x08001338   0x00000034   Code   RO         5669    i.OrderDMADo        order.o
    0x0800136c   0x00000028   Code   RO         5670    i.OrderDMFDo        order.o
    0x08001394   0x0000002c   Code   RO         5671    i.OrderDMRDo        order.o
    0x080013c0   0x00000034   Code   RO         5672    i.OrderDMSDo        order.o
    0x080013f4   0x00000018   Code   RO         5673    i.OrderDo           order.o
    0x0800140c   0x0000001c   Code   RO         5674    i.OrderENDDo        order.o
    0x08001428   0x00000014   Code   RO         5675    i.OrderERRDo        order.o
    0x0800143c   0x00000028   Code   RO         5676    i.OrderLCADo        order.o
    0x08001464   0x00000028   Code   RO         5677    i.OrderLCSDo        order.o
    0x0800148c   0x00000050   Code   RO         5678    i.OrderLM2Do        order.o
    0x080014dc   0x00000034   Code   RO         5679    i.OrderLMADo        order.o
    0x08001510   0x00000028   Code   RO         5680    i.OrderLMFDo        order.o
    0x08001538   0x0000002c   Code   RO         5681    i.OrderLMRDo        order.o
    0x08001564   0x00000034   Code   RO         5682    i.OrderLMSDo        order.o
    0x08001598   0x0000001c   Code   RO         5683    i.OrderRESDo        order.o
    0x080015b4   0x0000001c   Code   RO         5684    i.OrderSTADo        order.o
    0x080015d0   0x00000002   Code   RO         5380    i.PendSV_Handler    stm32f4xx_it.o
    0x080015d2   0x00000002   PAD
    0x080015d4   0x00000020   Code   RO         2864    i.RCC_AHB1PeriphClockCmd  stm32f4xx_rcc.o
    0x080015f4   0x00000020   Code   RO         2873    i.RCC_APB1PeriphClockCmd  stm32f4xx_rcc.o
    0x08001614   0x00000020   Code   RO         2876    i.RCC_APB2PeriphClockCmd  stm32f4xx_rcc.o
    0x08001634   0x000000e8   Code   RO         2885    i.RCC_GetClocksFreq  stm32f4xx_rcc.o
    0x0800171c   0x0000002c   Code   RO         6152    i.ResetClock        clock.o
    0x08001748   0x00000002   Code   RO         5381    i.SVC_Handler       stm32f4xx_it.o
    0x0800174a   0x00000002   PAD
    0x0800174c   0x00000040   Code   RO         4163    i.SYSCFG_EXTILineConfig  stm32f4xx_syscfg.o
    0x0800178c   0x00000018   Code   RO         6086    i.SetBit            nuxietube.o
    0x080017a4   0x00000022   Code   RO         6087    i.SetNuxieTube      nuxietube.o
    0x080017c6   0x00000002   PAD
    0x080017c8   0x00000120   Code   RO           13    i.SetSysClock       system_stm32f4xx.o
    0x080018e8   0x00000094   Code   RO         6088    i.ShowNuxieTube     nuxietube.o
    0x0800197c   0x00000008   Code   RO         6153    i.StartClock        clock.o
    0x08001984   0x00000002   Code   RO         5382    i.SysTick_Handler   stm32f4xx_it.o
    0x08001986   0x00000002   PAD
    0x08001988   0x00000068   Code   RO           15    i.SystemInit        system_stm32f4xx.o
    0x080019f0   0x00000010   Code   RO         5383    i.TIM1_UP_TIM10_IRQHandler  stm32f4xx_it.o
    0x08001a00   0x00000010   Code   RO         5384    i.TIM2_IRQHandler   stm32f4xx_it.o
    0x08001a10   0x00000010   Code   RO         5385    i.TIM3_IRQHandler   stm32f4xx_it.o
    0x08001a20   0x00000018   Code   RO         4224    i.TIM_ARRPreloadConfig  stm32f4xx_tim.o
    0x08001a38   0x00000006   Code   RO         4230    i.TIM_ClearFlag     stm32f4xx_tim.o
    0x08001a3e   0x00000006   Code   RO         4231    i.TIM_ClearITPendingBit  stm32f4xx_tim.o
    0x08001a44   0x00000018   Code   RO         4236    i.TIM_Cmd           stm32f4xx_tim.o
    0x08001a5c   0x00000022   Code   RO         4257    i.TIM_GetITStatus   stm32f4xx_tim.o
    0x08001a7e   0x00000012   Code   RO         4261    i.TIM_ITConfig      stm32f4xx_tim.o
    0x08001a90   0x00000050   Code   RO         6154    i.TIM_Mode_Config   clock.o
    0x08001ae0   0x0000002e   Code   RO         6155    i.TIM_NVIC_Configuration  clock.o
    0x08001b0e   0x00000002   PAD
    0x08001b10   0x00000078   Code   RO         4280    i.TIM_OC4Init       stm32f4xx_tim.o
    0x08001b88   0x0000001a   Code   RO         4282    i.TIM_OC4PreloadConfig  stm32f4xx_tim.o
    0x08001ba2   0x00000004   Code   RO         4296    i.TIM_SetAutoreload  stm32f4xx_tim.o
    0x08001ba6   0x00000004   Code   RO         4301    i.TIM_SetCompare4   stm32f4xx_tim.o
    0x08001baa   0x00000002   PAD
    0x08001bac   0x00000084   Code   RO         4308    i.TIM_TimeBaseInit  stm32f4xx_tim.o
    0x08001c30   0x00000012   Code   RO         4309    i.TIM_TimeBaseStructInit  stm32f4xx_tim.o
    0x08001c42   0x00000018   Code   RO         4311    i.TIM_UpdateRequestConfig  stm32f4xx_tim.o
    0x08001c5a   0x00000002   PAD
    0x08001c5c   0x00000108   Code   RO         5386    i.USART1_IRQHandler  stm32f4xx_it.o
    0x08001d64   0x00000018   Code   RO         4790    i.USART_Cmd         stm32f4xx_usart.o
    0x08001d7c   0x0000001a   Code   RO         4793    i.USART_GetFlagStatus  stm32f4xx_usart.o
    0x08001d96   0x00000054   Code   RO         4794    i.USART_GetITStatus  stm32f4xx_usart.o
    0x08001dea   0x0000004a   Code   RO         4796    i.USART_ITConfig    stm32f4xx_usart.o
    0x08001e34   0x000000d4   Code   RO         4797    i.USART_Init        stm32f4xx_usart.o
    0x08001f08   0x0000000a   Code   RO         4804    i.USART_ReceiveData  stm32f4xx_usart.o
    0x08001f12   0x00000008   Code   RO         4807    i.USART_SendData    stm32f4xx_usart.o
    0x08001f1a   0x00000004   Code   RO         5387    i.UsageFault_Handler  stm32f4xx_it.o
    0x08001f1e   0x000000a8   Code   RO         5225    i.Usart_Config      usart.o
    0x08001fc6   0x00000014   Code   RO         5226    i.Usart_FlushRxBuffer  usart.o
    0x08001fda   0x0000002e   Code   RO         5227    i.Usart_NVIC_Config  usart.o
    0x08002008   0x0000001e   Code   RO         5228    i.Usart_SendByte    usart.o
    0x08002026   0x00000014   Code   RO         6000    i.VectorOrderClear  orders.o
    0x0800203a   0x0000004c   Code   RO         6001    i.VectorOrderFind   orders.o
    0x08002086   0x0000005a   Code   RO         6002    i.VectorOrderPushBack  orders.o
    0x080020e0   0x0000004e   Code   RO         6003    i.VectorOrderSetData  orders.o
    0x0800212e   0x00000006   Code   RO         6004    i.VectorOrderSize   orders.o
    0x08002134   0x00000010   Code   RO         6220    i.__0printf$bare    mc_w.l(printfb.o)
    0x08002144   0x0000000e   Code   RO         6551    i.__scatterload_copy  mc_w.l(handlers.o)
    0x08002152   0x00000002   Code   RO         6552    i.__scatterload_null  mc_w.l(handlers.o)
    0x08002154   0x0000000e   Code   RO         6553    i.__scatterload_zeroinit  mc_w.l(handlers.o)
    0x08002162   0x00000022   Code   RO         6227    i._printf_core      mc_w.l(printfb.o)
    0x08002184   0x00000028   Code   RO         5232    i.fputc             usart.o
    0x080021ac   0x00000050   Code   RO         6479    i.free              mc_w.l(malloc.o)
    0x080021fc   0x0000000c   Code   RO         5046    i.main              main.o
    0x08002208   0x0000006c   Code   RO         6480    i.malloc            mc_w.l(malloc.o)
    0x08002274   0x00000050   Data   RO         5526    .constdata          config.o
    0x080022c4   0x00000019   Data   RO         6089    .constdata          nuxietube.o
    0x080022dd   0x00000003   PAD
    0x080022e0   0x00000040   Data   RO         6156    .constdata          clock.o
    0x08002320   0x00000020   Data   RO         6549    Region$$Table       anon$$obj.o


    Execution Region RW_IRAM1 (Base: 0x20000000, Size: 0x0000f720, Max: 0x00030000, ABSOLUTE, COMPRESSED[0x00000654])

    Base Addr    Size         Type   Attr      Idx    E Section Name        Object

    0x20000000   0x00000010   Data   RW         2917    .data               stm32f4xx_rcc.o
    0x20000010   0x0000eac8   Data   RW         5304    .data               microstepdriver.o
    0x2000ead8   0x00000001   Data   RW         5485    .data               dealserialdata.o
    0x2000ead9   0x00000003   PAD
    0x2000eadc   0x0000060c   Data   RW         5527    .data               config.o
    0x2000f0e8   0x00000001   Data   RW         6090    .data               nuxietube.o
    0x2000f0e9   0x00000003   PAD
    0x2000f0ec   0x00000004   Data   RW         6157    .data               clock.o
    0x2000f0f0   0x00000004   Data   RW         6521    .data               mc_w.l(stdout.o)
    0x2000f0f4   0x00000004   Data   RW         6526    .data               mc_w.l(mvars.o)
    0x2000f0f8   0x00000004   Data   RW         6527    .data               mc_w.l(mvars.o)
    0x2000f0fc   0x00000020   Zero   RW         6005    .bss                orders.o
    0x2000f11c   0x00000004   PAD
    0x2000f120   0x00000200   Zero   RW            2    HEAP                startup_stm32f429_439xx.o
    0x2000f320   0x00000400   Zero   RW            1    STACK               startup_stm32f429_439xx.o


==============================================================================

Image component sizes


      Code (inc. data)   RO Data    RW Data    ZI Data      Debug   Object Name

       404         12         64          4          0       4780   clock.o
         0          0         80       1548          0       4006   config.o
        88          0          0          0          0       3619   cylinder.o
       268         54          0          1          0       3921   dealserialdata.o
       590         40          0          0          0       3957   initall.o
       160          0          0          0          0       2744   key.o
        84          0          0          0          0       3830   led.o
        44          0          0          0          0       7539   main.o
       840        100          0      60104          0       6339   microstepdriver.o
       140         24          0          0          0       1911   misc.o
       326          8         25          1          0       5820   nuxietube.o
      1612        504          0          0          0      27828   order.o
       338         20          0          0         32       7322   orders.o
        36          8        428          0       1536       1020   startup_stm32f429_439xx.o
       184         16          0          0          0       2584   stm32f4xx_exti.o
       222          0          0          0          0       3475   stm32f4xx_gpio.o
       526         70          0          0          0       8215   stm32f4xx_it.o
       328         36          0         16          0       5291   stm32f4xx_rcc.o
        64          4          0          0          0        764   stm32f4xx_syscfg.o
       440         36          0          0          0      10007   stm32f4xx_tim.o
       438          8          0          0          0       6417   stm32f4xx_usart.o
       392         32          0          0          0     299065   system_stm32f4xx.o
       316          6          0          0          0       4222   usart.o

    ----------------------------------------------------------------------
      7866        978        632      61680       1572     424676   Object Totals
         0          0         32          0          0          0   (incl. Generated)
        26          0          3          6          4          0   (incl. Padding)

    ----------------------------------------------------------------------

      Code (inc. data)   RO Data    RW Data    ZI Data      Debug   Library Member Name

        86          0          0          0          0          0   __dczerorl2.o
         0          0          0          0          0          0   entry.o
         0          0          0          0          0          0   entry10a.o
         0          0          0          0          0          0   entry11a.o
         8          4          0          0          0          0   entry2.o
         4          0          0          0          0          0   entry5.o
         0          0          0          0          0          0   entry7b.o
         0          0          0          0          0          0   entry8b.o
         8          4          0          0          0          0   entry9a.o
        30          0          0          0          0          0   handlers.o
        36          8          0          0          0         68   init.o
       188         20          0          0          0        160   malloc.o
        36          0          0          0          0         68   memcpya.o
        36          0          0          0          0        108   memseta.o
         0          0          0          8          0          0   mvars.o
        50          8          0          0          0        152   printfb.o
         0          0          0          4          0          0   stdout.o
        28          0          0          0          0         76   strcmp.o
        14          0          0          0          0         68   strlen.o

    ----------------------------------------------------------------------
       526         44          0         12          0        700   Library Totals
         2          0          0          0          0          0   (incl. Padding)

    ----------------------------------------------------------------------

      Code (inc. data)   RO Data    RW Data    ZI Data      Debug   Library Name

       524         44          0         12          0        700   mc_w.l

    ----------------------------------------------------------------------
       526         44          0         12          0        700   Library Totals

    ----------------------------------------------------------------------

==============================================================================


      Code (inc. data)   RO Data    RW Data    ZI Data      Debug   

      8392       1022        632      61692       1572     410700   Grand Totals
      8392       1022        632       1620       1572     410700   ELF Image Totals (compressed)
      8392       1022        632       1620          0          0   ROM Totals

==============================================================================

    Total RO  Size (Code + RO Data)                 9024 (   8.81kB)
    Total RW  Size (RW Data + ZI Data)             63264 (  61.78kB)
    Total ROM Size (Code + RO Data + RW Data)      10644 (  10.39kB)

==============================================================================

